0:0:0:0:0:0:0:1 - - [20/Apr/2020:14:44:45 +0800] "GET /nacos/v1/ns/catalog/services?hasIpCount=false&withInstances=false&pageNo=1&pageSize=10&serviceNameParam=&groupNameParam=&namespaceId= HTTP/1.1" 200 39 335 Mozilla/5.0 (Windows NT 10.0; Win64; x64) AppleWebKit/537.36 (KHTML, like Gecko) Chrome/80.0.3987.163 Safari/537.36
192.168.1.5 - - [20/Apr/2020:14:44:46 +0800] "GET /nacos/v1/cs/health HTTP/1.1" 200 2 9 Apache-HttpAsyncClient/4.1.3 (Java/1.8.0_45)
0:0:0:0:0:0:0:1 - - [20/Apr/2020:14:44:46 +0800] "GET /nacos/ HTTP/1.1" 304 - 57 Mozilla/5.0 (Windows NT 10.0; Win64; x64) AppleWebKit/537.36 (KHTML, like Gecko) Chrome/80.0.3987.163 Safari/537.36
127.0.0.1 - - [20/Apr/2020:14:44:46 +0800] "GET /nacos/v1/console/server/state HTTP/1.1" 200 82 14 Mozilla/5.0 (Windows NT 10.0; Win64; x64) AppleWebKit/537.36 (KHTML, like Gecko) Chrome/80.0.3987.163 Safari/537.36
127.0.0.1 - - [20/Apr/2020:14:44:47 +0800] "GET /nacos/console-fe/public/img/favicon.ico HTTP/1.1" 200 4286 30 Mozilla/5.0 (Windows NT 10.0; Win64; x64) AppleWebKit/537.36 (KHTML, like Gecko) Chrome/80.0.3987.163 Safari/537.36
0:0:0:0:0:0:0:1 - - [20/Apr/2020:14:44:47 +0800] "GET /nacos/v1/console/namespaces?namespaceId= HTTP/1.1" 401 154 613 Mozilla/5.0 (Windows NT 10.0; Win64; x64) AppleWebKit/537.36 (KHTML, like Gecko) Chrome/80.0.3987.163 Safari/537.36
0:0:0:0:0:0:0:1 - - [20/Apr/2020:14:44:47 +0800] "GET /nacos/v1/ns/catalog/services?hasIpCount=false&withInstances=false&pageNo=1&pageSize=10&serviceNameParam=&groupNameParam=&namespaceId= HTTP/1.1" 200 39 9 Mozilla/5.0 (Windows NT 10.0; Win64; x64) AppleWebKit/537.36 (KHTML, like Gecko) Chrome/80.0.3987.163 Safari/537.36
127.0.0.1 - - [20/Apr/2020:14:44:48 +0800] "POST /nacos/v1/cs/configs/listener HTTP/1.1" 200 - 75 Java/1.8.0_45
127.0.0.1 - - [20/Apr/2020:14:44:48 +0800] "GET /nacos/v1/cs/configs?dataId=cloud-sentinel-outfter&group=DEFAULT_GROUP HTTP/1.1" 200 230 169 Java/1.8.0_45
127.0.0.1 - - [20/Apr/2020:14:44:48 +0800] "PUT /nacos/v1/ns/instance/beat?beat=%7B%22cluster%22%3A%22DEFAULT%22%2C%22ip%22%3A%22192.168.1.5%22%2C%22metadata%22%3A%7B%22preserved.register.source%22%3A%22SPRING_CLOUD%22%7D%2C%22period%22%3A5000%2C%22port%22%3A8521%2C%22scheduled%22%3Afalse%2C%22serviceName%22%3A%22DEFAULT_GROUP%40%40cloud-sentinel-outfter%22%2C%22stopped%22%3Afalse%2C%22weight%22%3A1.0%7D&serviceName=DEFAULT_GROUP%40%40cloud-sentinel-outfter&encoding=UTF-8&namespaceId=public HTTP/1.1" 200 38 178 Nacos-Java-Client:v1.1.1
127.0.0.1 - - [20/Apr/2020:14:44:48 +0800] "POST /nacos/v1/ns/instance?groupName=DEFAULT_GROUP&metadata=%7B%22preserved.register.source%22%3A%22SPRING_CLOUD%22%7D&namespaceId=public&port=8521&enable=true&healthy=true&clusterName=DEFAULT&ip=192.168.1.5&weight=1.0&ephemeral=true&serviceName=DEFAULT_GROUP%40%40cloud-sentinel-outfter&encoding=UTF-8 HTTP/1.1" 200 2 190 Nacos-Java-Client:v1.1.1
127.0.0.1 - - [20/Apr/2020:14:44:49 +0800] "GET /nacos/v1/cs/configs?dataId=cloud-sentinel-outfter&group=DEFAULT_GROUP HTTP/1.1" 200 230 7 Java/1.8.0_45
127.0.0.1 - - [20/Apr/2020:14:44:49 +0800] "GET /nacos/v1/ns/service/list?pageSize=2147483647&groupName=DEFAULT_GROUP&encoding=UTF-8&namespaceId=public&pageNo=1 HTTP/1.1" 200 56 7 Nacos-Java-Client:v1.1.1
192.168.1.5 - - [20/Apr/2020:14:44:51 +0800] "GET /nacos/v1/cs/health HTTP/1.1" 200 2 2 Apache-HttpAsyncClient/4.1.3 (Java/1.8.0_45)
0:0:0:0:0:0:0:1 - - [20/Apr/2020:14:44:52 +0800] "POST /nacos/v1/auth/login HTTP/1.1" 200 176 182 Mozilla/5.0 (Windows NT 10.0; Win64; x64) AppleWebKit/537.36 (KHTML, like Gecko) Chrome/80.0.3987.163 Safari/537.36
0:0:0:0:0:0:0:1 - - [20/Apr/2020:14:44:52 +0800] "GET /nacos/v1/console/namespaces?namespaceId= HTTP/1.1" 200 130 35 Mozilla/5.0 (Windows NT 10.0; Win64; x64) AppleWebKit/537.36 (KHTML, like Gecko) Chrome/80.0.3987.163 Safari/537.36
0:0:0:0:0:0:0:1 - - [20/Apr/2020:14:44:52 +0800] "GET /nacos/v1/console/server/state HTTP/1.1" 200 82 5 Mozilla/5.0 (Windows NT 10.0; Win64; x64) AppleWebKit/537.36 (KHTML, like Gecko) Chrome/80.0.3987.163 Safari/537.36
0:0:0:0:0:0:0:1 - - [20/Apr/2020:14:44:52 +0800] "GET /nacos/v1/cs/configs?search=accurate&dataId=&group=&appName=&config_tags=&pageNo=1&pageSize=10&tenant=&namespaceId= HTTP/1.1" 200 451 23 Mozilla/5.0 (Windows NT 10.0; Win64; x64) AppleWebKit/537.36 (KHTML, like Gecko) Chrome/80.0.3987.163 Safari/537.36
127.0.0.1 - - [20/Apr/2020:14:44:53 +0800] "PUT /nacos/v1/ns/instance/beat?beat=%7B%22cluster%22%3A%22DEFAULT%22%2C%22ip%22%3A%22192.168.1.5%22%2C%22metadata%22%3A%7B%22preserved.register.source%22%3A%22SPRING_CLOUD%22%7D%2C%22period%22%3A5000%2C%22port%22%3A8521%2C%22scheduled%22%3Afalse%2C%22serviceName%22%3A%22DEFAULT_GROUP%40%40cloud-sentinel-outfter%22%2C%22stopped%22%3Afalse%2C%22weight%22%3A1.0%7D&serviceName=DEFAULT_GROUP%40%40cloud-sentinel-outfter&encoding=UTF-8&namespaceId=public HTTP/1.1" 200 38 4 Nacos-Java-Client:v1.1.1
192.168.1.5 - - [20/Apr/2020:14:44:56 +0800] "GET /nacos/v1/cs/health HTTP/1.1" 200 2 2 Apache-HttpAsyncClient/4.1.3 (Java/1.8.0_45)
0:0:0:0:0:0:0:1 - - [20/Apr/2020:14:44:58 +0800] "GET /nacos/v1/ns/catalog/services?hasIpCount=false&withInstances=false&pageNo=1&pageSize=10&serviceNameParam=&groupNameParam=&namespaceId= HTTP/1.1" 200 176 9 Mozilla/5.0 (Windows NT 10.0; Win64; x64) AppleWebKit/537.36 (KHTML, like Gecko) Chrome/80.0.3987.163 Safari/537.36
127.0.0.1 - - [20/Apr/2020:14:44:58 +0800] "PUT /nacos/v1/ns/instance/beat?beat=%7B%22cluster%22%3A%22DEFAULT%22%2C%22ip%22%3A%22192.168.1.5%22%2C%22metadata%22%3A%7B%22preserved.register.source%22%3A%22SPRING_CLOUD%22%7D%2C%22period%22%3A5000%2C%22port%22%3A8521%2C%22scheduled%22%3Afalse%2C%22serviceName%22%3A%22DEFAULT_GROUP%40%40cloud-sentinel-outfter%22%2C%22stopped%22%3Afalse%2C%22weight%22%3A1.0%7D&serviceName=DEFAULT_GROUP%40%40cloud-sentinel-outfter&encoding=UTF-8&namespaceId=public HTTP/1.1" 200 38 3 Nacos-Java-Client:v1.1.1
0:0:0:0:0:0:0:1 - - [20/Apr/2020:14:45:00 +0800] "GET /nacos/v1/cs/configs?search=accurate&dataId=&group=&appName=&config_tags=&pageNo=1&pageSize=10&tenant=&namespaceId= HTTP/1.1" 200 451 6 Mozilla/5.0 (Windows NT 10.0; Win64; x64) AppleWebKit/537.36 (KHTML, like Gecko) Chrome/80.0.3987.163 Safari/537.36
192.168.1.5 - - [20/Apr/2020:14:45:01 +0800] "GET /nacos/v1/cs/health HTTP/1.1" 200 2 1 Apache-HttpAsyncClient/4.1.3 (Java/1.8.0_45)
0:0:0:0:0:0:0:1 - - [20/Apr/2020:14:45:03 +0800] "GET /nacos/v1/cs/configs?show=all&dataId=cloud-sentinel-outfter&group=DEFAULT_GROUP&tenant=&namespaceId= HTTP/1.1" 200 600 32 Mozilla/5.0 (Windows NT 10.0; Win64; x64) AppleWebKit/537.36 (KHTML, like Gecko) Chrome/80.0.3987.163 Safari/537.36
127.0.0.1 - - [20/Apr/2020:14:45:03 +0800] "PUT /nacos/v1/ns/instance/beat?beat=%7B%22cluster%22%3A%22DEFAULT%22%2C%22ip%22%3A%22192.168.1.5%22%2C%22metadata%22%3A%7B%22preserved.register.source%22%3A%22SPRING_CLOUD%22%7D%2C%22period%22%3A5000%2C%22port%22%3A8521%2C%22scheduled%22%3Afalse%2C%22serviceName%22%3A%22DEFAULT_GROUP%40%40cloud-sentinel-outfter%22%2C%22stopped%22%3Afalse%2C%22weight%22%3A1.0%7D&serviceName=DEFAULT_GROUP%40%40cloud-sentinel-outfter&encoding=UTF-8&namespaceId=public HTTP/1.1" 200 38 3 Nacos-Java-Client:v1.1.1
192.168.1.5 - - [20/Apr/2020:14:45:06 +0800] "GET /nacos/v1/cs/health HTTP/1.1" 200 2 2 Apache-HttpAsyncClient/4.1.3 (Java/1.8.0_45)
127.0.0.1 - - [20/Apr/2020:14:45:08 +0800] "PUT /nacos/v1/ns/instance/beat?beat=%7B%22cluster%22%3A%22DEFAULT%22%2C%22ip%22%3A%22192.168.1.5%22%2C%22metadata%22%3A%7B%22preserved.register.source%22%3A%22SPRING_CLOUD%22%7D%2C%22period%22%3A5000%2C%22port%22%3A8521%2C%22scheduled%22%3Afalse%2C%22serviceName%22%3A%22DEFAULT_GROUP%40%40cloud-sentinel-outfter%22%2C%22stopped%22%3Afalse%2C%22weight%22%3A1.0%7D&serviceName=DEFAULT_GROUP%40%40cloud-sentinel-outfter&encoding=UTF-8&namespaceId=public HTTP/1.1" 200 38 2 Nacos-Java-Client:v1.1.1
192.168.1.5 - - [20/Apr/2020:14:45:11 +0800] "GET /nacos/v1/cs/health HTTP/1.1" 200 2 2 Apache-HttpAsyncClient/4.1.3 (Java/1.8.0_45)
127.0.0.1 - - [20/Apr/2020:14:45:13 +0800] "PUT /nacos/v1/ns/instance/beat?beat=%7B%22cluster%22%3A%22DEFAULT%22%2C%22ip%22%3A%22192.168.1.5%22%2C%22metadata%22%3A%7B%22preserved.register.source%22%3A%22SPRING_CLOUD%22%7D%2C%22period%22%3A5000%2C%22port%22%3A8521%2C%22scheduled%22%3Afalse%2C%22serviceName%22%3A%22DEFAULT_GROUP%40%40cloud-sentinel-outfter%22%2C%22stopped%22%3Afalse%2C%22weight%22%3A1.0%7D&serviceName=DEFAULT_GROUP%40%40cloud-sentinel-outfter&encoding=UTF-8&namespaceId=public HTTP/1.1" 200 38 3 Nacos-Java-Client:v1.1.1
192.168.1.5 - - [20/Apr/2020:14:45:16 +0800] "GET /nacos/v1/cs/health HTTP/1.1" 200 2 3 Apache-HttpAsyncClient/4.1.3 (Java/1.8.0_45)
127.0.0.1 - - [20/Apr/2020:14:45:17 +0800] "POST /nacos/v1/cs/configs/listener HTTP/1.1" 200 - 29516 Java/1.8.0_45
127.0.0.1 - - [20/Apr/2020:14:45:18 +0800] "PUT /nacos/v1/ns/instance/beat?beat=%7B%22cluster%22%3A%22DEFAULT%22%2C%22ip%22%3A%22192.168.1.5%22%2C%22metadata%22%3A%7B%22preserved.register.source%22%3A%22SPRING_CLOUD%22%7D%2C%22period%22%3A5000%2C%22port%22%3A8521%2C%22scheduled%22%3Afalse%2C%22serviceName%22%3A%22DEFAULT_GROUP%40%40cloud-sentinel-outfter%22%2C%22stopped%22%3Afalse%2C%22weight%22%3A1.0%7D&serviceName=DEFAULT_GROUP%40%40cloud-sentinel-outfter&encoding=UTF-8&namespaceId=public HTTP/1.1" 200 38 2 Nacos-Java-Client:v1.1.1
192.168.1.5 - - [20/Apr/2020:14:45:21 +0800] "GET /nacos/v1/cs/health HTTP/1.1" 200 2 1 Apache-HttpAsyncClient/4.1.3 (Java/1.8.0_45)
127.0.0.1 - - [20/Apr/2020:14:45:23 +0800] "PUT /nacos/v1/ns/instance/beat?beat=%7B%22cluster%22%3A%22DEFAULT%22%2C%22ip%22%3A%22192.168.1.5%22%2C%22metadata%22%3A%7B%22preserved.register.source%22%3A%22SPRING_CLOUD%22%7D%2C%22period%22%3A5000%2C%22port%22%3A8521%2C%22scheduled%22%3Afalse%2C%22serviceName%22%3A%22DEFAULT_GROUP%40%40cloud-sentinel-outfter%22%2C%22stopped%22%3Afalse%2C%22weight%22%3A1.0%7D&serviceName=DEFAULT_GROUP%40%40cloud-sentinel-outfter&encoding=UTF-8&namespaceId=public HTTP/1.1" 200 38 3 Nacos-Java-Client:v1.1.1
192.168.1.5 - - [20/Apr/2020:14:45:26 +0800] "GET /nacos/v1/cs/health HTTP/1.1" 200 2 2 Apache-HttpAsyncClient/4.1.3 (Java/1.8.0_45)
127.0.0.1 - - [20/Apr/2020:14:45:28 +0800] "PUT /nacos/v1/ns/instance/beat?beat=%7B%22cluster%22%3A%22DEFAULT%22%2C%22ip%22%3A%22192.168.1.5%22%2C%22metadata%22%3A%7B%22preserved.register.source%22%3A%22SPRING_CLOUD%22%7D%2C%22period%22%3A5000%2C%22port%22%3A8521%2C%22scheduled%22%3Afalse%2C%22serviceName%22%3A%22DEFAULT_GROUP%40%40cloud-sentinel-outfter%22%2C%22stopped%22%3Afalse%2C%22weight%22%3A1.0%7D&serviceName=DEFAULT_GROUP%40%40cloud-sentinel-outfter&encoding=UTF-8&namespaceId=public HTTP/1.1" 200 38 3 Nacos-Java-Client:v1.1.1
192.168.1.5 - - [20/Apr/2020:14:45:31 +0800] "GET /nacos/v1/cs/health HTTP/1.1" 200 2 2 Apache-HttpAsyncClient/4.1.3 (Java/1.8.0_45)
127.0.0.1 - - [20/Apr/2020:14:45:33 +0800] "PUT /nacos/v1/ns/instance/beat?beat=%7B%22cluster%22%3A%22DEFAULT%22%2C%22ip%22%3A%22192.168.1.5%22%2C%22metadata%22%3A%7B%22preserved.register.source%22%3A%22SPRING_CLOUD%22%7D%2C%22period%22%3A5000%2C%22port%22%3A8521%2C%22scheduled%22%3Afalse%2C%22serviceName%22%3A%22DEFAULT_GROUP%40%40cloud-sentinel-outfter%22%2C%22stopped%22%3Afalse%2C%22weight%22%3A1.0%7D&serviceName=DEFAULT_GROUP%40%40cloud-sentinel-outfter&encoding=UTF-8&namespaceId=public HTTP/1.1" 200 38 3 Nacos-Java-Client:v1.1.1
192.168.1.5 - - [20/Apr/2020:14:45:36 +0800] "GET /nacos/v1/cs/health HTTP/1.1" 200 2 2 Apache-HttpAsyncClient/4.1.3 (Java/1.8.0_45)
127.0.0.1 - - [20/Apr/2020:14:45:39 +0800] "PUT /nacos/v1/ns/instance/beat?beat=%7B%22cluster%22%3A%22DEFAULT%22%2C%22ip%22%3A%22192.168.1.5%22%2C%22metadata%22%3A%7B%22preserved.register.source%22%3A%22SPRING_CLOUD%22%7D%2C%22period%22%3A5000%2C%22port%22%3A8521%2C%22scheduled%22%3Afalse%2C%22serviceName%22%3A%22DEFAULT_GROUP%40%40cloud-sentinel-outfter%22%2C%22stopped%22%3Afalse%2C%22weight%22%3A1.0%7D&serviceName=DEFAULT_GROUP%40%40cloud-sentinel-outfter&encoding=UTF-8&namespaceId=public HTTP/1.1" 200 38 2 Nacos-Java-Client:v1.1.1
192.168.1.5 - - [20/Apr/2020:14:45:41 +0800] "GET /nacos/v1/cs/health HTTP/1.1" 200 2 2 Apache-HttpAsyncClient/4.1.3 (Java/1.8.0_45)
127.0.0.1 - - [20/Apr/2020:14:45:44 +0800] "PUT /nacos/v1/ns/instance/beat?beat=%7B%22cluster%22%3A%22DEFAULT%22%2C%22ip%22%3A%22192.168.1.5%22%2C%22metadata%22%3A%7B%22preserved.register.source%22%3A%22SPRING_CLOUD%22%7D%2C%22period%22%3A5000%2C%22port%22%3A8521%2C%22scheduled%22%3Afalse%2C%22serviceName%22%3A%22DEFAULT_GROUP%40%40cloud-sentinel-outfter%22%2C%22stopped%22%3Afalse%2C%22weight%22%3A1.0%7D&serviceName=DEFAULT_GROUP%40%40cloud-sentinel-outfter&encoding=UTF-8&namespaceId=public HTTP/1.1" 200 38 3 Nacos-Java-Client:v1.1.1
192.168.1.5 - - [20/Apr/2020:14:45:46 +0800] "GET /nacos/v1/cs/health HTTP/1.1" 200 2 2 Apache-HttpAsyncClient/4.1.3 (Java/1.8.0_45)
127.0.0.1 - - [20/Apr/2020:14:45:47 +0800] "POST /nacos/v1/cs/configs/listener HTTP/1.1" 200 - 29503 Java/1.8.0_45
127.0.0.1 - - [20/Apr/2020:14:45:49 +0800] "PUT /nacos/v1/ns/instance/beat?beat=%7B%22cluster%22%3A%22DEFAULT%22%2C%22ip%22%3A%22192.168.1.5%22%2C%22metadata%22%3A%7B%22preserved.register.source%22%3A%22SPRING_CLOUD%22%7D%2C%22period%22%3A5000%2C%22port%22%3A8521%2C%22scheduled%22%3Afalse%2C%22serviceName%22%3A%22DEFAULT_GROUP%40%40cloud-sentinel-outfter%22%2C%22stopped%22%3Afalse%2C%22weight%22%3A1.0%7D&serviceName=DEFAULT_GROUP%40%40cloud-sentinel-outfter&encoding=UTF-8&namespaceId=public HTTP/1.1" 200 38 3 Nacos-Java-Client:v1.1.1
192.168.1.5 - - [20/Apr/2020:14:45:51 +0800] "GET /nacos/v1/cs/health HTTP/1.1" 200 2 1 Apache-HttpAsyncClient/4.1.3 (Java/1.8.0_45)
0:0:0:0:0:0:0:1 - - [20/Apr/2020:14:45:51 +0800] "GET /nacos/ HTTP/1.1" 304 - 6 Mozilla/5.0 (Windows NT 10.0; Win64; x64) AppleWebKit/537.36 (KHTML, like Gecko) Chrome/80.0.3987.163 Safari/537.36
0:0:0:0:0:0:0:1 - - [20/Apr/2020:14:45:51 +0800] "GET /nacos/v1/cs/configs?show=all&dataId=cloud-sentinel-outfter&group=DEFAULT_GROUP&tenant=&namespaceId= HTTP/1.1" 200 600 7 Mozilla/5.0 (Windows NT 10.0; Win64; x64) AppleWebKit/537.36 (KHTML, like Gecko) Chrome/80.0.3987.163 Safari/537.36
0:0:0:0:0:0:0:1 - - [20/Apr/2020:14:45:51 +0800] "GET /nacos/v1/console/server/state HTTP/1.1" 200 82 2 Mozilla/5.0 (Windows NT 10.0; Win64; x64) AppleWebKit/537.36 (KHTML, like Gecko) Chrome/80.0.3987.163 Safari/537.36
0:0:0:0:0:0:0:1 - - [20/Apr/2020:14:45:51 +0800] "GET /nacos/console-fe/public/img/favicon.ico HTTP/1.1" 200 4286 3 Mozilla/5.0 (Windows NT 10.0; Win64; x64) AppleWebKit/537.36 (KHTML, like Gecko) Chrome/80.0.3987.163 Safari/537.36
0:0:0:0:0:0:0:1 - - [20/Apr/2020:14:45:52 +0800] "GET /nacos/v1/console/namespaces?namespaceId= HTTP/1.1" 200 130 9 Mozilla/5.0 (Windows NT 10.0; Win64; x64) AppleWebKit/537.36 (KHTML, like Gecko) Chrome/80.0.3987.163 Safari/537.36
0:0:0:0:0:0:0:1 - - [20/Apr/2020:14:45:52 +0800] "GET /nacos/v1/cs/configs?search=accurate&dataId=&group=&appName=&config_tags=&pageNo=1&pageSize=10&tenant=&namespaceId= HTTP/1.1" 200 451 5 Mozilla/5.0 (Windows NT 10.0; Win64; x64) AppleWebKit/537.36 (KHTML, like Gecko) Chrome/80.0.3987.163 Safari/537.36
0:0:0:0:0:0:0:1 - - [20/Apr/2020:14:45:54 +0800] "GET /nacos/ HTTP/1.1" 304 - 7 Mozilla/5.0 (Windows NT 10.0; Win64; x64) AppleWebKit/537.36 (KHTML, like Gecko) Chrome/80.0.3987.163 Safari/537.36
127.0.0.1 - - [20/Apr/2020:14:45:54 +0800] "PUT /nacos/v1/ns/instance/beat?beat=%7B%22cluster%22%3A%22DEFAULT%22%2C%22ip%22%3A%22192.168.1.5%22%2C%22metadata%22%3A%7B%22preserved.register.source%22%3A%22SPRING_CLOUD%22%7D%2C%22period%22%3A5000%2C%22port%22%3A8521%2C%22scheduled%22%3Afalse%2C%22serviceName%22%3A%22DEFAULT_GROUP%40%40cloud-sentinel-outfter%22%2C%22stopped%22%3Afalse%2C%22weight%22%3A1.0%7D&serviceName=DEFAULT_GROUP%40%40cloud-sentinel-outfter&encoding=UTF-8&namespaceId=public HTTP/1.1" 200 38 4 Nacos-Java-Client:v1.1.1
0:0:0:0:0:0:0:1 - - [20/Apr/2020:14:45:54 +0800] "GET /nacos/v1/console/namespaces?namespaceId= HTTP/1.1" 200 130 5 Mozilla/5.0 (Windows NT 10.0; Win64; x64) AppleWebKit/537.36 (KHTML, like Gecko) Chrome/80.0.3987.163 Safari/537.36
0:0:0:0:0:0:0:1 - - [20/Apr/2020:14:45:54 +0800] "GET /nacos/v1/console/server/state HTTP/1.1" 200 82 3 Mozilla/5.0 (Windows NT 10.0; Win64; x64) AppleWebKit/537.36 (KHTML, like Gecko) Chrome/80.0.3987.163 Safari/537.36
0:0:0:0:0:0:0:1 - - [20/Apr/2020:14:45:54 +0800] "GET /nacos/v1/cs/configs?search=accurate&dataId=&group=&appName=&config_tags=&pageNo=1&pageSize=10&tenant=&namespaceId= HTTP/1.1" 200 451 7 Mozilla/5.0 (Windows NT 10.0; Win64; x64) AppleWebKit/537.36 (KHTML, like Gecko) Chrome/80.0.3987.163 Safari/537.36
0:0:0:0:0:0:0:1 - - [20/Apr/2020:14:45:54 +0800] "GET /nacos/console-fe/public/img/favicon.ico HTTP/1.1" 200 4286 3 Mozilla/5.0 (Windows NT 10.0; Win64; x64) AppleWebKit/537.36 (KHTML, like Gecko) Chrome/80.0.3987.163 Safari/537.36
0:0:0:0:0:0:0:1 - - [20/Apr/2020:14:45:55 +0800] "GET /nacos/v1/cs/configs?show=all&dataId=cloud-sentinel-outfter&group=DEFAULT_GROUP&tenant=&namespaceId= HTTP/1.1" 200 600 4 Mozilla/5.0 (Windows NT 10.0; Win64; x64) AppleWebKit/537.36 (KHTML, like Gecko) Chrome/80.0.3987.163 Safari/537.36
192.168.1.5 - - [20/Apr/2020:14:45:56 +0800] "GET /nacos/v1/cs/health HTTP/1.1" 200 2 1 Apache-HttpAsyncClient/4.1.3 (Java/1.8.0_45)
0:0:0:0:0:0:0:1 - - [20/Apr/2020:14:45:58 +0800] "GET /nacos/v1/cs/configs?search=accurate&dataId=&group=&appName=&config_tags=&pageNo=1&pageSize=10&tenant=&namespaceId= HTTP/1.1" 200 451 3 Mozilla/5.0 (Windows NT 10.0; Win64; x64) AppleWebKit/537.36 (KHTML, like Gecko) Chrome/80.0.3987.163 Safari/537.36
127.0.0.1 - - [20/Apr/2020:14:45:59 +0800] "PUT /nacos/v1/ns/instance/beat?beat=%7B%22cluster%22%3A%22DEFAULT%22%2C%22ip%22%3A%22192.168.1.5%22%2C%22metadata%22%3A%7B%22preserved.register.source%22%3A%22SPRING_CLOUD%22%7D%2C%22period%22%3A5000%2C%22port%22%3A8521%2C%22scheduled%22%3Afalse%2C%22serviceName%22%3A%22DEFAULT_GROUP%40%40cloud-sentinel-outfter%22%2C%22stopped%22%3Afalse%2C%22weight%22%3A1.0%7D&serviceName=DEFAULT_GROUP%40%40cloud-sentinel-outfter&encoding=UTF-8&namespaceId=public HTTP/1.1" 200 38 2 Nacos-Java-Client:v1.1.1
192.168.1.5 - - [20/Apr/2020:14:46:01 +0800] "GET /nacos/v1/cs/health HTTP/1.1" 200 2 2 Apache-HttpAsyncClient/4.1.3 (Java/1.8.0_45)
127.0.0.1 - - [20/Apr/2020:14:46:04 +0800] "PUT /nacos/v1/ns/instance/beat?beat=%7B%22cluster%22%3A%22DEFAULT%22%2C%22ip%22%3A%22192.168.1.5%22%2C%22metadata%22%3A%7B%22preserved.register.source%22%3A%22SPRING_CLOUD%22%7D%2C%22period%22%3A5000%2C%22port%22%3A8521%2C%22scheduled%22%3Afalse%2C%22serviceName%22%3A%22DEFAULT_GROUP%40%40cloud-sentinel-outfter%22%2C%22stopped%22%3Afalse%2C%22weight%22%3A1.0%7D&serviceName=DEFAULT_GROUP%40%40cloud-sentinel-outfter&encoding=UTF-8&namespaceId=public HTTP/1.1" 200 38 4 Nacos-Java-Client:v1.1.1
0:0:0:0:0:0:0:1 - - [20/Apr/2020:14:46:05 +0800] "GET /nacos/ HTTP/1.1" 304 - 4 Mozilla/5.0 (Windows NT 10.0; Win64; x64) AppleWebKit/537.36 (KHTML, like Gecko) Chrome/80.0.3987.163 Safari/537.36
0:0:0:0:0:0:0:1 - - [20/Apr/2020:14:46:05 +0800] "GET /nacos/v1/console/namespaces?namespaceId= HTTP/1.1" 200 130 6 Mozilla/5.0 (Windows NT 10.0; Win64; x64) AppleWebKit/537.36 (KHTML, like Gecko) Chrome/80.0.3987.163 Safari/537.36
0:0:0:0:0:0:0:1 - - [20/Apr/2020:14:46:05 +0800] "GET /nacos/v1/console/server/state HTTP/1.1" 200 82 2 Mozilla/5.0 (Windows NT 10.0; Win64; x64) AppleWebKit/537.36 (KHTML, like Gecko) Chrome/80.0.3987.163 Safari/537.36
0:0:0:0:0:0:0:1 - - [20/Apr/2020:14:46:05 +0800] "GET /nacos/v1/cs/configs?search=accurate&dataId=&group=&appName=&config_tags=&pageNo=1&pageSize=10&tenant=&namespaceId= HTTP/1.1" 200 451 4 Mozilla/5.0 (Windows NT 10.0; Win64; x64) AppleWebKit/537.36 (KHTML, like Gecko) Chrome/80.0.3987.163 Safari/537.36
0:0:0:0:0:0:0:1 - - [20/Apr/2020:14:46:06 +0800] "GET /nacos/console-fe/public/img/favicon.ico HTTP/1.1" 200 4286 2 Mozilla/5.0 (Windows NT 10.0; Win64; x64) AppleWebKit/537.36 (KHTML, like Gecko) Chrome/80.0.3987.163 Safari/537.36
192.168.1.5 - - [20/Apr/2020:14:46:06 +0800] "GET /nacos/v1/cs/health HTTP/1.1" 200 2 2 Apache-HttpAsyncClient/4.1.3 (Java/1.8.0_45)
0:0:0:0:0:0:0:1 - - [20/Apr/2020:14:46:08 +0800] "GET /nacos/v1/cs/configs?show=all&dataId=cloud-sentinel-outfter&group=DEFAULT_GROUP&tenant=&namespaceId= HTTP/1.1" 200 600 4 Mozilla/5.0 (Windows NT 10.0; Win64; x64) AppleWebKit/537.36 (KHTML, like Gecko) Chrome/80.0.3987.163 Safari/537.36
127.0.0.1 - - [20/Apr/2020:14:46:09 +0800] "PUT /nacos/v1/ns/instance/beat?beat=%7B%22cluster%22%3A%22DEFAULT%22%2C%22ip%22%3A%22192.168.1.5%22%2C%22metadata%22%3A%7B%22preserved.register.source%22%3A%22SPRING_CLOUD%22%7D%2C%22period%22%3A5000%2C%22port%22%3A8521%2C%22scheduled%22%3Afalse%2C%22serviceName%22%3A%22DEFAULT_GROUP%40%40cloud-sentinel-outfter%22%2C%22stopped%22%3Afalse%2C%22weight%22%3A1.0%7D&serviceName=DEFAULT_GROUP%40%40cloud-sentinel-outfter&encoding=UTF-8&namespaceId=public HTTP/1.1" 200 38 2 Nacos-Java-Client:v1.1.1
0:0:0:0:0:0:0:1 - - [20/Apr/2020:14:46:09 +0800] "GET /nacos/ HTTP/1.1" 304 - 4 Mozilla/5.0 (Windows NT 10.0; Win64; x64) AppleWebKit/537.36 (KHTML, like Gecko) Chrome/80.0.3987.163 Safari/537.36
0:0:0:0:0:0:0:1 - - [20/Apr/2020:14:46:10 +0800] "GET /nacos/v1/cs/configs?show=all&dataId=cloud-sentinel-outfter&group=DEFAULT_GROUP&tenant=&namespaceId= HTTP/1.1" 200 600 6 Mozilla/5.0 (Windows NT 10.0; Win64; x64) AppleWebKit/537.36 (KHTML, like Gecko) Chrome/80.0.3987.163 Safari/537.36
0:0:0:0:0:0:0:1 - - [20/Apr/2020:14:46:10 +0800] "GET /nacos/v1/console/server/state HTTP/1.1" 200 82 2 Mozilla/5.0 (Windows NT 10.0; Win64; x64) AppleWebKit/537.36 (KHTML, like Gecko) Chrome/80.0.3987.163 Safari/537.36
0:0:0:0:0:0:0:1 - - [20/Apr/2020:14:46:10 +0800] "GET /nacos/console-fe/public/img/favicon.ico HTTP/1.1" 200 4286 3 Mozilla/5.0 (Windows NT 10.0; Win64; x64) AppleWebKit/537.36 (KHTML, like Gecko) Chrome/80.0.3987.163 Safari/537.36
192.168.1.5 - - [20/Apr/2020:14:46:11 +0800] "GET /nacos/v1/cs/health HTTP/1.1" 200 2 1 Apache-HttpAsyncClient/4.1.3 (Java/1.8.0_45)
127.0.0.1 - - [20/Apr/2020:14:46:14 +0800] "PUT /nacos/v1/ns/instance/beat?beat=%7B%22cluster%22%3A%22DEFAULT%22%2C%22ip%22%3A%22192.168.1.5%22%2C%22metadata%22%3A%7B%22preserved.register.source%22%3A%22SPRING_CLOUD%22%7D%2C%22period%22%3A5000%2C%22port%22%3A8521%2C%22scheduled%22%3Afalse%2C%22serviceName%22%3A%22DEFAULT_GROUP%40%40cloud-sentinel-outfter%22%2C%22stopped%22%3Afalse%2C%22weight%22%3A1.0%7D&serviceName=DEFAULT_GROUP%40%40cloud-sentinel-outfter&encoding=UTF-8&namespaceId=public HTTP/1.1" 200 38 3 Nacos-Java-Client:v1.1.1
192.168.1.5 - - [20/Apr/2020:14:46:16 +0800] "GET /nacos/v1/cs/health HTTP/1.1" 200 2 3 Apache-HttpAsyncClient/4.1.3 (Java/1.8.0_45)
127.0.0.1 - - [20/Apr/2020:14:46:16 +0800] "POST /nacos/v1/cs/configs/listener HTTP/1.1" 500 - 29506 Java/1.8.0_45
0:0:0:0:0:0:0:1 - - [20/Apr/2020:14:46:19 +0800] "GET /nacos/v1/console/namespaces?namespaceId= HTTP/1.1" 200 130 6 Mozilla/5.0 (Windows NT 10.0; Win64; x64) AppleWebKit/537.36 (KHTML, like Gecko) Chrome/80.0.3987.163 Safari/537.36
0:0:0:0:0:0:0:1 - - [20/Apr/2020:14:46:19 +0800] "GET /nacos/v1/cs/configs?search=accurate&dataId=&group=&appName=&config_tags=&pageNo=1&pageSize=10&tenant=&namespaceId= HTTP/1.1" 200 451 5 Mozilla/5.0 (Windows NT 10.0; Win64; x64) AppleWebKit/537.36 (KHTML, like Gecko) Chrome/80.0.3987.163 Safari/537.36
192.168.1.5 - - [20/Apr/2020:14:46:21 +0800] "GET /nacos/v1/cs/health HTTP/1.1" 200 2 2 Apache-HttpAsyncClient/4.1.3 (Java/1.8.0_45)
127.0.0.1 - - [20/Apr/2020:14:46:21 +0800] "POST /nacos/v1/cs/configs/listener HTTP/1.1" 200 - 3 Java/1.8.0_45
127.0.0.1 - - [20/Apr/2020:14:46:21 +0800] "GET /nacos/v1/cs/configs?dataId=cloud-sentinel-outfter&group=DEFAULT_GROUP HTTP/1.1" 200 230 5 Java/1.8.0_45
127.0.0.1 - - [20/Apr/2020:14:46:21 +0800] "PUT /nacos/v1/ns/instance/beat?beat=%7B%22cluster%22%3A%22DEFAULT%22%2C%22ip%22%3A%22192.168.1.5%22%2C%22metadata%22%3A%7B%22preserved.register.source%22%3A%22SPRING_CLOUD%22%7D%2C%22period%22%3A5000%2C%22port%22%3A8521%2C%22scheduled%22%3Afalse%2C%22serviceName%22%3A%22DEFAULT_GROUP%40%40cloud-sentinel-outfter%22%2C%22stopped%22%3Afalse%2C%22weight%22%3A1.0%7D&serviceName=DEFAULT_GROUP%40%40cloud-sentinel-outfter&encoding=UTF-8&namespaceId=public HTTP/1.1" 200 38 3 Nacos-Java-Client:v1.1.1
127.0.0.1 - - [20/Apr/2020:14:46:22 +0800] "POST /nacos/v1/ns/instance?groupName=DEFAULT_GROUP&metadata=%7B%22preserved.register.source%22%3A%22SPRING_CLOUD%22%7D&namespaceId=public&port=8521&enable=true&healthy=true&clusterName=DEFAULT&ip=192.168.1.5&weight=1.0&ephemeral=true&serviceName=DEFAULT_GROUP%40%40cloud-sentinel-outfter&encoding=UTF-8 HTTP/1.1" 200 2 3 Nacos-Java-Client:v1.1.1
127.0.0.1 - - [20/Apr/2020:14:46:23 +0800] "GET /nacos/v1/cs/configs?dataId=cloud-sentinel-outfter&group=DEFAULT_GROUP HTTP/1.1" 200 230 3 Java/1.8.0_45
127.0.0.1 - - [20/Apr/2020:14:46:23 +0800] "GET /nacos/v1/ns/service/list?pageSize=2147483647&groupName=DEFAULT_GROUP&encoding=UTF-8&namespaceId=public&pageNo=1 HTTP/1.1" 200 56 4 Nacos-Java-Client:v1.1.1
192.168.1.5 - - [20/Apr/2020:14:46:26 +0800] "GET /nacos/v1/cs/health HTTP/1.1" 200 2 1 Apache-HttpAsyncClient/4.1.3 (Java/1.8.0_45)
127.0.0.1 - - [20/Apr/2020:14:46:27 +0800] "PUT /nacos/v1/ns/instance/beat?beat=%7B%22cluster%22%3A%22DEFAULT%22%2C%22ip%22%3A%22192.168.1.5%22%2C%22metadata%22%3A%7B%22preserved.register.source%22%3A%22SPRING_CLOUD%22%7D%2C%22period%22%3A5000%2C%22port%22%3A8521%2C%22scheduled%22%3Afalse%2C%22serviceName%22%3A%22DEFAULT_GROUP%40%40cloud-sentinel-outfter%22%2C%22stopped%22%3Afalse%2C%22weight%22%3A1.0%7D&serviceName=DEFAULT_GROUP%40%40cloud-sentinel-outfter&encoding=UTF-8&namespaceId=public HTTP/1.1" 200 38 3 Nacos-Java-Client:v1.1.1
192.168.1.5 - - [20/Apr/2020:14:46:31 +0800] "GET /nacos/v1/cs/health HTTP/1.1" 200 2 1 Apache-HttpAsyncClient/4.1.3 (Java/1.8.0_45)
127.0.0.1 - - [20/Apr/2020:14:46:32 +0800] "PUT /nacos/v1/ns/instance/beat?beat=%7B%22cluster%22%3A%22DEFAULT%22%2C%22ip%22%3A%22192.168.1.5%22%2C%22metadata%22%3A%7B%22preserved.register.source%22%3A%22SPRING_CLOUD%22%7D%2C%22period%22%3A5000%2C%22port%22%3A8521%2C%22scheduled%22%3Afalse%2C%22serviceName%22%3A%22DEFAULT_GROUP%40%40cloud-sentinel-outfter%22%2C%22stopped%22%3Afalse%2C%22weight%22%3A1.0%7D&serviceName=DEFAULT_GROUP%40%40cloud-sentinel-outfter&encoding=UTF-8&namespaceId=public HTTP/1.1" 200 38 2 Nacos-Java-Client:v1.1.1
192.168.1.5 - - [20/Apr/2020:14:46:36 +0800] "GET /nacos/v1/cs/health HTTP/1.1" 200 2 1 Apache-HttpAsyncClient/4.1.3 (Java/1.8.0_45)
127.0.0.1 - - [20/Apr/2020:14:46:37 +0800] "PUT /nacos/v1/ns/instance/beat?beat=%7B%22cluster%22%3A%22DEFAULT%22%2C%22ip%22%3A%22192.168.1.5%22%2C%22metadata%22%3A%7B%22preserved.register.source%22%3A%22SPRING_CLOUD%22%7D%2C%22period%22%3A5000%2C%22port%22%3A8521%2C%22scheduled%22%3Afalse%2C%22serviceName%22%3A%22DEFAULT_GROUP%40%40cloud-sentinel-outfter%22%2C%22stopped%22%3Afalse%2C%22weight%22%3A1.0%7D&serviceName=DEFAULT_GROUP%40%40cloud-sentinel-outfter&encoding=UTF-8&namespaceId=public HTTP/1.1" 200 38 2 Nacos-Java-Client:v1.1.1
192.168.1.5 - - [20/Apr/2020:14:46:41 +0800] "GET /nacos/v1/cs/health HTTP/1.1" 200 2 1 Apache-HttpAsyncClient/4.1.3 (Java/1.8.0_45)
127.0.0.1 - - [20/Apr/2020:14:46:42 +0800] "PUT /nacos/v1/ns/instance/beat?beat=%7B%22cluster%22%3A%22DEFAULT%22%2C%22ip%22%3A%22192.168.1.5%22%2C%22metadata%22%3A%7B%22preserved.register.source%22%3A%22SPRING_CLOUD%22%7D%2C%22period%22%3A5000%2C%22port%22%3A8521%2C%22scheduled%22%3Afalse%2C%22serviceName%22%3A%22DEFAULT_GROUP%40%40cloud-sentinel-outfter%22%2C%22stopped%22%3Afalse%2C%22weight%22%3A1.0%7D&serviceName=DEFAULT_GROUP%40%40cloud-sentinel-outfter&encoding=UTF-8&namespaceId=public HTTP/1.1" 200 38 2 Nacos-Java-Client:v1.1.1
192.168.1.5 - - [20/Apr/2020:14:46:46 +0800] "GET /nacos/v1/cs/health HTTP/1.1" 200 2 2 Apache-HttpAsyncClient/4.1.3 (Java/1.8.0_45)
127.0.0.1 - - [20/Apr/2020:14:46:47 +0800] "PUT /nacos/v1/ns/instance/beat?beat=%7B%22cluster%22%3A%22DEFAULT%22%2C%22ip%22%3A%22192.168.1.5%22%2C%22metadata%22%3A%7B%22preserved.register.source%22%3A%22SPRING_CLOUD%22%7D%2C%22period%22%3A5000%2C%22port%22%3A8521%2C%22scheduled%22%3Afalse%2C%22serviceName%22%3A%22DEFAULT_GROUP%40%40cloud-sentinel-outfter%22%2C%22stopped%22%3Afalse%2C%22weight%22%3A1.0%7D&serviceName=DEFAULT_GROUP%40%40cloud-sentinel-outfter&encoding=UTF-8&namespaceId=public HTTP/1.1" 200 38 2 Nacos-Java-Client:v1.1.1
192.168.1.5 - - [20/Apr/2020:14:46:51 +0800] "GET /nacos/v1/cs/health HTTP/1.1" 200 2 3 Apache-HttpAsyncClient/4.1.3 (Java/1.8.0_45)
127.0.0.1 - - [20/Apr/2020:14:46:51 +0800] "POST /nacos/v1/cs/configs/listener HTTP/1.1" 200 - 29503 Java/1.8.0_45
127.0.0.1 - - [20/Apr/2020:14:46:52 +0800] "PUT /nacos/v1/ns/instance/beat?beat=%7B%22cluster%22%3A%22DEFAULT%22%2C%22ip%22%3A%22192.168.1.5%22%2C%22metadata%22%3A%7B%22preserved.register.source%22%3A%22SPRING_CLOUD%22%7D%2C%22period%22%3A5000%2C%22port%22%3A8521%2C%22scheduled%22%3Afalse%2C%22serviceName%22%3A%22DEFAULT_GROUP%40%40cloud-sentinel-outfter%22%2C%22stopped%22%3Afalse%2C%22weight%22%3A1.0%7D&serviceName=DEFAULT_GROUP%40%40cloud-sentinel-outfter&encoding=UTF-8&namespaceId=public HTTP/1.1" 200 38 3 Nacos-Java-Client:v1.1.1
192.168.1.5 - - [20/Apr/2020:14:46:56 +0800] "GET /nacos/v1/cs/health HTTP/1.1" 200 2 2 Apache-HttpAsyncClient/4.1.3 (Java/1.8.0_45)
127.0.0.1 - - [20/Apr/2020:14:46:57 +0800] "PUT /nacos/v1/ns/instance/beat?beat=%7B%22cluster%22%3A%22DEFAULT%22%2C%22ip%22%3A%22192.168.1.5%22%2C%22metadata%22%3A%7B%22preserved.register.source%22%3A%22SPRING_CLOUD%22%7D%2C%22period%22%3A5000%2C%22port%22%3A8521%2C%22scheduled%22%3Afalse%2C%22serviceName%22%3A%22DEFAULT_GROUP%40%40cloud-sentinel-outfter%22%2C%22stopped%22%3Afalse%2C%22weight%22%3A1.0%7D&serviceName=DEFAULT_GROUP%40%40cloud-sentinel-outfter&encoding=UTF-8&namespaceId=public HTTP/1.1" 200 38 2 Nacos-Java-Client:v1.1.1
192.168.1.5 - - [20/Apr/2020:14:47:01 +0800] "GET /nacos/v1/cs/health HTTP/1.1" 200 2 2 Apache-HttpAsyncClient/4.1.3 (Java/1.8.0_45)
127.0.0.1 - - [20/Apr/2020:14:47:02 +0800] "PUT /nacos/v1/ns/instance/beat?beat=%7B%22cluster%22%3A%22DEFAULT%22%2C%22ip%22%3A%22192.168.1.5%22%2C%22metadata%22%3A%7B%22preserved.register.source%22%3A%22SPRING_CLOUD%22%7D%2C%22period%22%3A5000%2C%22port%22%3A8521%2C%22scheduled%22%3Afalse%2C%22serviceName%22%3A%22DEFAULT_GROUP%40%40cloud-sentinel-outfter%22%2C%22stopped%22%3Afalse%2C%22weight%22%3A1.0%7D&serviceName=DEFAULT_GROUP%40%40cloud-sentinel-outfter&encoding=UTF-8&namespaceId=public HTTP/1.1" 200 38 2 Nacos-Java-Client:v1.1.1
192.168.1.5 - - [20/Apr/2020:14:47:06 +0800] "GET /nacos/v1/cs/health HTTP/1.1" 200 2 1 Apache-HttpAsyncClient/4.1.3 (Java/1.8.0_45)
127.0.0.1 - - [20/Apr/2020:14:47:07 +0800] "PUT /nacos/v1/ns/instance/beat?beat=%7B%22cluster%22%3A%22DEFAULT%22%2C%22ip%22%3A%22192.168.1.5%22%2C%22metadata%22%3A%7B%22preserved.register.source%22%3A%22SPRING_CLOUD%22%7D%2C%22period%22%3A5000%2C%22port%22%3A8521%2C%22scheduled%22%3Afalse%2C%22serviceName%22%3A%22DEFAULT_GROUP%40%40cloud-sentinel-outfter%22%2C%22stopped%22%3Afalse%2C%22weight%22%3A1.0%7D&serviceName=DEFAULT_GROUP%40%40cloud-sentinel-outfter&encoding=UTF-8&namespaceId=public HTTP/1.1" 200 38 4 Nacos-Java-Client:v1.1.1
192.168.1.5 - - [20/Apr/2020:14:47:11 +0800] "GET /nacos/v1/cs/health HTTP/1.1" 200 2 2 Apache-HttpAsyncClient/4.1.3 (Java/1.8.0_45)
127.0.0.1 - - [20/Apr/2020:14:47:12 +0800] "PUT /nacos/v1/ns/instance/beat?beat=%7B%22cluster%22%3A%22DEFAULT%22%2C%22ip%22%3A%22192.168.1.5%22%2C%22metadata%22%3A%7B%22preserved.register.source%22%3A%22SPRING_CLOUD%22%7D%2C%22period%22%3A5000%2C%22port%22%3A8521%2C%22scheduled%22%3Afalse%2C%22serviceName%22%3A%22DEFAULT_GROUP%40%40cloud-sentinel-outfter%22%2C%22stopped%22%3Afalse%2C%22weight%22%3A1.0%7D&serviceName=DEFAULT_GROUP%40%40cloud-sentinel-outfter&encoding=UTF-8&namespaceId=public HTTP/1.1" 200 38 3 Nacos-Java-Client:v1.1.1
192.168.1.5 - - [20/Apr/2020:14:47:16 +0800] "GET /nacos/v1/cs/health HTTP/1.1" 200 2 3 Apache-HttpAsyncClient/4.1.3 (Java/1.8.0_45)
127.0.0.1 - - [20/Apr/2020:14:47:17 +0800] "PUT /nacos/v1/ns/instance/beat?beat=%7B%22cluster%22%3A%22DEFAULT%22%2C%22ip%22%3A%22192.168.1.5%22%2C%22metadata%22%3A%7B%22preserved.register.source%22%3A%22SPRING_CLOUD%22%7D%2C%22period%22%3A5000%2C%22port%22%3A8521%2C%22scheduled%22%3Afalse%2C%22serviceName%22%3A%22DEFAULT_GROUP%40%40cloud-sentinel-outfter%22%2C%22stopped%22%3Afalse%2C%22weight%22%3A1.0%7D&serviceName=DEFAULT_GROUP%40%40cloud-sentinel-outfter&encoding=UTF-8&namespaceId=public HTTP/1.1" 200 38 3 Nacos-Java-Client:v1.1.1
127.0.0.1 - - [20/Apr/2020:14:47:20 +0800] "POST /nacos/v1/cs/configs/listener HTTP/1.1" 200 - 29504 Java/1.8.0_45
192.168.1.5 - - [20/Apr/2020:14:47:21 +0800] "GET /nacos/v1/cs/health HTTP/1.1" 200 2 1 Apache-HttpAsyncClient/4.1.3 (Java/1.8.0_45)
127.0.0.1 - - [20/Apr/2020:14:47:22 +0800] "PUT /nacos/v1/ns/instance/beat?beat=%7B%22cluster%22%3A%22DEFAULT%22%2C%22ip%22%3A%22192.168.1.5%22%2C%22metadata%22%3A%7B%22preserved.register.source%22%3A%22SPRING_CLOUD%22%7D%2C%22period%22%3A5000%2C%22port%22%3A8521%2C%22scheduled%22%3Afalse%2C%22serviceName%22%3A%22DEFAULT_GROUP%40%40cloud-sentinel-outfter%22%2C%22stopped%22%3Afalse%2C%22weight%22%3A1.0%7D&serviceName=DEFAULT_GROUP%40%40cloud-sentinel-outfter&encoding=UTF-8&namespaceId=public HTTP/1.1" 200 38 2 Nacos-Java-Client:v1.1.1
192.168.1.5 - - [20/Apr/2020:14:47:26 +0800] "GET /nacos/v1/cs/health HTTP/1.1" 200 2 1 Apache-HttpAsyncClient/4.1.3 (Java/1.8.0_45)
127.0.0.1 - - [20/Apr/2020:14:47:27 +0800] "PUT /nacos/v1/ns/instance/beat?beat=%7B%22cluster%22%3A%22DEFAULT%22%2C%22ip%22%3A%22192.168.1.5%22%2C%22metadata%22%3A%7B%22preserved.register.source%22%3A%22SPRING_CLOUD%22%7D%2C%22period%22%3A5000%2C%22port%22%3A8521%2C%22scheduled%22%3Afalse%2C%22serviceName%22%3A%22DEFAULT_GROUP%40%40cloud-sentinel-outfter%22%2C%22stopped%22%3Afalse%2C%22weight%22%3A1.0%7D&serviceName=DEFAULT_GROUP%40%40cloud-sentinel-outfter&encoding=UTF-8&namespaceId=public HTTP/1.1" 200 38 2 Nacos-Java-Client:v1.1.1
192.168.1.5 - - [20/Apr/2020:14:47:31 +0800] "GET /nacos/v1/cs/health HTTP/1.1" 200 2 1 Apache-HttpAsyncClient/4.1.3 (Java/1.8.0_45)
127.0.0.1 - - [20/Apr/2020:14:47:32 +0800] "PUT /nacos/v1/ns/instance/beat?beat=%7B%22cluster%22%3A%22DEFAULT%22%2C%22ip%22%3A%22192.168.1.5%22%2C%22metadata%22%3A%7B%22preserved.register.source%22%3A%22SPRING_CLOUD%22%7D%2C%22period%22%3A5000%2C%22port%22%3A8521%2C%22scheduled%22%3Afalse%2C%22serviceName%22%3A%22DEFAULT_GROUP%40%40cloud-sentinel-outfter%22%2C%22stopped%22%3Afalse%2C%22weight%22%3A1.0%7D&serviceName=DEFAULT_GROUP%40%40cloud-sentinel-outfter&encoding=UTF-8&namespaceId=public HTTP/1.1" 200 38 2 Nacos-Java-Client:v1.1.1
192.168.1.5 - - [20/Apr/2020:14:47:36 +0800] "GET /nacos/v1/cs/health HTTP/1.1" 200 2 1 Apache-HttpAsyncClient/4.1.3 (Java/1.8.0_45)
127.0.0.1 - - [20/Apr/2020:14:47:37 +0800] "PUT /nacos/v1/ns/instance/beat?beat=%7B%22cluster%22%3A%22DEFAULT%22%2C%22ip%22%3A%22192.168.1.5%22%2C%22metadata%22%3A%7B%22preserved.register.source%22%3A%22SPRING_CLOUD%22%7D%2C%22period%22%3A5000%2C%22port%22%3A8521%2C%22scheduled%22%3Afalse%2C%22serviceName%22%3A%22DEFAULT_GROUP%40%40cloud-sentinel-outfter%22%2C%22stopped%22%3Afalse%2C%22weight%22%3A1.0%7D&serviceName=DEFAULT_GROUP%40%40cloud-sentinel-outfter&encoding=UTF-8&namespaceId=public HTTP/1.1" 200 38 2 Nacos-Java-Client:v1.1.1
192.168.1.5 - - [20/Apr/2020:14:47:41 +0800] "GET /nacos/v1/cs/health HTTP/1.1" 200 2 2 Apache-HttpAsyncClient/4.1.3 (Java/1.8.0_45)
127.0.0.1 - - [20/Apr/2020:14:47:42 +0800] "PUT /nacos/v1/ns/instance/beat?beat=%7B%22cluster%22%3A%22DEFAULT%22%2C%22ip%22%3A%22192.168.1.5%22%2C%22metadata%22%3A%7B%22preserved.register.source%22%3A%22SPRING_CLOUD%22%7D%2C%22period%22%3A5000%2C%22port%22%3A8521%2C%22scheduled%22%3Afalse%2C%22serviceName%22%3A%22DEFAULT_GROUP%40%40cloud-sentinel-outfter%22%2C%22stopped%22%3Afalse%2C%22weight%22%3A1.0%7D&serviceName=DEFAULT_GROUP%40%40cloud-sentinel-outfter&encoding=UTF-8&namespaceId=public HTTP/1.1" 200 38 2 Nacos-Java-Client:v1.1.1
192.168.1.5 - - [20/Apr/2020:14:47:46 +0800] "GET /nacos/v1/cs/health HTTP/1.1" 200 2 2 Apache-HttpAsyncClient/4.1.3 (Java/1.8.0_45)
127.0.0.1 - - [20/Apr/2020:14:47:47 +0800] "PUT /nacos/v1/ns/instance/beat?beat=%7B%22cluster%22%3A%22DEFAULT%22%2C%22ip%22%3A%22192.168.1.5%22%2C%22metadata%22%3A%7B%22preserved.register.source%22%3A%22SPRING_CLOUD%22%7D%2C%22period%22%3A5000%2C%22port%22%3A8521%2C%22scheduled%22%3Afalse%2C%22serviceName%22%3A%22DEFAULT_GROUP%40%40cloud-sentinel-outfter%22%2C%22stopped%22%3Afalse%2C%22weight%22%3A1.0%7D&serviceName=DEFAULT_GROUP%40%40cloud-sentinel-outfter&encoding=UTF-8&namespaceId=public HTTP/1.1" 200 38 3 Nacos-Java-Client:v1.1.1
127.0.0.1 - - [20/Apr/2020:14:47:50 +0800] "POST /nacos/v1/cs/configs/listener HTTP/1.1" 200 - 29503 Java/1.8.0_45
192.168.1.5 - - [20/Apr/2020:14:47:51 +0800] "GET /nacos/v1/cs/health HTTP/1.1" 200 2 2 Apache-HttpAsyncClient/4.1.3 (Java/1.8.0_45)
127.0.0.1 - - [20/Apr/2020:14:47:52 +0800] "PUT /nacos/v1/ns/instance/beat?beat=%7B%22cluster%22%3A%22DEFAULT%22%2C%22ip%22%3A%22192.168.1.5%22%2C%22metadata%22%3A%7B%22preserved.register.source%22%3A%22SPRING_CLOUD%22%7D%2C%22period%22%3A5000%2C%22port%22%3A8521%2C%22scheduled%22%3Afalse%2C%22serviceName%22%3A%22DEFAULT_GROUP%40%40cloud-sentinel-outfter%22%2C%22stopped%22%3Afalse%2C%22weight%22%3A1.0%7D&serviceName=DEFAULT_GROUP%40%40cloud-sentinel-outfter&encoding=UTF-8&namespaceId=public HTTP/1.1" 200 38 2 Nacos-Java-Client:v1.1.1
192.168.1.5 - - [20/Apr/2020:14:47:56 +0800] "GET /nacos/v1/cs/health HTTP/1.1" 200 2 1 Apache-HttpAsyncClient/4.1.3 (Java/1.8.0_45)
127.0.0.1 - - [20/Apr/2020:14:47:57 +0800] "PUT /nacos/v1/ns/instance/beat?beat=%7B%22cluster%22%3A%22DEFAULT%22%2C%22ip%22%3A%22192.168.1.5%22%2C%22metadata%22%3A%7B%22preserved.register.source%22%3A%22SPRING_CLOUD%22%7D%2C%22period%22%3A5000%2C%22port%22%3A8521%2C%22scheduled%22%3Afalse%2C%22serviceName%22%3A%22DEFAULT_GROUP%40%40cloud-sentinel-outfter%22%2C%22stopped%22%3Afalse%2C%22weight%22%3A1.0%7D&serviceName=DEFAULT_GROUP%40%40cloud-sentinel-outfter&encoding=UTF-8&namespaceId=public HTTP/1.1" 200 38 3 Nacos-Java-Client:v1.1.1
192.168.1.5 - - [20/Apr/2020:14:48:01 +0800] "GET /nacos/v1/cs/health HTTP/1.1" 200 2 1 Apache-HttpAsyncClient/4.1.3 (Java/1.8.0_45)
127.0.0.1 - - [20/Apr/2020:14:48:02 +0800] "PUT /nacos/v1/ns/instance/beat?beat=%7B%22cluster%22%3A%22DEFAULT%22%2C%22ip%22%3A%22192.168.1.5%22%2C%22metadata%22%3A%7B%22preserved.register.source%22%3A%22SPRING_CLOUD%22%7D%2C%22period%22%3A5000%2C%22port%22%3A8521%2C%22scheduled%22%3Afalse%2C%22serviceName%22%3A%22DEFAULT_GROUP%40%40cloud-sentinel-outfter%22%2C%22stopped%22%3Afalse%2C%22weight%22%3A1.0%7D&serviceName=DEFAULT_GROUP%40%40cloud-sentinel-outfter&encoding=UTF-8&namespaceId=public HTTP/1.1" 200 38 2 Nacos-Java-Client:v1.1.1
192.168.1.5 - - [20/Apr/2020:14:48:06 +0800] "GET /nacos/v1/cs/health HTTP/1.1" 200 2 1 Apache-HttpAsyncClient/4.1.3 (Java/1.8.0_45)
127.0.0.1 - - [20/Apr/2020:14:48:07 +0800] "PUT /nacos/v1/ns/instance/beat?beat=%7B%22cluster%22%3A%22DEFAULT%22%2C%22ip%22%3A%22192.168.1.5%22%2C%22metadata%22%3A%7B%22preserved.register.source%22%3A%22SPRING_CLOUD%22%7D%2C%22period%22%3A5000%2C%22port%22%3A8521%2C%22scheduled%22%3Afalse%2C%22serviceName%22%3A%22DEFAULT_GROUP%40%40cloud-sentinel-outfter%22%2C%22stopped%22%3Afalse%2C%22weight%22%3A1.0%7D&serviceName=DEFAULT_GROUP%40%40cloud-sentinel-outfter&encoding=UTF-8&namespaceId=public HTTP/1.1" 200 38 2 Nacos-Java-Client:v1.1.1
192.168.1.5 - - [20/Apr/2020:14:48:11 +0800] "GET /nacos/v1/cs/health HTTP/1.1" 200 2 2 Apache-HttpAsyncClient/4.1.3 (Java/1.8.0_45)
127.0.0.1 - - [20/Apr/2020:14:48:12 +0800] "PUT /nacos/v1/ns/instance/beat?beat=%7B%22cluster%22%3A%22DEFAULT%22%2C%22ip%22%3A%22192.168.1.5%22%2C%22metadata%22%3A%7B%22preserved.register.source%22%3A%22SPRING_CLOUD%22%7D%2C%22period%22%3A5000%2C%22port%22%3A8521%2C%22scheduled%22%3Afalse%2C%22serviceName%22%3A%22DEFAULT_GROUP%40%40cloud-sentinel-outfter%22%2C%22stopped%22%3Afalse%2C%22weight%22%3A1.0%7D&serviceName=DEFAULT_GROUP%40%40cloud-sentinel-outfter&encoding=UTF-8&namespaceId=public HTTP/1.1" 200 38 3 Nacos-Java-Client:v1.1.1
192.168.1.5 - - [20/Apr/2020:14:48:16 +0800] "GET /nacos/v1/cs/health HTTP/1.1" 200 2 2 Apache-HttpAsyncClient/4.1.3 (Java/1.8.0_45)
127.0.0.1 - - [20/Apr/2020:14:48:17 +0800] "PUT /nacos/v1/ns/instance/beat?beat=%7B%22cluster%22%3A%22DEFAULT%22%2C%22ip%22%3A%22192.168.1.5%22%2C%22metadata%22%3A%7B%22preserved.register.source%22%3A%22SPRING_CLOUD%22%7D%2C%22period%22%3A5000%2C%22port%22%3A8521%2C%22scheduled%22%3Afalse%2C%22serviceName%22%3A%22DEFAULT_GROUP%40%40cloud-sentinel-outfter%22%2C%22stopped%22%3Afalse%2C%22weight%22%3A1.0%7D&serviceName=DEFAULT_GROUP%40%40cloud-sentinel-outfter&encoding=UTF-8&namespaceId=public HTTP/1.1" 200 38 3 Nacos-Java-Client:v1.1.1
127.0.0.1 - - [20/Apr/2020:14:48:19 +0800] "POST /nacos/v1/cs/configs/listener HTTP/1.1" 200 - 29502 Java/1.8.0_45
192.168.1.5 - - [20/Apr/2020:14:48:21 +0800] "GET /nacos/v1/cs/health HTTP/1.1" 200 2 1 Apache-HttpAsyncClient/4.1.3 (Java/1.8.0_45)
127.0.0.1 - - [20/Apr/2020:14:48:22 +0800] "PUT /nacos/v1/ns/instance/beat?beat=%7B%22cluster%22%3A%22DEFAULT%22%2C%22ip%22%3A%22192.168.1.5%22%2C%22metadata%22%3A%7B%22preserved.register.source%22%3A%22SPRING_CLOUD%22%7D%2C%22period%22%3A5000%2C%22port%22%3A8521%2C%22scheduled%22%3Afalse%2C%22serviceName%22%3A%22DEFAULT_GROUP%40%40cloud-sentinel-outfter%22%2C%22stopped%22%3Afalse%2C%22weight%22%3A1.0%7D&serviceName=DEFAULT_GROUP%40%40cloud-sentinel-outfter&encoding=UTF-8&namespaceId=public HTTP/1.1" 200 38 3 Nacos-Java-Client:v1.1.1
192.168.1.5 - - [20/Apr/2020:14:48:26 +0800] "GET /nacos/v1/cs/health HTTP/1.1" 200 2 1 Apache-HttpAsyncClient/4.1.3 (Java/1.8.0_45)
127.0.0.1 - - [20/Apr/2020:14:48:27 +0800] "PUT /nacos/v1/ns/instance/beat?beat=%7B%22cluster%22%3A%22DEFAULT%22%2C%22ip%22%3A%22192.168.1.5%22%2C%22metadata%22%3A%7B%22preserved.register.source%22%3A%22SPRING_CLOUD%22%7D%2C%22period%22%3A5000%2C%22port%22%3A8521%2C%22scheduled%22%3Afalse%2C%22serviceName%22%3A%22DEFAULT_GROUP%40%40cloud-sentinel-outfter%22%2C%22stopped%22%3Afalse%2C%22weight%22%3A1.0%7D&serviceName=DEFAULT_GROUP%40%40cloud-sentinel-outfter&encoding=UTF-8&namespaceId=public HTTP/1.1" 200 38 2 Nacos-Java-Client:v1.1.1
192.168.1.5 - - [20/Apr/2020:14:48:31 +0800] "GET /nacos/v1/cs/health HTTP/1.1" 200 2 1 Apache-HttpAsyncClient/4.1.3 (Java/1.8.0_45)
127.0.0.1 - - [20/Apr/2020:14:48:32 +0800] "PUT /nacos/v1/ns/instance/beat?beat=%7B%22cluster%22%3A%22DEFAULT%22%2C%22ip%22%3A%22192.168.1.5%22%2C%22metadata%22%3A%7B%22preserved.register.source%22%3A%22SPRING_CLOUD%22%7D%2C%22period%22%3A5000%2C%22port%22%3A8521%2C%22scheduled%22%3Afalse%2C%22serviceName%22%3A%22DEFAULT_GROUP%40%40cloud-sentinel-outfter%22%2C%22stopped%22%3Afalse%2C%22weight%22%3A1.0%7D&serviceName=DEFAULT_GROUP%40%40cloud-sentinel-outfter&encoding=UTF-8&namespaceId=public HTTP/1.1" 200 38 1 Nacos-Java-Client:v1.1.1
192.168.1.5 - - [20/Apr/2020:14:48:36 +0800] "GET /nacos/v1/cs/health HTTP/1.1" 200 2 1 Apache-HttpAsyncClient/4.1.3 (Java/1.8.0_45)
127.0.0.1 - - [20/Apr/2020:14:48:37 +0800] "PUT /nacos/v1/ns/instance/beat?beat=%7B%22cluster%22%3A%22DEFAULT%22%2C%22ip%22%3A%22192.168.1.5%22%2C%22metadata%22%3A%7B%22preserved.register.source%22%3A%22SPRING_CLOUD%22%7D%2C%22period%22%3A5000%2C%22port%22%3A8521%2C%22scheduled%22%3Afalse%2C%22serviceName%22%3A%22DEFAULT_GROUP%40%40cloud-sentinel-outfter%22%2C%22stopped%22%3Afalse%2C%22weight%22%3A1.0%7D&serviceName=DEFAULT_GROUP%40%40cloud-sentinel-outfter&encoding=UTF-8&namespaceId=public HTTP/1.1" 200 38 3 Nacos-Java-Client:v1.1.1
192.168.1.5 - - [20/Apr/2020:14:48:41 +0800] "GET /nacos/v1/cs/health HTTP/1.1" 200 2 2 Apache-HttpAsyncClient/4.1.3 (Java/1.8.0_45)
127.0.0.1 - - [20/Apr/2020:14:48:42 +0800] "PUT /nacos/v1/ns/instance/beat?beat=%7B%22cluster%22%3A%22DEFAULT%22%2C%22ip%22%3A%22192.168.1.5%22%2C%22metadata%22%3A%7B%22preserved.register.source%22%3A%22SPRING_CLOUD%22%7D%2C%22period%22%3A5000%2C%22port%22%3A8521%2C%22scheduled%22%3Afalse%2C%22serviceName%22%3A%22DEFAULT_GROUP%40%40cloud-sentinel-outfter%22%2C%22stopped%22%3Afalse%2C%22weight%22%3A1.0%7D&serviceName=DEFAULT_GROUP%40%40cloud-sentinel-outfter&encoding=UTF-8&namespaceId=public HTTP/1.1" 200 38 2 Nacos-Java-Client:v1.1.1
192.168.1.5 - - [20/Apr/2020:14:48:46 +0800] "GET /nacos/v1/cs/health HTTP/1.1" 200 2 2 Apache-HttpAsyncClient/4.1.3 (Java/1.8.0_45)
127.0.0.1 - - [20/Apr/2020:14:48:47 +0800] "PUT /nacos/v1/ns/instance/beat?beat=%7B%22cluster%22%3A%22DEFAULT%22%2C%22ip%22%3A%22192.168.1.5%22%2C%22metadata%22%3A%7B%22preserved.register.source%22%3A%22SPRING_CLOUD%22%7D%2C%22period%22%3A5000%2C%22port%22%3A8521%2C%22scheduled%22%3Afalse%2C%22serviceName%22%3A%22DEFAULT_GROUP%40%40cloud-sentinel-outfter%22%2C%22stopped%22%3Afalse%2C%22weight%22%3A1.0%7D&serviceName=DEFAULT_GROUP%40%40cloud-sentinel-outfter&encoding=UTF-8&namespaceId=public HTTP/1.1" 200 38 3 Nacos-Java-Client:v1.1.1
127.0.0.1 - - [20/Apr/2020:14:48:49 +0800] "POST /nacos/v1/cs/configs/listener HTTP/1.1" 200 - 29504 Java/1.8.0_45
192.168.1.5 - - [20/Apr/2020:14:48:51 +0800] "GET /nacos/v1/cs/health HTTP/1.1" 200 2 2 Apache-HttpAsyncClient/4.1.3 (Java/1.8.0_45)
127.0.0.1 - - [20/Apr/2020:14:48:52 +0800] "PUT /nacos/v1/ns/instance/beat?beat=%7B%22cluster%22%3A%22DEFAULT%22%2C%22ip%22%3A%22192.168.1.5%22%2C%22metadata%22%3A%7B%22preserved.register.source%22%3A%22SPRING_CLOUD%22%7D%2C%22period%22%3A5000%2C%22port%22%3A8521%2C%22scheduled%22%3Afalse%2C%22serviceName%22%3A%22DEFAULT_GROUP%40%40cloud-sentinel-outfter%22%2C%22stopped%22%3Afalse%2C%22weight%22%3A1.0%7D&serviceName=DEFAULT_GROUP%40%40cloud-sentinel-outfter&encoding=UTF-8&namespaceId=public HTTP/1.1" 200 38 2 Nacos-Java-Client:v1.1.1
192.168.1.5 - - [20/Apr/2020:14:48:56 +0800] "GET /nacos/v1/cs/health HTTP/1.1" 200 2 2 Apache-HttpAsyncClient/4.1.3 (Java/1.8.0_45)
127.0.0.1 - - [20/Apr/2020:14:48:57 +0800] "PUT /nacos/v1/ns/instance/beat?beat=%7B%22cluster%22%3A%22DEFAULT%22%2C%22ip%22%3A%22192.168.1.5%22%2C%22metadata%22%3A%7B%22preserved.register.source%22%3A%22SPRING_CLOUD%22%7D%2C%22period%22%3A5000%2C%22port%22%3A8521%2C%22scheduled%22%3Afalse%2C%22serviceName%22%3A%22DEFAULT_GROUP%40%40cloud-sentinel-outfter%22%2C%22stopped%22%3Afalse%2C%22weight%22%3A1.0%7D&serviceName=DEFAULT_GROUP%40%40cloud-sentinel-outfter&encoding=UTF-8&namespaceId=public HTTP/1.1" 200 38 4 Nacos-Java-Client:v1.1.1
192.168.1.5 - - [20/Apr/2020:14:49:01 +0800] "GET /nacos/v1/cs/health HTTP/1.1" 200 2 2 Apache-HttpAsyncClient/4.1.3 (Java/1.8.0_45)
127.0.0.1 - - [20/Apr/2020:14:49:02 +0800] "PUT /nacos/v1/ns/instance/beat?beat=%7B%22cluster%22%3A%22DEFAULT%22%2C%22ip%22%3A%22192.168.1.5%22%2C%22metadata%22%3A%7B%22preserved.register.source%22%3A%22SPRING_CLOUD%22%7D%2C%22period%22%3A5000%2C%22port%22%3A8521%2C%22scheduled%22%3Afalse%2C%22serviceName%22%3A%22DEFAULT_GROUP%40%40cloud-sentinel-outfter%22%2C%22stopped%22%3Afalse%2C%22weight%22%3A1.0%7D&serviceName=DEFAULT_GROUP%40%40cloud-sentinel-outfter&encoding=UTF-8&namespaceId=public HTTP/1.1" 200 38 2 Nacos-Java-Client:v1.1.1
192.168.1.5 - - [20/Apr/2020:14:49:06 +0800] "GET /nacos/v1/cs/health HTTP/1.1" 200 2 1 Apache-HttpAsyncClient/4.1.3 (Java/1.8.0_45)
127.0.0.1 - - [20/Apr/2020:14:49:07 +0800] "PUT /nacos/v1/ns/instance/beat?beat=%7B%22cluster%22%3A%22DEFAULT%22%2C%22ip%22%3A%22192.168.1.5%22%2C%22metadata%22%3A%7B%22preserved.register.source%22%3A%22SPRING_CLOUD%22%7D%2C%22period%22%3A5000%2C%22port%22%3A8521%2C%22scheduled%22%3Afalse%2C%22serviceName%22%3A%22DEFAULT_GROUP%40%40cloud-sentinel-outfter%22%2C%22stopped%22%3Afalse%2C%22weight%22%3A1.0%7D&serviceName=DEFAULT_GROUP%40%40cloud-sentinel-outfter&encoding=UTF-8&namespaceId=public HTTP/1.1" 200 38 2 Nacos-Java-Client:v1.1.1
192.168.1.5 - - [20/Apr/2020:14:49:11 +0800] "GET /nacos/v1/cs/health HTTP/1.1" 200 2 5 Apache-HttpAsyncClient/4.1.3 (Java/1.8.0_45)
127.0.0.1 - - [20/Apr/2020:14:49:12 +0800] "PUT /nacos/v1/ns/instance/beat?beat=%7B%22cluster%22%3A%22DEFAULT%22%2C%22ip%22%3A%22192.168.1.5%22%2C%22metadata%22%3A%7B%22preserved.register.source%22%3A%22SPRING_CLOUD%22%7D%2C%22period%22%3A5000%2C%22port%22%3A8521%2C%22scheduled%22%3Afalse%2C%22serviceName%22%3A%22DEFAULT_GROUP%40%40cloud-sentinel-outfter%22%2C%22stopped%22%3Afalse%2C%22weight%22%3A1.0%7D&serviceName=DEFAULT_GROUP%40%40cloud-sentinel-outfter&encoding=UTF-8&namespaceId=public HTTP/1.1" 200 38 2 Nacos-Java-Client:v1.1.1
192.168.1.5 - - [20/Apr/2020:14:49:16 +0800] "GET /nacos/v1/cs/health HTTP/1.1" 200 2 2 Apache-HttpAsyncClient/4.1.3 (Java/1.8.0_45)
127.0.0.1 - - [20/Apr/2020:14:49:17 +0800] "PUT /nacos/v1/ns/instance/beat?beat=%7B%22cluster%22%3A%22DEFAULT%22%2C%22ip%22%3A%22192.168.1.5%22%2C%22metadata%22%3A%7B%22preserved.register.source%22%3A%22SPRING_CLOUD%22%7D%2C%22period%22%3A5000%2C%22port%22%3A8521%2C%22scheduled%22%3Afalse%2C%22serviceName%22%3A%22DEFAULT_GROUP%40%40cloud-sentinel-outfter%22%2C%22stopped%22%3Afalse%2C%22weight%22%3A1.0%7D&serviceName=DEFAULT_GROUP%40%40cloud-sentinel-outfter&encoding=UTF-8&namespaceId=public HTTP/1.1" 200 38 2 Nacos-Java-Client:v1.1.1
127.0.0.1 - - [20/Apr/2020:14:49:18 +0800] "POST /nacos/v1/cs/configs/listener HTTP/1.1" 200 - 29504 Java/1.8.0_45
192.168.1.5 - - [20/Apr/2020:14:49:21 +0800] "GET /nacos/v1/cs/health HTTP/1.1" 200 2 1 Apache-HttpAsyncClient/4.1.3 (Java/1.8.0_45)
127.0.0.1 - - [20/Apr/2020:14:49:22 +0800] "PUT /nacos/v1/ns/instance/beat?beat=%7B%22cluster%22%3A%22DEFAULT%22%2C%22ip%22%3A%22192.168.1.5%22%2C%22metadata%22%3A%7B%22preserved.register.source%22%3A%22SPRING_CLOUD%22%7D%2C%22period%22%3A5000%2C%22port%22%3A8521%2C%22scheduled%22%3Afalse%2C%22serviceName%22%3A%22DEFAULT_GROUP%40%40cloud-sentinel-outfter%22%2C%22stopped%22%3Afalse%2C%22weight%22%3A1.0%7D&serviceName=DEFAULT_GROUP%40%40cloud-sentinel-outfter&encoding=UTF-8&namespaceId=public HTTP/1.1" 200 38 2 Nacos-Java-Client:v1.1.1
192.168.1.5 - - [20/Apr/2020:14:49:26 +0800] "GET /nacos/v1/cs/health HTTP/1.1" 200 2 1 Apache-HttpAsyncClient/4.1.3 (Java/1.8.0_45)
