192.168.1.5 - - [22/Apr/2020:01:25:33 +0800] "GET /nacos/v1/cs/health HTTP/1.1" 200 2 86 Apache-HttpAsyncClient/4.1.3 (Java/1.8.0_45)
192.168.1.5 - - [22/Apr/2020:01:25:37 +0800] "GET /nacos/v1/cs/health HTTP/1.1" 200 2 4 Apache-HttpAsyncClient/4.1.3 (Java/1.8.0_45)
192.168.1.5 - - [22/Apr/2020:01:25:42 +0800] "GET /nacos/v1/cs/health HTTP/1.1" 200 2 9 Apache-HttpAsyncClient/4.1.3 (Java/1.8.0_45)
192.168.1.5 - - [22/Apr/2020:01:25:47 +0800] "GET /nacos/v1/cs/health HTTP/1.1" 200 2 5 Apache-HttpAsyncClient/4.1.3 (Java/1.8.0_45)
192.168.1.5 - - [22/Apr/2020:01:25:52 +0800] "GET /nacos/v1/cs/health HTTP/1.1" 200 2 14 Apache-HttpAsyncClient/4.1.3 (Java/1.8.0_45)
192.168.1.5 - - [22/Apr/2020:01:25:57 +0800] "GET /nacos/v1/cs/health HTTP/1.1" 200 2 16 Apache-HttpAsyncClient/4.1.3 (Java/1.8.0_45)
192.168.1.5 - - [22/Apr/2020:01:26:02 +0800] "GET /nacos/v1/cs/health HTTP/1.1" 200 2 5 Apache-HttpAsyncClient/4.1.3 (Java/1.8.0_45)
192.168.1.5 - - [22/Apr/2020:01:26:07 +0800] "GET /nacos/v1/cs/health HTTP/1.1" 200 2 3 Apache-HttpAsyncClient/4.1.3 (Java/1.8.0_45)
192.168.1.5 - - [22/Apr/2020:01:26:12 +0800] "GET /nacos/v1/cs/health HTTP/1.1" 200 2 15 Apache-HttpAsyncClient/4.1.3 (Java/1.8.0_45)
192.168.1.5 - - [22/Apr/2020:01:26:17 +0800] "GET /nacos/v1/cs/health HTTP/1.1" 200 2 3 Apache-HttpAsyncClient/4.1.3 (Java/1.8.0_45)
127.0.0.1 - - [22/Apr/2020:01:26:22 +0800] "GET /nacos/v1/cs/configs?dataId=cloud-user-handle-authority-rules&group=SENTINEL_GROUP HTTP/1.1" 404 23 41 Java/1.8.0_45
127.0.0.1 - - [22/Apr/2020:01:26:22 +0800] "POST /nacos/v1/cs/configs/listener HTTP/1.1" 200 55 40 Java/1.8.0_45
127.0.0.1 - - [22/Apr/2020:01:26:22 +0800] "GET /nacos/v1/cs/configs?dataId=cloud-user-handle-degrade-rules&group=SENTINEL_GROUP HTTP/1.1" 404 23 8 Java/1.8.0_45
127.0.0.1 - - [22/Apr/2020:01:26:22 +0800] "POST /nacos/v1/cs/configs/listener HTTP/1.1" 200 53 7 Java/1.8.0_45
127.0.0.1 - - [22/Apr/2020:01:26:22 +0800] "POST /nacos/v1/cs/configs/listener HTTP/1.1" 200 - 4 Java/1.8.0_45
127.0.0.1 - - [22/Apr/2020:01:26:22 +0800] "GET /nacos/v1/cs/configs?dataId=cloud-user-handle-flow-rules&group=SENTINEL_GROUP HTTP/1.1" 404 23 6 Java/1.8.0_45
127.0.0.1 - - [22/Apr/2020:01:26:22 +0800] "GET /nacos/v1/cs/configs?dataId=cloud-user-handle-param-flow-rules&group=SENTINEL_GROUP HTTP/1.1" 404 23 7 Java/1.8.0_45
127.0.0.1 - - [22/Apr/2020:01:26:22 +0800] "POST /nacos/v1/cs/configs/listener HTTP/1.1" 200 56 6 Java/1.8.0_45
127.0.0.1 - - [22/Apr/2020:01:26:22 +0800] "GET /nacos/v1/cs/configs?dataId=cloud-user-handle-system-rules&group=SENTINEL_GROUP HTTP/1.1" 404 23 4 Java/1.8.0_45
127.0.0.1 - - [22/Apr/2020:01:26:22 +0800] "POST /nacos/v1/cs/configs/listener HTTP/1.1" 200 - 3 Java/1.8.0_45
127.0.0.1 - - [22/Apr/2020:01:26:22 +0800] "GET /nacos/v1/cs/configs?dataId=cloud-user-handle-authority-rules&group=SENTINEL_GROUP HTTP/1.1" 404 23 5 Java/1.8.0_45
127.0.0.1 - - [22/Apr/2020:01:26:22 +0800] "GET /nacos/v1/cs/configs?dataId=cloud-user-handle-degrade-rules&group=SENTINEL_GROUP HTTP/1.1" 404 23 4 Java/1.8.0_45
127.0.0.1 - - [22/Apr/2020:01:26:22 +0800] "GET /nacos/v1/cs/configs?dataId=cloud-user-handle-param-flow-rules&group=SENTINEL_GROUP HTTP/1.1" 404 23 4 Java/1.8.0_45
127.0.0.1 - - [22/Apr/2020:01:26:22 +0800] "POST /nacos/v1/ns/instance?groupName=DEFAULT_GROUP&metadata=%7B%22preserved.register.source%22%3A%22SPRING_CLOUD%22%7D&namespaceId=public&port=8721&enable=true&healthy=true&clusterName=DEFAULT&ip=192.168.1.5&weight=1.0&ephemeral=true&serviceName=DEFAULT_GROUP%40%40cloud-user-handle&encoding=UTF-8 HTTP/1.1" 200 2 78 Nacos-Java-Client:v1.1.1
127.0.0.1 - - [22/Apr/2020:01:26:22 +0800] "PUT /nacos/v1/ns/instance/beat?beat=%7B%22cluster%22%3A%22DEFAULT%22%2C%22ip%22%3A%22192.168.1.5%22%2C%22metadata%22%3A%7B%22preserved.register.source%22%3A%22SPRING_CLOUD%22%7D%2C%22period%22%3A5000%2C%22port%22%3A8721%2C%22scheduled%22%3Afalse%2C%22serviceName%22%3A%22DEFAULT_GROUP%40%40cloud-user-handle%22%2C%22stopped%22%3Afalse%2C%22weight%22%3A1.0%7D&serviceName=DEFAULT_GROUP%40%40cloud-user-handle&encoding=UTF-8&namespaceId=public HTTP/1.1" 200 38 155 Nacos-Java-Client:v1.1.1
192.168.1.5 - - [22/Apr/2020:01:26:22 +0800] "GET /nacos/v1/cs/health HTTP/1.1" 200 2 4 Apache-HttpAsyncClient/4.1.3 (Java/1.8.0_45)
127.0.0.1 - - [22/Apr/2020:01:26:23 +0800] "GET /nacos/v1/cs/configs?dataId=cloud-user-handle-authority-rules&group=SENTINEL_GROUP HTTP/1.1" 404 23 3 Java/1.8.0_45
127.0.0.1 - - [22/Apr/2020:01:26:23 +0800] "GET /nacos/v1/cs/configs?dataId=cloud-user-handle-degrade-rules&group=SENTINEL_GROUP HTTP/1.1" 404 23 3 Java/1.8.0_45
127.0.0.1 - - [22/Apr/2020:01:26:23 +0800] "GET /nacos/v1/cs/configs?dataId=cloud-user-handle-flow-rules&group=SENTINEL_GROUP HTTP/1.1" 404 23 3 Java/1.8.0_45
127.0.0.1 - - [22/Apr/2020:01:26:23 +0800] "GET /nacos/v1/cs/configs?dataId=cloud-user-handle-param-flow-rules&group=SENTINEL_GROUP HTTP/1.1" 404 23 4 Java/1.8.0_45
127.0.0.1 - - [22/Apr/2020:01:26:23 +0800] "GET /nacos/v1/cs/configs?dataId=cloud-user-handle-system-rules&group=SENTINEL_GROUP HTTP/1.1" 404 23 4 Java/1.8.0_45
127.0.0.1 - - [22/Apr/2020:01:26:23 +0800] "GET /nacos/v1/ns/service/list?pageSize=2147483647&groupName=DEFAULT_GROUP&encoding=UTF-8&namespaceId=public&pageNo=1 HTTP/1.1" 200 51 9 Nacos-Java-Client:v1.1.1
127.0.0.1 - - [22/Apr/2020:01:26:27 +0800] "PUT /nacos/v1/ns/instance/beat?beat=%7B%22cluster%22%3A%22DEFAULT%22%2C%22ip%22%3A%22192.168.1.5%22%2C%22metadata%22%3A%7B%22preserved.register.source%22%3A%22SPRING_CLOUD%22%7D%2C%22period%22%3A5000%2C%22port%22%3A8721%2C%22scheduled%22%3Afalse%2C%22serviceName%22%3A%22DEFAULT_GROUP%40%40cloud-user-handle%22%2C%22stopped%22%3Afalse%2C%22weight%22%3A1.0%7D&serviceName=DEFAULT_GROUP%40%40cloud-user-handle&encoding=UTF-8&namespaceId=public HTTP/1.1" 200 38 4 Nacos-Java-Client:v1.1.1
192.168.1.5 - - [22/Apr/2020:01:26:27 +0800] "GET /nacos/v1/cs/health HTTP/1.1" 200 2 2 Apache-HttpAsyncClient/4.1.3 (Java/1.8.0_45)
127.0.0.1 - - [22/Apr/2020:01:26:32 +0800] "PUT /nacos/v1/ns/instance/beat?beat=%7B%22cluster%22%3A%22DEFAULT%22%2C%22ip%22%3A%22192.168.1.5%22%2C%22metadata%22%3A%7B%22preserved.register.source%22%3A%22SPRING_CLOUD%22%7D%2C%22period%22%3A5000%2C%22port%22%3A8721%2C%22scheduled%22%3Afalse%2C%22serviceName%22%3A%22DEFAULT_GROUP%40%40cloud-user-handle%22%2C%22stopped%22%3Afalse%2C%22weight%22%3A1.0%7D&serviceName=DEFAULT_GROUP%40%40cloud-user-handle&encoding=UTF-8&namespaceId=public HTTP/1.1" 200 38 3 Nacos-Java-Client:v1.1.1
192.168.1.5 - - [22/Apr/2020:01:26:32 +0800] "GET /nacos/v1/cs/health HTTP/1.1" 200 2 2 Apache-HttpAsyncClient/4.1.3 (Java/1.8.0_45)
127.0.0.1 - - [22/Apr/2020:01:26:37 +0800] "PUT /nacos/v1/ns/instance/beat?beat=%7B%22cluster%22%3A%22DEFAULT%22%2C%22ip%22%3A%22192.168.1.5%22%2C%22metadata%22%3A%7B%22preserved.register.source%22%3A%22SPRING_CLOUD%22%7D%2C%22period%22%3A5000%2C%22port%22%3A8721%2C%22scheduled%22%3Afalse%2C%22serviceName%22%3A%22DEFAULT_GROUP%40%40cloud-user-handle%22%2C%22stopped%22%3Afalse%2C%22weight%22%3A1.0%7D&serviceName=DEFAULT_GROUP%40%40cloud-user-handle&encoding=UTF-8&namespaceId=public HTTP/1.1" 200 38 7 Nacos-Java-Client:v1.1.1
192.168.1.5 - - [22/Apr/2020:01:26:37 +0800] "GET /nacos/v1/cs/health HTTP/1.1" 200 2 4 Apache-HttpAsyncClient/4.1.3 (Java/1.8.0_45)
127.0.0.1 - - [22/Apr/2020:01:26:42 +0800] "PUT /nacos/v1/ns/instance/beat?beat=%7B%22cluster%22%3A%22DEFAULT%22%2C%22ip%22%3A%22192.168.1.5%22%2C%22metadata%22%3A%7B%22preserved.register.source%22%3A%22SPRING_CLOUD%22%7D%2C%22period%22%3A5000%2C%22port%22%3A8721%2C%22scheduled%22%3Afalse%2C%22serviceName%22%3A%22DEFAULT_GROUP%40%40cloud-user-handle%22%2C%22stopped%22%3Afalse%2C%22weight%22%3A1.0%7D&serviceName=DEFAULT_GROUP%40%40cloud-user-handle&encoding=UTF-8&namespaceId=public HTTP/1.1" 200 38 4 Nacos-Java-Client:v1.1.1
192.168.1.5 - - [22/Apr/2020:01:26:42 +0800] "GET /nacos/v1/cs/health HTTP/1.1" 200 2 2 Apache-HttpAsyncClient/4.1.3 (Java/1.8.0_45)
127.0.0.1 - - [22/Apr/2020:01:26:47 +0800] "PUT /nacos/v1/ns/instance/beat?beat=%7B%22cluster%22%3A%22DEFAULT%22%2C%22ip%22%3A%22192.168.1.5%22%2C%22metadata%22%3A%7B%22preserved.register.source%22%3A%22SPRING_CLOUD%22%7D%2C%22period%22%3A5000%2C%22port%22%3A8721%2C%22scheduled%22%3Afalse%2C%22serviceName%22%3A%22DEFAULT_GROUP%40%40cloud-user-handle%22%2C%22stopped%22%3Afalse%2C%22weight%22%3A1.0%7D&serviceName=DEFAULT_GROUP%40%40cloud-user-handle&encoding=UTF-8&namespaceId=public HTTP/1.1" 200 38 4 Nacos-Java-Client:v1.1.1
192.168.1.5 - - [22/Apr/2020:01:26:47 +0800] "GET /nacos/v1/cs/health HTTP/1.1" 200 2 2 Apache-HttpAsyncClient/4.1.3 (Java/1.8.0_45)
127.0.0.1 - - [22/Apr/2020:01:26:52 +0800] "POST /nacos/v1/cs/configs/listener HTTP/1.1" 200 - 29511 Java/1.8.0_45
127.0.0.1 - - [22/Apr/2020:01:26:52 +0800] "POST /nacos/v1/cs/configs/listener HTTP/1.1" 200 - 29504 Java/1.8.0_45
127.0.0.1 - - [22/Apr/2020:01:26:52 +0800] "POST /nacos/v1/cs/configs/listener HTTP/1.1" 200 - 29506 Java/1.8.0_45
127.0.0.1 - - [22/Apr/2020:01:26:52 +0800] "POST /nacos/v1/cs/configs/listener HTTP/1.1" 200 - 29504 Java/1.8.0_45
127.0.0.1 - - [22/Apr/2020:01:26:52 +0800] "POST /nacos/v1/cs/configs/listener HTTP/1.1" 200 - 29505 Java/1.8.0_45
127.0.0.1 - - [22/Apr/2020:01:26:52 +0800] "PUT /nacos/v1/ns/instance/beat?beat=%7B%22cluster%22%3A%22DEFAULT%22%2C%22ip%22%3A%22192.168.1.5%22%2C%22metadata%22%3A%7B%22preserved.register.source%22%3A%22SPRING_CLOUD%22%7D%2C%22period%22%3A5000%2C%22port%22%3A8721%2C%22scheduled%22%3Afalse%2C%22serviceName%22%3A%22DEFAULT_GROUP%40%40cloud-user-handle%22%2C%22stopped%22%3Afalse%2C%22weight%22%3A1.0%7D&serviceName=DEFAULT_GROUP%40%40cloud-user-handle&encoding=UTF-8&namespaceId=public HTTP/1.1" 200 38 5 Nacos-Java-Client:v1.1.1
192.168.1.5 - - [22/Apr/2020:01:26:52 +0800] "GET /nacos/v1/cs/health HTTP/1.1" 200 2 4 Apache-HttpAsyncClient/4.1.3 (Java/1.8.0_45)
192.168.1.5 - - [22/Apr/2020:01:26:57 +0800] "GET /nacos/v1/cs/health HTTP/1.1" 200 2 4 Apache-HttpAsyncClient/4.1.3 (Java/1.8.0_45)
127.0.0.1 - - [22/Apr/2020:01:26:57 +0800] "PUT /nacos/v1/ns/instance/beat?beat=%7B%22cluster%22%3A%22DEFAULT%22%2C%22ip%22%3A%22192.168.1.5%22%2C%22metadata%22%3A%7B%22preserved.register.source%22%3A%22SPRING_CLOUD%22%7D%2C%22period%22%3A5000%2C%22port%22%3A8721%2C%22scheduled%22%3Afalse%2C%22serviceName%22%3A%22DEFAULT_GROUP%40%40cloud-user-handle%22%2C%22stopped%22%3Afalse%2C%22weight%22%3A1.0%7D&serviceName=DEFAULT_GROUP%40%40cloud-user-handle&encoding=UTF-8&namespaceId=public HTTP/1.1" 200 38 7 Nacos-Java-Client:v1.1.1
192.168.1.5 - - [22/Apr/2020:01:27:02 +0800] "GET /nacos/v1/cs/health HTTP/1.1" 200 2 3 Apache-HttpAsyncClient/4.1.3 (Java/1.8.0_45)
127.0.0.1 - - [22/Apr/2020:01:27:02 +0800] "PUT /nacos/v1/ns/instance/beat?beat=%7B%22cluster%22%3A%22DEFAULT%22%2C%22ip%22%3A%22192.168.1.5%22%2C%22metadata%22%3A%7B%22preserved.register.source%22%3A%22SPRING_CLOUD%22%7D%2C%22period%22%3A5000%2C%22port%22%3A8721%2C%22scheduled%22%3Afalse%2C%22serviceName%22%3A%22DEFAULT_GROUP%40%40cloud-user-handle%22%2C%22stopped%22%3Afalse%2C%22weight%22%3A1.0%7D&serviceName=DEFAULT_GROUP%40%40cloud-user-handle&encoding=UTF-8&namespaceId=public HTTP/1.1" 200 38 2 Nacos-Java-Client:v1.1.1
0:0:0:0:0:0:0:1 - - [22/Apr/2020:01:27:05 +0800] "GET /nacos/v1/console/server/state HTTP/1.1" 200 82 7 Mozilla/5.0 (Windows NT 10.0; Win64; x64) AppleWebKit/537.36 (KHTML, like Gecko) Chrome/80.0.3987.163 Safari/537.36
0:0:0:0:0:0:0:1 - - [22/Apr/2020:01:27:05 +0800] "GET /nacos/v1/console/namespaces?namespaceId= HTTP/1.1" 401 154 256 Mozilla/5.0 (Windows NT 10.0; Win64; x64) AppleWebKit/537.36 (KHTML, like Gecko) Chrome/80.0.3987.163 Safari/537.36
0:0:0:0:0:0:0:1 - - [22/Apr/2020:01:27:05 +0800] "GET /nacos/v1/ns/catalog/services?hasIpCount=false&withInstances=false&pageNo=1&pageSize=10&serviceNameParam=&groupNameParam=&namespaceId= HTTP/1.1" 200 171 28 Mozilla/5.0 (Windows NT 10.0; Win64; x64) AppleWebKit/537.36 (KHTML, like Gecko) Chrome/80.0.3987.163 Safari/537.36
192.168.1.5 - - [22/Apr/2020:01:27:07 +0800] "GET /nacos/v1/cs/health HTTP/1.1" 200 2 2 Apache-HttpAsyncClient/4.1.3 (Java/1.8.0_45)
127.0.0.1 - - [22/Apr/2020:01:27:07 +0800] "PUT /nacos/v1/ns/instance/beat?beat=%7B%22cluster%22%3A%22DEFAULT%22%2C%22ip%22%3A%22192.168.1.5%22%2C%22metadata%22%3A%7B%22preserved.register.source%22%3A%22SPRING_CLOUD%22%7D%2C%22period%22%3A5000%2C%22port%22%3A8721%2C%22scheduled%22%3Afalse%2C%22serviceName%22%3A%22DEFAULT_GROUP%40%40cloud-user-handle%22%2C%22stopped%22%3Afalse%2C%22weight%22%3A1.0%7D&serviceName=DEFAULT_GROUP%40%40cloud-user-handle&encoding=UTF-8&namespaceId=public HTTP/1.1" 200 38 3 Nacos-Java-Client:v1.1.1
0:0:0:0:0:0:0:1 - - [22/Apr/2020:01:27:08 +0800] "POST /nacos/v1/auth/login HTTP/1.1" 200 176 197 Mozilla/5.0 (Windows NT 10.0; Win64; x64) AppleWebKit/537.36 (KHTML, like Gecko) Chrome/80.0.3987.163 Safari/537.36
0:0:0:0:0:0:0:1 - - [22/Apr/2020:01:27:09 +0800] "GET /nacos/v1/console/namespaces?namespaceId= HTTP/1.1" 200 130 32 Mozilla/5.0 (Windows NT 10.0; Win64; x64) AppleWebKit/537.36 (KHTML, like Gecko) Chrome/80.0.3987.163 Safari/537.36
0:0:0:0:0:0:0:1 - - [22/Apr/2020:01:27:09 +0800] "GET /nacos/v1/console/server/state HTTP/1.1" 200 82 2 Mozilla/5.0 (Windows NT 10.0; Win64; x64) AppleWebKit/537.36 (KHTML, like Gecko) Chrome/80.0.3987.163 Safari/537.36
0:0:0:0:0:0:0:1 - - [22/Apr/2020:01:27:09 +0800] "GET /nacos/v1/cs/configs?search=accurate&dataId=&group=&appName=&config_tags=&pageNo=1&pageSize=10&tenant=&namespaceId= HTTP/1.1" 200 - 18 Mozilla/5.0 (Windows NT 10.0; Win64; x64) AppleWebKit/537.36 (KHTML, like Gecko) Chrome/80.0.3987.163 Safari/537.36
192.168.1.5 - - [22/Apr/2020:01:27:12 +0800] "GET /nacos/v1/cs/health HTTP/1.1" 200 2 1 Apache-HttpAsyncClient/4.1.3 (Java/1.8.0_45)
127.0.0.1 - - [22/Apr/2020:01:27:13 +0800] "PUT /nacos/v1/ns/instance/beat?beat=%7B%22cluster%22%3A%22DEFAULT%22%2C%22ip%22%3A%22192.168.1.5%22%2C%22metadata%22%3A%7B%22preserved.register.source%22%3A%22SPRING_CLOUD%22%7D%2C%22period%22%3A5000%2C%22port%22%3A8721%2C%22scheduled%22%3Afalse%2C%22serviceName%22%3A%22DEFAULT_GROUP%40%40cloud-user-handle%22%2C%22stopped%22%3Afalse%2C%22weight%22%3A1.0%7D&serviceName=DEFAULT_GROUP%40%40cloud-user-handle&encoding=UTF-8&namespaceId=public HTTP/1.1" 200 38 3 Nacos-Java-Client:v1.1.1
0:0:0:0:0:0:0:1 - - [22/Apr/2020:01:27:13 +0800] "GET /nacos/v1/ns/catalog/services?hasIpCount=false&withInstances=false&pageNo=1&pageSize=10&serviceNameParam=&groupNameParam=&namespaceId= HTTP/1.1" 200 171 3 Mozilla/5.0 (Windows NT 10.0; Win64; x64) AppleWebKit/537.36 (KHTML, like Gecko) Chrome/80.0.3987.163 Safari/537.36
0:0:0:0:0:0:0:1 - - [22/Apr/2020:01:27:15 +0800] "GET /nacos/v1/cs/configs?search=accurate&dataId=&group=&appName=&config_tags=&pageNo=1&pageSize=10&tenant=&namespaceId= HTTP/1.1" 200 - 3 Mozilla/5.0 (Windows NT 10.0; Win64; x64) AppleWebKit/537.36 (KHTML, like Gecko) Chrome/80.0.3987.163 Safari/537.36
0:0:0:0:0:0:0:1 - - [22/Apr/2020:01:27:16 +0800] "GET /nacos/ HTTP/1.1" 304 - 15 Mozilla/5.0 (Windows NT 10.0; Win64; x64) AppleWebKit/537.36 (KHTML, like Gecko) Chrome/80.0.3987.163 Safari/537.36
0:0:0:0:0:0:0:1 - - [22/Apr/2020:01:27:16 +0800] "GET /nacos/v1/console/namespaces?namespaceId= HTTP/1.1" 200 130 8 Mozilla/5.0 (Windows NT 10.0; Win64; x64) AppleWebKit/537.36 (KHTML, like Gecko) Chrome/80.0.3987.163 Safari/537.36
0:0:0:0:0:0:0:1 - - [22/Apr/2020:01:27:16 +0800] "GET /nacos/v1/console/server/state HTTP/1.1" 200 82 5 Mozilla/5.0 (Windows NT 10.0; Win64; x64) AppleWebKit/537.36 (KHTML, like Gecko) Chrome/80.0.3987.163 Safari/537.36
0:0:0:0:0:0:0:1 - - [22/Apr/2020:01:27:16 +0800] "GET /nacos/v1/cs/configs?search=accurate&dataId=&group=&appName=&config_tags=&pageNo=1&pageSize=10&tenant=&namespaceId= HTTP/1.1" 200 - 9 Mozilla/5.0 (Windows NT 10.0; Win64; x64) AppleWebKit/537.36 (KHTML, like Gecko) Chrome/80.0.3987.163 Safari/537.36
0:0:0:0:0:0:0:1 - - [22/Apr/2020:01:27:16 +0800] "GET /nacos/console-fe/public/img/favicon.ico HTTP/1.1" 200 4286 15 Mozilla/5.0 (Windows NT 10.0; Win64; x64) AppleWebKit/537.36 (KHTML, like Gecko) Chrome/80.0.3987.163 Safari/537.36
192.168.1.5 - - [22/Apr/2020:01:27:17 +0800] "GET /nacos/v1/cs/health HTTP/1.1" 200 2 2 Apache-HttpAsyncClient/4.1.3 (Java/1.8.0_45)
127.0.0.1 - - [22/Apr/2020:01:27:18 +0800] "PUT /nacos/v1/ns/instance/beat?beat=%7B%22cluster%22%3A%22DEFAULT%22%2C%22ip%22%3A%22192.168.1.5%22%2C%22metadata%22%3A%7B%22preserved.register.source%22%3A%22SPRING_CLOUD%22%7D%2C%22period%22%3A5000%2C%22port%22%3A8721%2C%22scheduled%22%3Afalse%2C%22serviceName%22%3A%22DEFAULT_GROUP%40%40cloud-user-handle%22%2C%22stopped%22%3Afalse%2C%22weight%22%3A1.0%7D&serviceName=DEFAULT_GROUP%40%40cloud-user-handle&encoding=UTF-8&namespaceId=public HTTP/1.1" 200 38 2 Nacos-Java-Client:v1.1.1
127.0.0.1 - - [22/Apr/2020:01:27:21 +0800] "POST /nacos/v1/cs/configs/listener HTTP/1.1" 200 - 29503 Java/1.8.0_45
127.0.0.1 - - [22/Apr/2020:01:27:21 +0800] "POST /nacos/v1/cs/configs/listener HTTP/1.1" 200 - 29502 Java/1.8.0_45
127.0.0.1 - - [22/Apr/2020:01:27:21 +0800] "POST /nacos/v1/cs/configs/listener HTTP/1.1" 200 - 29503 Java/1.8.0_45
127.0.0.1 - - [22/Apr/2020:01:27:21 +0800] "POST /nacos/v1/cs/configs/listener HTTP/1.1" 200 - 29503 Java/1.8.0_45
127.0.0.1 - - [22/Apr/2020:01:27:21 +0800] "POST /nacos/v1/cs/configs/listener HTTP/1.1" 200 - 29502 Java/1.8.0_45
192.168.1.5 - - [22/Apr/2020:01:27:22 +0800] "GET /nacos/v1/cs/health HTTP/1.1" 200 2 2 Apache-HttpAsyncClient/4.1.3 (Java/1.8.0_45)
127.0.0.1 - - [22/Apr/2020:01:27:23 +0800] "PUT /nacos/v1/ns/instance/beat?beat=%7B%22cluster%22%3A%22DEFAULT%22%2C%22ip%22%3A%22192.168.1.5%22%2C%22metadata%22%3A%7B%22preserved.register.source%22%3A%22SPRING_CLOUD%22%7D%2C%22period%22%3A5000%2C%22port%22%3A8721%2C%22scheduled%22%3Afalse%2C%22serviceName%22%3A%22DEFAULT_GROUP%40%40cloud-user-handle%22%2C%22stopped%22%3Afalse%2C%22weight%22%3A1.0%7D&serviceName=DEFAULT_GROUP%40%40cloud-user-handle&encoding=UTF-8&namespaceId=public HTTP/1.1" 200 38 3 Nacos-Java-Client:v1.1.1
192.168.1.5 - - [22/Apr/2020:01:27:27 +0800] "GET /nacos/v1/cs/health HTTP/1.1" 200 2 2 Apache-HttpAsyncClient/4.1.3 (Java/1.8.0_45)
127.0.0.1 - - [22/Apr/2020:01:27:28 +0800] "PUT /nacos/v1/ns/instance/beat?beat=%7B%22cluster%22%3A%22DEFAULT%22%2C%22ip%22%3A%22192.168.1.5%22%2C%22metadata%22%3A%7B%22preserved.register.source%22%3A%22SPRING_CLOUD%22%7D%2C%22period%22%3A5000%2C%22port%22%3A8721%2C%22scheduled%22%3Afalse%2C%22serviceName%22%3A%22DEFAULT_GROUP%40%40cloud-user-handle%22%2C%22stopped%22%3Afalse%2C%22weight%22%3A1.0%7D&serviceName=DEFAULT_GROUP%40%40cloud-user-handle&encoding=UTF-8&namespaceId=public HTTP/1.1" 200 38 3 Nacos-Java-Client:v1.1.1
192.168.1.5 - - [22/Apr/2020:01:27:32 +0800] "GET /nacos/v1/cs/health HTTP/1.1" 200 2 2 Apache-HttpAsyncClient/4.1.3 (Java/1.8.0_45)
127.0.0.1 - - [22/Apr/2020:01:27:33 +0800] "PUT /nacos/v1/ns/instance/beat?beat=%7B%22cluster%22%3A%22DEFAULT%22%2C%22ip%22%3A%22192.168.1.5%22%2C%22metadata%22%3A%7B%22preserved.register.source%22%3A%22SPRING_CLOUD%22%7D%2C%22period%22%3A5000%2C%22port%22%3A8721%2C%22scheduled%22%3Afalse%2C%22serviceName%22%3A%22DEFAULT_GROUP%40%40cloud-user-handle%22%2C%22stopped%22%3Afalse%2C%22weight%22%3A1.0%7D&serviceName=DEFAULT_GROUP%40%40cloud-user-handle&encoding=UTF-8&namespaceId=public HTTP/1.1" 200 38 2 Nacos-Java-Client:v1.1.1
192.168.1.5 - - [22/Apr/2020:01:27:37 +0800] "GET /nacos/v1/cs/health HTTP/1.1" 200 2 3 Apache-HttpAsyncClient/4.1.3 (Java/1.8.0_45)
127.0.0.1 - - [22/Apr/2020:01:27:38 +0800] "PUT /nacos/v1/ns/instance/beat?beat=%7B%22cluster%22%3A%22DEFAULT%22%2C%22ip%22%3A%22192.168.1.5%22%2C%22metadata%22%3A%7B%22preserved.register.source%22%3A%22SPRING_CLOUD%22%7D%2C%22period%22%3A5000%2C%22port%22%3A8721%2C%22scheduled%22%3Afalse%2C%22serviceName%22%3A%22DEFAULT_GROUP%40%40cloud-user-handle%22%2C%22stopped%22%3Afalse%2C%22weight%22%3A1.0%7D&serviceName=DEFAULT_GROUP%40%40cloud-user-handle&encoding=UTF-8&namespaceId=public HTTP/1.1" 200 38 2 Nacos-Java-Client:v1.1.1
192.168.1.5 - - [22/Apr/2020:01:27:42 +0800] "GET /nacos/v1/cs/health HTTP/1.1" 200 2 1 Apache-HttpAsyncClient/4.1.3 (Java/1.8.0_45)
127.0.0.1 - - [22/Apr/2020:01:27:43 +0800] "PUT /nacos/v1/ns/instance/beat?beat=%7B%22cluster%22%3A%22DEFAULT%22%2C%22ip%22%3A%22192.168.1.5%22%2C%22metadata%22%3A%7B%22preserved.register.source%22%3A%22SPRING_CLOUD%22%7D%2C%22period%22%3A5000%2C%22port%22%3A8721%2C%22scheduled%22%3Afalse%2C%22serviceName%22%3A%22DEFAULT_GROUP%40%40cloud-user-handle%22%2C%22stopped%22%3Afalse%2C%22weight%22%3A1.0%7D&serviceName=DEFAULT_GROUP%40%40cloud-user-handle&encoding=UTF-8&namespaceId=public HTTP/1.1" 200 38 2 Nacos-Java-Client:v1.1.1
192.168.1.5 - - [22/Apr/2020:01:27:47 +0800] "GET /nacos/v1/cs/health HTTP/1.1" 200 2 1 Apache-HttpAsyncClient/4.1.3 (Java/1.8.0_45)
127.0.0.1 - - [22/Apr/2020:01:27:48 +0800] "PUT /nacos/v1/ns/instance/beat?beat=%7B%22cluster%22%3A%22DEFAULT%22%2C%22ip%22%3A%22192.168.1.5%22%2C%22metadata%22%3A%7B%22preserved.register.source%22%3A%22SPRING_CLOUD%22%7D%2C%22period%22%3A5000%2C%22port%22%3A8721%2C%22scheduled%22%3Afalse%2C%22serviceName%22%3A%22DEFAULT_GROUP%40%40cloud-user-handle%22%2C%22stopped%22%3Afalse%2C%22weight%22%3A1.0%7D&serviceName=DEFAULT_GROUP%40%40cloud-user-handle&encoding=UTF-8&namespaceId=public HTTP/1.1" 200 38 3 Nacos-Java-Client:v1.1.1
0:0:0:0:0:0:0:1 - - [22/Apr/2020:01:27:49 +0800] "GET /nacos/ HTTP/1.1" 304 - 4 Mozilla/5.0 (Windows NT 10.0; Win64; x64) AppleWebKit/537.36 (KHTML, like Gecko) Chrome/80.0.3987.163 Safari/537.36
0:0:0:0:0:0:0:1 - - [22/Apr/2020:01:27:49 +0800] "GET /nacos/v1/console/namespaces?namespaceId= HTTP/1.1" 200 130 4 Mozilla/5.0 (Windows NT 10.0; Win64; x64) AppleWebKit/537.36 (KHTML, like Gecko) Chrome/80.0.3987.163 Safari/537.36
0:0:0:0:0:0:0:1 - - [22/Apr/2020:01:27:49 +0800] "GET /nacos/v1/console/server/state HTTP/1.1" 200 82 3 Mozilla/5.0 (Windows NT 10.0; Win64; x64) AppleWebKit/537.36 (KHTML, like Gecko) Chrome/80.0.3987.163 Safari/537.36
0:0:0:0:0:0:0:1 - - [22/Apr/2020:01:27:49 +0800] "GET /nacos/v1/cs/configs?search=accurate&dataId=&group=&appName=&config_tags=&pageNo=1&pageSize=10&tenant=&namespaceId= HTTP/1.1" 200 - 5 Mozilla/5.0 (Windows NT 10.0; Win64; x64) AppleWebKit/537.36 (KHTML, like Gecko) Chrome/80.0.3987.163 Safari/537.36
0:0:0:0:0:0:0:1 - - [22/Apr/2020:01:27:49 +0800] "GET /nacos/console-fe/public/img/favicon.ico HTTP/1.1" 200 4286 3 Mozilla/5.0 (Windows NT 10.0; Win64; x64) AppleWebKit/537.36 (KHTML, like Gecko) Chrome/80.0.3987.163 Safari/537.36
0:0:0:0:0:0:0:1 - - [22/Apr/2020:01:27:49 +0800] "GET /nacos/ HTTP/1.1" 304 - 4 Mozilla/5.0 (Windows NT 10.0; Win64; x64) AppleWebKit/537.36 (KHTML, like Gecko) Chrome/80.0.3987.163 Safari/537.36
0:0:0:0:0:0:0:1 - - [22/Apr/2020:01:27:49 +0800] "GET /nacos/v1/console/namespaces?namespaceId= HTTP/1.1" 200 130 4 Mozilla/5.0 (Windows NT 10.0; Win64; x64) AppleWebKit/537.36 (KHTML, like Gecko) Chrome/80.0.3987.163 Safari/537.36
0:0:0:0:0:0:0:1 - - [22/Apr/2020:01:27:49 +0800] "GET /nacos/v1/console/server/state HTTP/1.1" 200 82 3 Mozilla/5.0 (Windows NT 10.0; Win64; x64) AppleWebKit/537.36 (KHTML, like Gecko) Chrome/80.0.3987.163 Safari/537.36
0:0:0:0:0:0:0:1 - - [22/Apr/2020:01:27:49 +0800] "GET /nacos/v1/cs/configs?search=accurate&dataId=&group=&appName=&config_tags=&pageNo=1&pageSize=10&tenant=&namespaceId= HTTP/1.1" 200 - 3 Mozilla/5.0 (Windows NT 10.0; Win64; x64) AppleWebKit/537.36 (KHTML, like Gecko) Chrome/80.0.3987.163 Safari/537.36
0:0:0:0:0:0:0:1 - - [22/Apr/2020:01:27:50 +0800] "GET /nacos/console-fe/public/img/favicon.ico HTTP/1.1" 200 4286 3 Mozilla/5.0 (Windows NT 10.0; Win64; x64) AppleWebKit/537.36 (KHTML, like Gecko) Chrome/80.0.3987.163 Safari/537.36
127.0.0.1 - - [22/Apr/2020:01:27:51 +0800] "POST /nacos/v1/cs/configs/listener HTTP/1.1" 200 - 29503 Java/1.8.0_45
127.0.0.1 - - [22/Apr/2020:01:27:51 +0800] "POST /nacos/v1/cs/configs/listener HTTP/1.1" 200 - 29502 Java/1.8.0_45
127.0.0.1 - - [22/Apr/2020:01:27:51 +0800] "POST /nacos/v1/cs/configs/listener HTTP/1.1" 200 - 29503 Java/1.8.0_45
127.0.0.1 - - [22/Apr/2020:01:27:51 +0800] "POST /nacos/v1/cs/configs/listener HTTP/1.1" 200 - 29502 Java/1.8.0_45
127.0.0.1 - - [22/Apr/2020:01:27:51 +0800] "POST /nacos/v1/cs/configs/listener HTTP/1.1" 200 - 29502 Java/1.8.0_45
0:0:0:0:0:0:0:1 - - [22/Apr/2020:01:27:51 +0800] "GET /nacos/ HTTP/1.1" 304 - 4 Mozilla/5.0 (Windows NT 10.0; Win64; x64) AppleWebKit/537.36 (KHTML, like Gecko) Chrome/80.0.3987.163 Safari/537.36
0:0:0:0:0:0:0:1 - - [22/Apr/2020:01:27:51 +0800] "GET /nacos/v1/console/namespaces?namespaceId= HTTP/1.1" 200 130 4 Mozilla/5.0 (Windows NT 10.0; Win64; x64) AppleWebKit/537.36 (KHTML, like Gecko) Chrome/80.0.3987.163 Safari/537.36
0:0:0:0:0:0:0:1 - - [22/Apr/2020:01:27:51 +0800] "GET /nacos/v1/console/server/state HTTP/1.1" 200 82 2 Mozilla/5.0 (Windows NT 10.0; Win64; x64) AppleWebKit/537.36 (KHTML, like Gecko) Chrome/80.0.3987.163 Safari/537.36
0:0:0:0:0:0:0:1 - - [22/Apr/2020:01:27:51 +0800] "GET /nacos/console-fe/public/img/favicon.ico HTTP/1.1" 200 4286 2 Mozilla/5.0 (Windows NT 10.0; Win64; x64) AppleWebKit/537.36 (KHTML, like Gecko) Chrome/80.0.3987.163 Safari/537.36
0:0:0:0:0:0:0:1 - - [22/Apr/2020:01:27:52 +0800] "GET /nacos/v1/cs/configs?search=accurate&dataId=&group=&appName=&config_tags=&pageNo=1&pageSize=10&tenant=&namespaceId= HTTP/1.1" 200 - 3 Mozilla/5.0 (Windows NT 10.0; Win64; x64) AppleWebKit/537.36 (KHTML, like Gecko) Chrome/80.0.3987.163 Safari/537.36
192.168.1.5 - - [22/Apr/2020:01:27:52 +0800] "GET /nacos/v1/cs/health HTTP/1.1" 200 2 1 Apache-HttpAsyncClient/4.1.3 (Java/1.8.0_45)
127.0.0.1 - - [22/Apr/2020:01:27:53 +0800] "PUT /nacos/v1/ns/instance/beat?beat=%7B%22cluster%22%3A%22DEFAULT%22%2C%22ip%22%3A%22192.168.1.5%22%2C%22metadata%22%3A%7B%22preserved.register.source%22%3A%22SPRING_CLOUD%22%7D%2C%22period%22%3A5000%2C%22port%22%3A8721%2C%22scheduled%22%3Afalse%2C%22serviceName%22%3A%22DEFAULT_GROUP%40%40cloud-user-handle%22%2C%22stopped%22%3Afalse%2C%22weight%22%3A1.0%7D&serviceName=DEFAULT_GROUP%40%40cloud-user-handle&encoding=UTF-8&namespaceId=public HTTP/1.1" 200 38 2 Nacos-Java-Client:v1.1.1
0:0:0:0:0:0:0:1 - - [22/Apr/2020:01:27:53 +0800] "GET /nacos/ HTTP/1.1" 304 - 4 Mozilla/5.0 (Windows NT 10.0; Win64; x64) AppleWebKit/537.36 (KHTML, like Gecko) Chrome/80.0.3987.163 Safari/537.36
0:0:0:0:0:0:0:1 - - [22/Apr/2020:01:27:53 +0800] "GET /nacos/v1/console/namespaces?namespaceId= HTTP/1.1" 200 130 3 Mozilla/5.0 (Windows NT 10.0; Win64; x64) AppleWebKit/537.36 (KHTML, like Gecko) Chrome/80.0.3987.163 Safari/537.36
0:0:0:0:0:0:0:1 - - [22/Apr/2020:01:27:53 +0800] "GET /nacos/v1/console/server/state HTTP/1.1" 200 82 2 Mozilla/5.0 (Windows NT 10.0; Win64; x64) AppleWebKit/537.36 (KHTML, like Gecko) Chrome/80.0.3987.163 Safari/537.36
0:0:0:0:0:0:0:1 - - [22/Apr/2020:01:27:53 +0800] "GET /nacos/v1/cs/configs?search=accurate&dataId=&group=&appName=&config_tags=&pageNo=1&pageSize=10&tenant=&namespaceId= HTTP/1.1" 200 - 3 Mozilla/5.0 (Windows NT 10.0; Win64; x64) AppleWebKit/537.36 (KHTML, like Gecko) Chrome/80.0.3987.163 Safari/537.36
0:0:0:0:0:0:0:1 - - [22/Apr/2020:01:27:53 +0800] "GET /nacos/console-fe/public/img/favicon.ico HTTP/1.1" 200 4286 2 Mozilla/5.0 (Windows NT 10.0; Win64; x64) AppleWebKit/537.36 (KHTML, like Gecko) Chrome/80.0.3987.163 Safari/537.36
0:0:0:0:0:0:0:1 - - [22/Apr/2020:01:27:53 +0800] "GET /nacos/ HTTP/1.1" 304 - 4 Mozilla/5.0 (Windows NT 10.0; Win64; x64) AppleWebKit/537.36 (KHTML, like Gecko) Chrome/80.0.3987.163 Safari/537.36
0:0:0:0:0:0:0:1 - - [22/Apr/2020:01:27:53 +0800] "GET /nacos/v1/console/namespaces?namespaceId= HTTP/1.1" 200 130 4 Mozilla/5.0 (Windows NT 10.0; Win64; x64) AppleWebKit/537.36 (KHTML, like Gecko) Chrome/80.0.3987.163 Safari/537.36
0:0:0:0:0:0:0:1 - - [22/Apr/2020:01:27:53 +0800] "GET /nacos/v1/console/server/state HTTP/1.1" 200 82 2 Mozilla/5.0 (Windows NT 10.0; Win64; x64) AppleWebKit/537.36 (KHTML, like Gecko) Chrome/80.0.3987.163 Safari/537.36
0:0:0:0:0:0:0:1 - - [22/Apr/2020:01:27:54 +0800] "GET /nacos/v1/cs/configs?search=accurate&dataId=&group=&appName=&config_tags=&pageNo=1&pageSize=10&tenant=&namespaceId= HTTP/1.1" 200 - 2 Mozilla/5.0 (Windows NT 10.0; Win64; x64) AppleWebKit/537.36 (KHTML, like Gecko) Chrome/80.0.3987.163 Safari/537.36
192.168.1.5 - - [22/Apr/2020:01:27:57 +0800] "GET /nacos/v1/cs/health HTTP/1.1" 200 2 1 Apache-HttpAsyncClient/4.1.3 (Java/1.8.0_45)
127.0.0.1 - - [22/Apr/2020:01:27:58 +0800] "PUT /nacos/v1/ns/instance/beat?beat=%7B%22cluster%22%3A%22DEFAULT%22%2C%22ip%22%3A%22192.168.1.5%22%2C%22metadata%22%3A%7B%22preserved.register.source%22%3A%22SPRING_CLOUD%22%7D%2C%22period%22%3A5000%2C%22port%22%3A8721%2C%22scheduled%22%3Afalse%2C%22serviceName%22%3A%22DEFAULT_GROUP%40%40cloud-user-handle%22%2C%22stopped%22%3Afalse%2C%22weight%22%3A1.0%7D&serviceName=DEFAULT_GROUP%40%40cloud-user-handle&encoding=UTF-8&namespaceId=public HTTP/1.1" 200 38 2 Nacos-Java-Client:v1.1.1
127.0.0.1 - - [22/Apr/2020:01:27:58 +0800] "GET /nacos/v1/cs/configs?dataId=cloud-user-handle-flow-rules-dashboard&group=SENTINEL_GROUP HTTP/1.1" 404 23 2 Java/1.8.0_45
127.0.0.1 - - [22/Apr/2020:01:28:01 +0800] "GET /nacos/v1/cs/configs?dataId=cloud-user-handle-flow-rules-dashboard&group=SENTINEL_GROUP HTTP/1.1" 404 23 2 Java/1.8.0_45
127.0.0.1 - - [22/Apr/2020:01:28:02 +0800] "GET /nacos/v1/cs/configs?dataId=cloud-user-handle-flow-rules-dashboard&group=SENTINEL_GROUP HTTP/1.1" 404 23 2 Java/1.8.0_45
192.168.1.5 - - [22/Apr/2020:01:28:02 +0800] "GET /nacos/v1/cs/health HTTP/1.1" 200 2 1 Apache-HttpAsyncClient/4.1.3 (Java/1.8.0_45)
127.0.0.1 - - [22/Apr/2020:01:28:03 +0800] "PUT /nacos/v1/ns/instance/beat?beat=%7B%22cluster%22%3A%22DEFAULT%22%2C%22ip%22%3A%22192.168.1.5%22%2C%22metadata%22%3A%7B%22preserved.register.source%22%3A%22SPRING_CLOUD%22%7D%2C%22period%22%3A5000%2C%22port%22%3A8721%2C%22scheduled%22%3Afalse%2C%22serviceName%22%3A%22DEFAULT_GROUP%40%40cloud-user-handle%22%2C%22stopped%22%3Afalse%2C%22weight%22%3A1.0%7D&serviceName=DEFAULT_GROUP%40%40cloud-user-handle&encoding=UTF-8&namespaceId=public HTTP/1.1" 200 38 2 Nacos-Java-Client:v1.1.1
192.168.1.5 - - [22/Apr/2020:01:28:07 +0800] "GET /nacos/v1/cs/health HTTP/1.1" 200 2 1 Apache-HttpAsyncClient/4.1.3 (Java/1.8.0_45)
127.0.0.1 - - [22/Apr/2020:01:28:08 +0800] "PUT /nacos/v1/ns/instance/beat?beat=%7B%22cluster%22%3A%22DEFAULT%22%2C%22ip%22%3A%22192.168.1.5%22%2C%22metadata%22%3A%7B%22preserved.register.source%22%3A%22SPRING_CLOUD%22%7D%2C%22period%22%3A5000%2C%22port%22%3A8721%2C%22scheduled%22%3Afalse%2C%22serviceName%22%3A%22DEFAULT_GROUP%40%40cloud-user-handle%22%2C%22stopped%22%3Afalse%2C%22weight%22%3A1.0%7D&serviceName=DEFAULT_GROUP%40%40cloud-user-handle&encoding=UTF-8&namespaceId=public HTTP/1.1" 200 38 2 Nacos-Java-Client:v1.1.1
127.0.0.1 - - [22/Apr/2020:01:28:11 +0800] "POST /nacos/v1/cs/configs HTTP/1.1" 200 14 48 Java/1.8.0_45
192.168.1.5 - - [22/Apr/2020:01:28:11 +0800] "GET /nacos/v1/cs/communication/dataChange?dataId=cloud-user-handle-flow-rules&group=SENTINEL_GROUP HTTP/1.1" 200 14 4 Apache-HttpAsyncClient/4.1.3 (Java/1.8.0_45)
127.0.0.1 - - [22/Apr/2020:01:28:11 +0800] "POST /nacos/v1/cs/configs HTTP/1.1" 200 14 10 Java/1.8.0_45
192.168.1.5 - - [22/Apr/2020:01:28:11 +0800] "GET /nacos/v1/cs/communication/dataChange?dataId=cloud-user-handle-flow-rules-dashboard&group=SENTINEL_GROUP HTTP/1.1" 200 14 3 Apache-HttpAsyncClient/4.1.3 (Java/1.8.0_45)
127.0.0.1 - - [22/Apr/2020:01:28:11 +0800] "GET /nacos/v1/cs/configs?dataId=cloud-user-handle-flow-rules-dashboard&group=SENTINEL_GROUP HTTP/1.1" 404 23 2 Java/1.8.0_45
127.0.0.1 - - [22/Apr/2020:01:28:11 +0800] "POST /nacos/v1/cs/configs/listener HTTP/1.1" 200 50 19994 Java/1.8.0_45
127.0.0.1 - - [22/Apr/2020:01:28:11 +0800] "GET /nacos/v1/cs/configs?dataId=cloud-user-handle-flow-rules&group=SENTINEL_GROUP HTTP/1.1" 200 338 18 Java/1.8.0_45
192.168.1.5 - - [22/Apr/2020:01:28:12 +0800] "GET /nacos/v1/cs/health HTTP/1.1" 200 2 2 Apache-HttpAsyncClient/4.1.3 (Java/1.8.0_45)
127.0.0.1 - - [22/Apr/2020:01:28:13 +0800] "PUT /nacos/v1/ns/instance/beat?beat=%7B%22cluster%22%3A%22DEFAULT%22%2C%22ip%22%3A%22192.168.1.5%22%2C%22metadata%22%3A%7B%22preserved.register.source%22%3A%22SPRING_CLOUD%22%7D%2C%22period%22%3A5000%2C%22port%22%3A8721%2C%22scheduled%22%3Afalse%2C%22serviceName%22%3A%22DEFAULT_GROUP%40%40cloud-user-handle%22%2C%22stopped%22%3Afalse%2C%22weight%22%3A1.0%7D&serviceName=DEFAULT_GROUP%40%40cloud-user-handle&encoding=UTF-8&namespaceId=public HTTP/1.1" 200 38 3 Nacos-Java-Client:v1.1.1
127.0.0.1 - - [22/Apr/2020:01:28:13 +0800] "GET /nacos/v1/cs/configs?dataId=cloud-user-handle-flow-rules-dashboard&group=SENTINEL_GROUP HTTP/1.1" 200 461 3 Java/1.8.0_45
0:0:0:0:0:0:0:1 - - [22/Apr/2020:01:28:15 +0800] "GET /nacos/ HTTP/1.1" 304 - 4 Mozilla/5.0 (Windows NT 10.0; Win64; x64) AppleWebKit/537.36 (KHTML, like Gecko) Chrome/80.0.3987.163 Safari/537.36
0:0:0:0:0:0:0:1 - - [22/Apr/2020:01:28:15 +0800] "GET /nacos/v1/console/namespaces?namespaceId= HTTP/1.1" 200 130 7 Mozilla/5.0 (Windows NT 10.0; Win64; x64) AppleWebKit/537.36 (KHTML, like Gecko) Chrome/80.0.3987.163 Safari/537.36
0:0:0:0:0:0:0:1 - - [22/Apr/2020:01:28:15 +0800] "GET /nacos/v1/console/server/state HTTP/1.1" 200 82 3 Mozilla/5.0 (Windows NT 10.0; Win64; x64) AppleWebKit/537.36 (KHTML, like Gecko) Chrome/80.0.3987.163 Safari/537.36
0:0:0:0:0:0:0:1 - - [22/Apr/2020:01:28:15 +0800] "GET /nacos/v1/cs/configs?search=accurate&dataId=&group=&appName=&config_tags=&pageNo=1&pageSize=10&tenant=&namespaceId= HTTP/1.1" 200 1201 14 Mozilla/5.0 (Windows NT 10.0; Win64; x64) AppleWebKit/537.36 (KHTML, like Gecko) Chrome/80.0.3987.163 Safari/537.36
0:0:0:0:0:0:0:1 - - [22/Apr/2020:01:28:15 +0800] "GET /nacos/console-fe/public/img/favicon.ico HTTP/1.1" 200 4286 2 Mozilla/5.0 (Windows NT 10.0; Win64; x64) AppleWebKit/537.36 (KHTML, like Gecko) Chrome/80.0.3987.163 Safari/537.36
192.168.1.5 - - [22/Apr/2020:01:28:17 +0800] "GET /nacos/v1/cs/health HTTP/1.1" 200 2 1 Apache-HttpAsyncClient/4.1.3 (Java/1.8.0_45)
127.0.0.1 - - [22/Apr/2020:01:28:18 +0800] "PUT /nacos/v1/ns/instance/beat?beat=%7B%22cluster%22%3A%22DEFAULT%22%2C%22ip%22%3A%22192.168.1.5%22%2C%22metadata%22%3A%7B%22preserved.register.source%22%3A%22SPRING_CLOUD%22%7D%2C%22period%22%3A5000%2C%22port%22%3A8721%2C%22scheduled%22%3Afalse%2C%22serviceName%22%3A%22DEFAULT_GROUP%40%40cloud-user-handle%22%2C%22stopped%22%3Afalse%2C%22weight%22%3A1.0%7D&serviceName=DEFAULT_GROUP%40%40cloud-user-handle&encoding=UTF-8&namespaceId=public HTTP/1.1" 200 38 2 Nacos-Java-Client:v1.1.1
127.0.0.1 - - [22/Apr/2020:01:28:20 +0800] "POST /nacos/v1/cs/configs/listener HTTP/1.1" 200 - 29502 Java/1.8.0_45
127.0.0.1 - - [22/Apr/2020:01:28:20 +0800] "POST /nacos/v1/cs/configs/listener HTTP/1.1" 200 - 29504 Java/1.8.0_45
127.0.0.1 - - [22/Apr/2020:01:28:20 +0800] "POST /nacos/v1/cs/configs/listener HTTP/1.1" 200 - 29504 Java/1.8.0_45
127.0.0.1 - - [22/Apr/2020:01:28:20 +0800] "POST /nacos/v1/cs/configs/listener HTTP/1.1" 200 - 29503 Java/1.8.0_45
192.168.1.5 - - [22/Apr/2020:01:28:22 +0800] "GET /nacos/v1/cs/health HTTP/1.1" 200 2 2 Apache-HttpAsyncClient/4.1.3 (Java/1.8.0_45)
127.0.0.1 - - [22/Apr/2020:01:28:23 +0800] "PUT /nacos/v1/ns/instance/beat?beat=%7B%22cluster%22%3A%22DEFAULT%22%2C%22ip%22%3A%22192.168.1.5%22%2C%22metadata%22%3A%7B%22preserved.register.source%22%3A%22SPRING_CLOUD%22%7D%2C%22period%22%3A5000%2C%22port%22%3A8721%2C%22scheduled%22%3Afalse%2C%22serviceName%22%3A%22DEFAULT_GROUP%40%40cloud-user-handle%22%2C%22stopped%22%3Afalse%2C%22weight%22%3A1.0%7D&serviceName=DEFAULT_GROUP%40%40cloud-user-handle&encoding=UTF-8&namespaceId=public HTTP/1.1" 200 38 4 Nacos-Java-Client:v1.1.1
127.0.0.1 - - [22/Apr/2020:01:28:26 +0800] "GET /nacos/v1/cs/configs?dataId=cloud-user-handle-degrade-rules-dashboard&group=SENTINEL_GROUP HTTP/1.1" 404 23 2 Java/1.8.0_45
192.168.1.5 - - [22/Apr/2020:01:28:27 +0800] "GET /nacos/v1/cs/health HTTP/1.1" 200 2 1 Apache-HttpAsyncClient/4.1.3 (Java/1.8.0_45)
127.0.0.1 - - [22/Apr/2020:01:28:28 +0800] "PUT /nacos/v1/ns/instance/beat?beat=%7B%22cluster%22%3A%22DEFAULT%22%2C%22ip%22%3A%22192.168.1.5%22%2C%22metadata%22%3A%7B%22preserved.register.source%22%3A%22SPRING_CLOUD%22%7D%2C%22period%22%3A5000%2C%22port%22%3A8721%2C%22scheduled%22%3Afalse%2C%22serviceName%22%3A%22DEFAULT_GROUP%40%40cloud-user-handle%22%2C%22stopped%22%3Afalse%2C%22weight%22%3A1.0%7D&serviceName=DEFAULT_GROUP%40%40cloud-user-handle&encoding=UTF-8&namespaceId=public HTTP/1.1" 200 38 2 Nacos-Java-Client:v1.1.1
192.168.1.5 - - [22/Apr/2020:01:28:32 +0800] "GET /nacos/v1/cs/health HTTP/1.1" 200 2 1 Apache-HttpAsyncClient/4.1.3 (Java/1.8.0_45)
127.0.0.1 - - [22/Apr/2020:01:28:33 +0800] "PUT /nacos/v1/ns/instance/beat?beat=%7B%22cluster%22%3A%22DEFAULT%22%2C%22ip%22%3A%22192.168.1.5%22%2C%22metadata%22%3A%7B%22preserved.register.source%22%3A%22SPRING_CLOUD%22%7D%2C%22period%22%3A5000%2C%22port%22%3A8721%2C%22scheduled%22%3Afalse%2C%22serviceName%22%3A%22DEFAULT_GROUP%40%40cloud-user-handle%22%2C%22stopped%22%3Afalse%2C%22weight%22%3A1.0%7D&serviceName=DEFAULT_GROUP%40%40cloud-user-handle&encoding=UTF-8&namespaceId=public HTTP/1.1" 200 38 3 Nacos-Java-Client:v1.1.1
127.0.0.1 - - [22/Apr/2020:01:28:35 +0800] "POST /nacos/v1/cs/configs HTTP/1.1" 200 14 12 Java/1.8.0_45
192.168.1.5 - - [22/Apr/2020:01:28:35 +0800] "GET /nacos/v1/cs/communication/dataChange?dataId=cloud-user-handle-degrade-rules&group=SENTINEL_GROUP HTTP/1.1" 200 14 3 Apache-HttpAsyncClient/4.1.3 (Java/1.8.0_45)
127.0.0.1 - - [22/Apr/2020:01:28:35 +0800] "POST /nacos/v1/cs/configs HTTP/1.1" 200 14 6 Java/1.8.0_45
192.168.1.5 - - [22/Apr/2020:01:28:35 +0800] "GET /nacos/v1/cs/communication/dataChange?dataId=cloud-user-handle-degrade-rules-dashboard&group=SENTINEL_GROUP HTTP/1.1" 200 14 3 Apache-HttpAsyncClient/4.1.3 (Java/1.8.0_45)
127.0.0.1 - - [22/Apr/2020:01:28:35 +0800] "GET /nacos/v1/cs/configs?dataId=cloud-user-handle-degrade-rules-dashboard&group=SENTINEL_GROUP HTTP/1.1" 404 23 2 Java/1.8.0_45
127.0.0.1 - - [22/Apr/2020:01:28:35 +0800] "POST /nacos/v1/cs/configs/listener HTTP/1.1" 200 53 14836 Java/1.8.0_45
127.0.0.1 - - [22/Apr/2020:01:28:35 +0800] "GET /nacos/v1/cs/configs?dataId=cloud-user-handle-degrade-rules&group=SENTINEL_GROUP HTTP/1.1" 200 116 3 Java/1.8.0_45
127.0.0.1 - - [22/Apr/2020:01:28:37 +0800] "GET /nacos/v1/cs/configs?dataId=cloud-user-handle-degrade-rules-dashboard&group=SENTINEL_GROUP HTTP/1.1" 200 222 3 Java/1.8.0_45
192.168.1.5 - - [22/Apr/2020:01:28:37 +0800] "GET /nacos/v1/cs/health HTTP/1.1" 200 2 1 Apache-HttpAsyncClient/4.1.3 (Java/1.8.0_45)
127.0.0.1 - - [22/Apr/2020:01:28:38 +0800] "PUT /nacos/v1/ns/instance/beat?beat=%7B%22cluster%22%3A%22DEFAULT%22%2C%22ip%22%3A%22192.168.1.5%22%2C%22metadata%22%3A%7B%22preserved.register.source%22%3A%22SPRING_CLOUD%22%7D%2C%22period%22%3A5000%2C%22port%22%3A8721%2C%22scheduled%22%3Afalse%2C%22serviceName%22%3A%22DEFAULT_GROUP%40%40cloud-user-handle%22%2C%22stopped%22%3Afalse%2C%22weight%22%3A1.0%7D&serviceName=DEFAULT_GROUP%40%40cloud-user-handle&encoding=UTF-8&namespaceId=public HTTP/1.1" 200 38 2 Nacos-Java-Client:v1.1.1
0:0:0:0:0:0:0:1 - - [22/Apr/2020:01:28:39 +0800] "GET /nacos/ HTTP/1.1" 304 - 3 Mozilla/5.0 (Windows NT 10.0; Win64; x64) AppleWebKit/537.36 (KHTML, like Gecko) Chrome/80.0.3987.163 Safari/537.36
0:0:0:0:0:0:0:1 - - [22/Apr/2020:01:28:39 +0800] "GET /nacos/v1/console/namespaces?namespaceId= HTTP/1.1" 200 130 5 Mozilla/5.0 (Windows NT 10.0; Win64; x64) AppleWebKit/537.36 (KHTML, like Gecko) Chrome/80.0.3987.163 Safari/537.36
0:0:0:0:0:0:0:1 - - [22/Apr/2020:01:28:39 +0800] "GET /nacos/v1/console/server/state HTTP/1.1" 200 82 2 Mozilla/5.0 (Windows NT 10.0; Win64; x64) AppleWebKit/537.36 (KHTML, like Gecko) Chrome/80.0.3987.163 Safari/537.36
0:0:0:0:0:0:0:1 - - [22/Apr/2020:01:28:39 +0800] "GET /nacos/v1/cs/configs?search=accurate&dataId=&group=&appName=&config_tags=&pageNo=1&pageSize=10&tenant=&namespaceId= HTTP/1.1" 200 1827 6 Mozilla/5.0 (Windows NT 10.0; Win64; x64) AppleWebKit/537.36 (KHTML, like Gecko) Chrome/80.0.3987.163 Safari/537.36
0:0:0:0:0:0:0:1 - - [22/Apr/2020:01:28:40 +0800] "GET /nacos/console-fe/public/img/favicon.ico HTTP/1.1" 200 4286 2 Mozilla/5.0 (Windows NT 10.0; Win64; x64) AppleWebKit/537.36 (KHTML, like Gecko) Chrome/80.0.3987.163 Safari/537.36
127.0.0.1 - - [22/Apr/2020:01:28:40 +0800] "POST /nacos/v1/cs/configs/listener HTTP/1.1" 200 - 29504 Java/1.8.0_45
192.168.1.5 - - [22/Apr/2020:01:28:42 +0800] "GET /nacos/v1/cs/health HTTP/1.1" 200 2 2 Apache-HttpAsyncClient/4.1.3 (Java/1.8.0_45)
127.0.0.1 - - [22/Apr/2020:01:28:43 +0800] "PUT /nacos/v1/ns/instance/beat?beat=%7B%22cluster%22%3A%22DEFAULT%22%2C%22ip%22%3A%22192.168.1.5%22%2C%22metadata%22%3A%7B%22preserved.register.source%22%3A%22SPRING_CLOUD%22%7D%2C%22period%22%3A5000%2C%22port%22%3A8721%2C%22scheduled%22%3Afalse%2C%22serviceName%22%3A%22DEFAULT_GROUP%40%40cloud-user-handle%22%2C%22stopped%22%3Afalse%2C%22weight%22%3A1.0%7D&serviceName=DEFAULT_GROUP%40%40cloud-user-handle&encoding=UTF-8&namespaceId=public HTTP/1.1" 200 38 2 Nacos-Java-Client:v1.1.1
192.168.1.5 - - [22/Apr/2020:01:28:47 +0800] "GET /nacos/v1/cs/health HTTP/1.1" 200 2 1 Apache-HttpAsyncClient/4.1.3 (Java/1.8.0_45)
127.0.0.1 - - [22/Apr/2020:01:28:48 +0800] "PUT /nacos/v1/ns/instance/beat?beat=%7B%22cluster%22%3A%22DEFAULT%22%2C%22ip%22%3A%22192.168.1.5%22%2C%22metadata%22%3A%7B%22preserved.register.source%22%3A%22SPRING_CLOUD%22%7D%2C%22period%22%3A5000%2C%22port%22%3A8721%2C%22scheduled%22%3Afalse%2C%22serviceName%22%3A%22DEFAULT_GROUP%40%40cloud-user-handle%22%2C%22stopped%22%3Afalse%2C%22weight%22%3A1.0%7D&serviceName=DEFAULT_GROUP%40%40cloud-user-handle&encoding=UTF-8&namespaceId=public HTTP/1.1" 200 38 2 Nacos-Java-Client:v1.1.1
127.0.0.1 - - [22/Apr/2020:01:28:50 +0800] "POST /nacos/v1/cs/configs/listener HTTP/1.1" 200 - 29503 Java/1.8.0_45
127.0.0.1 - - [22/Apr/2020:01:28:50 +0800] "POST /nacos/v1/cs/configs/listener HTTP/1.1" 200 - 29504 Java/1.8.0_45
127.0.0.1 - - [22/Apr/2020:01:28:50 +0800] "POST /nacos/v1/cs/configs/listener HTTP/1.1" 200 - 29503 Java/1.8.0_45
192.168.1.5 - - [22/Apr/2020:01:28:52 +0800] "GET /nacos/v1/cs/health HTTP/1.1" 200 2 1 Apache-HttpAsyncClient/4.1.3 (Java/1.8.0_45)
127.0.0.1 - - [22/Apr/2020:01:28:53 +0800] "PUT /nacos/v1/ns/instance/beat?beat=%7B%22cluster%22%3A%22DEFAULT%22%2C%22ip%22%3A%22192.168.1.5%22%2C%22metadata%22%3A%7B%22preserved.register.source%22%3A%22SPRING_CLOUD%22%7D%2C%22period%22%3A5000%2C%22port%22%3A8721%2C%22scheduled%22%3Afalse%2C%22serviceName%22%3A%22DEFAULT_GROUP%40%40cloud-user-handle%22%2C%22stopped%22%3Afalse%2C%22weight%22%3A1.0%7D&serviceName=DEFAULT_GROUP%40%40cloud-user-handle&encoding=UTF-8&namespaceId=public HTTP/1.1" 200 38 2 Nacos-Java-Client:v1.1.1
192.168.1.5 - - [22/Apr/2020:01:28:57 +0800] "GET /nacos/v1/cs/health HTTP/1.1" 200 2 2 Apache-HttpAsyncClient/4.1.3 (Java/1.8.0_45)
127.0.0.1 - - [22/Apr/2020:01:28:58 +0800] "PUT /nacos/v1/ns/instance/beat?beat=%7B%22cluster%22%3A%22DEFAULT%22%2C%22ip%22%3A%22192.168.1.5%22%2C%22metadata%22%3A%7B%22preserved.register.source%22%3A%22SPRING_CLOUD%22%7D%2C%22period%22%3A5000%2C%22port%22%3A8721%2C%22scheduled%22%3Afalse%2C%22serviceName%22%3A%22DEFAULT_GROUP%40%40cloud-user-handle%22%2C%22stopped%22%3Afalse%2C%22weight%22%3A1.0%7D&serviceName=DEFAULT_GROUP%40%40cloud-user-handle&encoding=UTF-8&namespaceId=public HTTP/1.1" 200 38 3 Nacos-Java-Client:v1.1.1
192.168.1.5 - - [22/Apr/2020:01:29:02 +0800] "GET /nacos/v1/cs/health HTTP/1.1" 200 2 1 Apache-HttpAsyncClient/4.1.3 (Java/1.8.0_45)
127.0.0.1 - - [22/Apr/2020:01:29:04 +0800] "POST /nacos/v1/cs/configs/listener HTTP/1.1" 500 - 29504 Java/1.8.0_45
127.0.0.1 - - [22/Apr/2020:01:29:07 +0800] "POST /nacos/v1/cs/configs/listener HTTP/1.1" 200 - 2 Java/1.8.0_45
127.0.0.1 - - [22/Apr/2020:01:29:07 +0800] "GET /nacos/v1/cs/configs?dataId=cloud-user-handle-authority-rules&group=SENTINEL_GROUP HTTP/1.1" 404 23 2 Java/1.8.0_45
127.0.0.1 - - [22/Apr/2020:01:29:07 +0800] "POST /nacos/v1/cs/configs/listener HTTP/1.1" 200 - 2 Java/1.8.0_45
127.0.0.1 - - [22/Apr/2020:01:29:07 +0800] "GET /nacos/v1/cs/configs?dataId=cloud-user-handle-degrade-rules&group=SENTINEL_GROUP HTTP/1.1" 200 116 3 Java/1.8.0_45
127.0.0.1 - - [22/Apr/2020:01:29:07 +0800] "GET /nacos/v1/cs/configs?dataId=cloud-user-handle-flow-rules&group=SENTINEL_GROUP HTTP/1.1" 200 338 5 Java/1.8.0_45
127.0.0.1 - - [22/Apr/2020:01:29:07 +0800] "POST /nacos/v1/cs/configs/listener HTTP/1.1" 200 - 3 Java/1.8.0_45
127.0.0.1 - - [22/Apr/2020:01:29:07 +0800] "GET /nacos/v1/cs/configs?dataId=cloud-user-handle-param-flow-rules&group=SENTINEL_GROUP HTTP/1.1" 404 23 2 Java/1.8.0_45
127.0.0.1 - - [22/Apr/2020:01:29:07 +0800] "POST /nacos/v1/cs/configs/listener HTTP/1.1" 200 - 2 Java/1.8.0_45
127.0.0.1 - - [22/Apr/2020:01:29:07 +0800] "GET /nacos/v1/cs/configs?dataId=cloud-user-handle-system-rules&group=SENTINEL_GROUP HTTP/1.1" 404 23 2 Java/1.8.0_45
127.0.0.1 - - [22/Apr/2020:01:29:07 +0800] "POST /nacos/v1/cs/configs/listener HTTP/1.1" 200 - 2 Java/1.8.0_45
127.0.0.1 - - [22/Apr/2020:01:29:07 +0800] "PUT /nacos/v1/ns/instance/beat?beat=%7B%22cluster%22%3A%22DEFAULT%22%2C%22ip%22%3A%22192.168.1.5%22%2C%22metadata%22%3A%7B%22preserved.register.source%22%3A%22SPRING_CLOUD%22%7D%2C%22period%22%3A5000%2C%22port%22%3A8721%2C%22scheduled%22%3Afalse%2C%22serviceName%22%3A%22DEFAULT_GROUP%40%40cloud-user-handle%22%2C%22stopped%22%3Afalse%2C%22weight%22%3A1.0%7D&serviceName=DEFAULT_GROUP%40%40cloud-user-handle&encoding=UTF-8&namespaceId=public HTTP/1.1" 200 38 3 Nacos-Java-Client:v1.1.1
127.0.0.1 - - [22/Apr/2020:01:29:07 +0800] "POST /nacos/v1/ns/instance?groupName=DEFAULT_GROUP&metadata=%7B%22preserved.register.source%22%3A%22SPRING_CLOUD%22%7D&namespaceId=public&port=8721&enable=true&healthy=true&clusterName=DEFAULT&ip=192.168.1.5&weight=1.0&ephemeral=true&serviceName=DEFAULT_GROUP%40%40cloud-user-handle&encoding=UTF-8 HTTP/1.1" 200 2 3 Nacos-Java-Client:v1.1.1
192.168.1.5 - - [22/Apr/2020:01:29:07 +0800] "GET /nacos/v1/cs/health HTTP/1.1" 200 2 2 Apache-HttpAsyncClient/4.1.3 (Java/1.8.0_45)
127.0.0.1 - - [22/Apr/2020:01:29:08 +0800] "GET /nacos/v1/cs/configs?dataId=cloud-user-handle-authority-rules&group=SENTINEL_GROUP HTTP/1.1" 404 23 2 Java/1.8.0_45
127.0.0.1 - - [22/Apr/2020:01:29:08 +0800] "GET /nacos/v1/cs/configs?dataId=cloud-user-handle-degrade-rules&group=SENTINEL_GROUP HTTP/1.1" 200 116 2 Java/1.8.0_45
127.0.0.1 - - [22/Apr/2020:01:29:08 +0800] "GET /nacos/v1/cs/configs?dataId=cloud-user-handle-flow-rules&group=SENTINEL_GROUP HTTP/1.1" 200 338 3 Java/1.8.0_45
127.0.0.1 - - [22/Apr/2020:01:29:08 +0800] "GET /nacos/v1/cs/configs?dataId=cloud-user-handle-param-flow-rules&group=SENTINEL_GROUP HTTP/1.1" 404 23 2 Java/1.8.0_45
127.0.0.1 - - [22/Apr/2020:01:29:08 +0800] "GET /nacos/v1/cs/configs?dataId=cloud-user-handle-system-rules&group=SENTINEL_GROUP HTTP/1.1" 404 23 2 Java/1.8.0_45
127.0.0.1 - - [22/Apr/2020:01:29:08 +0800] "GET /nacos/v1/ns/service/list?pageSize=2147483647&groupName=DEFAULT_GROUP&encoding=UTF-8&namespaceId=public&pageNo=1 HTTP/1.1" 200 51 2 Nacos-Java-Client:v1.1.1
127.0.0.1 - - [22/Apr/2020:01:29:10 +0800] "POST /nacos/v1/cs/configs/listener HTTP/1.1" 500 - 29502 Java/1.8.0_45
127.0.0.1 - - [22/Apr/2020:01:29:12 +0800] "PUT /nacos/v1/ns/instance/beat?beat=%7B%22cluster%22%3A%22DEFAULT%22%2C%22ip%22%3A%22192.168.1.5%22%2C%22metadata%22%3A%7B%22preserved.register.source%22%3A%22SPRING_CLOUD%22%7D%2C%22period%22%3A5000%2C%22port%22%3A8721%2C%22scheduled%22%3Afalse%2C%22serviceName%22%3A%22DEFAULT_GROUP%40%40cloud-user-handle%22%2C%22stopped%22%3Afalse%2C%22weight%22%3A1.0%7D&serviceName=DEFAULT_GROUP%40%40cloud-user-handle&encoding=UTF-8&namespaceId=public HTTP/1.1" 200 38 2 Nacos-Java-Client:v1.1.1
192.168.1.5 - - [22/Apr/2020:01:29:12 +0800] "GET /nacos/v1/cs/health HTTP/1.1" 200 2 2 Apache-HttpAsyncClient/4.1.3 (Java/1.8.0_45)
127.0.0.1 - - [22/Apr/2020:01:29:17 +0800] "PUT /nacos/v1/ns/instance/beat?beat=%7B%22cluster%22%3A%22DEFAULT%22%2C%22ip%22%3A%22192.168.1.5%22%2C%22metadata%22%3A%7B%22preserved.register.source%22%3A%22SPRING_CLOUD%22%7D%2C%22period%22%3A5000%2C%22port%22%3A8721%2C%22scheduled%22%3Afalse%2C%22serviceName%22%3A%22DEFAULT_GROUP%40%40cloud-user-handle%22%2C%22stopped%22%3Afalse%2C%22weight%22%3A1.0%7D&serviceName=DEFAULT_GROUP%40%40cloud-user-handle&encoding=UTF-8&namespaceId=public HTTP/1.1" 200 38 2 Nacos-Java-Client:v1.1.1
192.168.1.5 - - [22/Apr/2020:01:29:17 +0800] "GET /nacos/v1/cs/health HTTP/1.1" 200 2 1 Apache-HttpAsyncClient/4.1.3 (Java/1.8.0_45)
127.0.0.1 - - [22/Apr/2020:01:29:19 +0800] "POST /nacos/v1/cs/configs/listener HTTP/1.1" 500 - 29503 Java/1.8.0_45
127.0.0.1 - - [22/Apr/2020:01:29:19 +0800] "POST /nacos/v1/cs/configs/listener HTTP/1.1" 500 - 29501 Java/1.8.0_45
127.0.0.1 - - [22/Apr/2020:01:29:19 +0800] "POST /nacos/v1/cs/configs/listener HTTP/1.1" 500 - 29502 Java/1.8.0_45
127.0.0.1 - - [22/Apr/2020:01:29:22 +0800] "PUT /nacos/v1/ns/instance/beat?beat=%7B%22cluster%22%3A%22DEFAULT%22%2C%22ip%22%3A%22192.168.1.5%22%2C%22metadata%22%3A%7B%22preserved.register.source%22%3A%22SPRING_CLOUD%22%7D%2C%22period%22%3A5000%2C%22port%22%3A8721%2C%22scheduled%22%3Afalse%2C%22serviceName%22%3A%22DEFAULT_GROUP%40%40cloud-user-handle%22%2C%22stopped%22%3Afalse%2C%22weight%22%3A1.0%7D&serviceName=DEFAULT_GROUP%40%40cloud-user-handle&encoding=UTF-8&namespaceId=public HTTP/1.1" 200 38 2 Nacos-Java-Client:v1.1.1
192.168.1.5 - - [22/Apr/2020:01:29:22 +0800] "GET /nacos/v1/cs/health HTTP/1.1" 200 2 1 Apache-HttpAsyncClient/4.1.3 (Java/1.8.0_45)
127.0.0.1 - - [22/Apr/2020:01:29:26 +0800] "GET /nacos/v1/cs/configs?dataId=cloud-user-handle-degrade-rules-dashboard&group=SENTINEL_GROUP HTTP/1.1" 200 222 3 Java/1.8.0_45
127.0.0.1 - - [22/Apr/2020:01:29:27 +0800] "GET /nacos/v1/cs/configs?dataId=cloud-user-handle-flow-rules-dashboard&group=SENTINEL_GROUP HTTP/1.1" 200 461 3 Java/1.8.0_45
