127.0.0.1 - - [22/Apr/2020:01:33:16 +0800] "PUT /nacos/v1/ns/instance/beat?beat=%7B%22cluster%22%3A%22DEFAULT%22%2C%22ip%22%3A%22192.168.1.5%22%2C%22metadata%22%3A%7B%22preserved.register.source%22%3A%22SPRING_CLOUD%22%7D%2C%22period%22%3A5000%2C%22port%22%3A8721%2C%22scheduled%22%3Afalse%2C%22serviceName%22%3A%22DEFAULT_GROUP%40%40cloud-user-handle%22%2C%22stopped%22%3Afalse%2C%22weight%22%3A1.0%7D&serviceName=DEFAULT_GROUP%40%40cloud-user-handle&encoding=UTF-8&namespaceId=public HTTP/1.1" 200 38 4 Nacos-Java-Client:v1.1.1
192.168.1.5 - - [22/Apr/2020:01:33:18 +0800] "GET /nacos/v1/cs/health HTTP/1.1" 200 2 1 Apache-HttpAsyncClient/4.1.3 (Java/1.8.0_45)
127.0.0.1 - - [22/Apr/2020:01:33:21 +0800] "PUT /nacos/v1/ns/instance/beat?beat=%7B%22cluster%22%3A%22DEFAULT%22%2C%22ip%22%3A%22192.168.1.5%22%2C%22metadata%22%3A%7B%22preserved.register.source%22%3A%22SPRING_CLOUD%22%7D%2C%22period%22%3A5000%2C%22port%22%3A8721%2C%22scheduled%22%3Afalse%2C%22serviceName%22%3A%22DEFAULT_GROUP%40%40cloud-user-handle%22%2C%22stopped%22%3Afalse%2C%22weight%22%3A1.0%7D&serviceName=DEFAULT_GROUP%40%40cloud-user-handle&encoding=UTF-8&namespaceId=public HTTP/1.1" 200 38 3 Nacos-Java-Client:v1.1.1
192.168.1.5 - - [22/Apr/2020:01:33:23 +0800] "GET /nacos/v1/cs/health HTTP/1.1" 200 2 1 Apache-HttpAsyncClient/4.1.3 (Java/1.8.0_45)
127.0.0.1 - - [22/Apr/2020:01:33:26 +0800] "PUT /nacos/v1/ns/instance/beat?beat=%7B%22cluster%22%3A%22DEFAULT%22%2C%22ip%22%3A%22192.168.1.5%22%2C%22metadata%22%3A%7B%22preserved.register.source%22%3A%22SPRING_CLOUD%22%7D%2C%22period%22%3A5000%2C%22port%22%3A8721%2C%22scheduled%22%3Afalse%2C%22serviceName%22%3A%22DEFAULT_GROUP%40%40cloud-user-handle%22%2C%22stopped%22%3Afalse%2C%22weight%22%3A1.0%7D&serviceName=DEFAULT_GROUP%40%40cloud-user-handle&encoding=UTF-8&namespaceId=public HTTP/1.1" 200 38 5 Nacos-Java-Client:v1.1.1
192.168.1.5 - - [22/Apr/2020:01:33:28 +0800] "GET /nacos/v1/cs/health HTTP/1.1" 200 2 1 Apache-HttpAsyncClient/4.1.3 (Java/1.8.0_45)
127.0.0.1 - - [22/Apr/2020:01:33:31 +0800] "PUT /nacos/v1/ns/instance/beat?beat=%7B%22cluster%22%3A%22DEFAULT%22%2C%22ip%22%3A%22192.168.1.5%22%2C%22metadata%22%3A%7B%22preserved.register.source%22%3A%22SPRING_CLOUD%22%7D%2C%22period%22%3A5000%2C%22port%22%3A8721%2C%22scheduled%22%3Afalse%2C%22serviceName%22%3A%22DEFAULT_GROUP%40%40cloud-user-handle%22%2C%22stopped%22%3Afalse%2C%22weight%22%3A1.0%7D&serviceName=DEFAULT_GROUP%40%40cloud-user-handle&encoding=UTF-8&namespaceId=public HTTP/1.1" 200 38 4 Nacos-Java-Client:v1.1.1
127.0.0.1 - - [22/Apr/2020:01:33:33 +0800] "POST /nacos/v1/cs/configs/listener HTTP/1.1" 200 - 29503 Java/1.8.0_45
127.0.0.1 - - [22/Apr/2020:01:33:33 +0800] "POST /nacos/v1/cs/configs/listener HTTP/1.1" 200 - 29503 Java/1.8.0_45
192.168.1.5 - - [22/Apr/2020:01:33:33 +0800] "GET /nacos/v1/cs/health HTTP/1.1" 200 2 4 Apache-HttpAsyncClient/4.1.3 (Java/1.8.0_45)
127.0.0.1 - - [22/Apr/2020:01:33:33 +0800] "POST /nacos/v1/cs/configs/listener HTTP/1.1" 200 - 29504 Java/1.8.0_45
127.0.0.1 - - [22/Apr/2020:01:33:33 +0800] "POST /nacos/v1/cs/configs/listener HTTP/1.1" 200 - 29502 Java/1.8.0_45
127.0.0.1 - - [22/Apr/2020:01:33:33 +0800] "POST /nacos/v1/cs/configs/listener HTTP/1.1" 200 - 29501 Java/1.8.0_45
127.0.0.1 - - [22/Apr/2020:01:33:36 +0800] "PUT /nacos/v1/ns/instance/beat?beat=%7B%22cluster%22%3A%22DEFAULT%22%2C%22ip%22%3A%22192.168.1.5%22%2C%22metadata%22%3A%7B%22preserved.register.source%22%3A%22SPRING_CLOUD%22%7D%2C%22period%22%3A5000%2C%22port%22%3A8721%2C%22scheduled%22%3Afalse%2C%22serviceName%22%3A%22DEFAULT_GROUP%40%40cloud-user-handle%22%2C%22stopped%22%3Afalse%2C%22weight%22%3A1.0%7D&serviceName=DEFAULT_GROUP%40%40cloud-user-handle&encoding=UTF-8&namespaceId=public HTTP/1.1" 200 38 4 Nacos-Java-Client:v1.1.1
192.168.1.5 - - [22/Apr/2020:01:33:38 +0800] "GET /nacos/v1/cs/health HTTP/1.1" 200 2 3 Apache-HttpAsyncClient/4.1.3 (Java/1.8.0_45)
127.0.0.1 - - [22/Apr/2020:01:33:41 +0800] "PUT /nacos/v1/ns/instance/beat?beat=%7B%22cluster%22%3A%22DEFAULT%22%2C%22ip%22%3A%22192.168.1.5%22%2C%22metadata%22%3A%7B%22preserved.register.source%22%3A%22SPRING_CLOUD%22%7D%2C%22period%22%3A5000%2C%22port%22%3A8721%2C%22scheduled%22%3Afalse%2C%22serviceName%22%3A%22DEFAULT_GROUP%40%40cloud-user-handle%22%2C%22stopped%22%3Afalse%2C%22weight%22%3A1.0%7D&serviceName=DEFAULT_GROUP%40%40cloud-user-handle&encoding=UTF-8&namespaceId=public HTTP/1.1" 200 38 2 Nacos-Java-Client:v1.1.1
192.168.1.5 - - [22/Apr/2020:01:33:43 +0800] "GET /nacos/v1/cs/health HTTP/1.1" 200 2 2 Apache-HttpAsyncClient/4.1.3 (Java/1.8.0_45)
127.0.0.1 - - [22/Apr/2020:01:33:46 +0800] "PUT /nacos/v1/ns/instance/beat?beat=%7B%22cluster%22%3A%22DEFAULT%22%2C%22ip%22%3A%22192.168.1.5%22%2C%22metadata%22%3A%7B%22preserved.register.source%22%3A%22SPRING_CLOUD%22%7D%2C%22period%22%3A5000%2C%22port%22%3A8721%2C%22scheduled%22%3Afalse%2C%22serviceName%22%3A%22DEFAULT_GROUP%40%40cloud-user-handle%22%2C%22stopped%22%3Afalse%2C%22weight%22%3A1.0%7D&serviceName=DEFAULT_GROUP%40%40cloud-user-handle&encoding=UTF-8&namespaceId=public HTTP/1.1" 200 38 2 Nacos-Java-Client:v1.1.1
192.168.1.5 - - [22/Apr/2020:01:33:48 +0800] "GET /nacos/v1/cs/health HTTP/1.1" 200 2 2 Apache-HttpAsyncClient/4.1.3 (Java/1.8.0_45)
127.0.0.1 - - [22/Apr/2020:01:33:52 +0800] "PUT /nacos/v1/ns/instance/beat?beat=%7B%22cluster%22%3A%22DEFAULT%22%2C%22ip%22%3A%22192.168.1.5%22%2C%22metadata%22%3A%7B%22preserved.register.source%22%3A%22SPRING_CLOUD%22%7D%2C%22period%22%3A5000%2C%22port%22%3A8721%2C%22scheduled%22%3Afalse%2C%22serviceName%22%3A%22DEFAULT_GROUP%40%40cloud-user-handle%22%2C%22stopped%22%3Afalse%2C%22weight%22%3A1.0%7D&serviceName=DEFAULT_GROUP%40%40cloud-user-handle&encoding=UTF-8&namespaceId=public HTTP/1.1" 200 38 39 Nacos-Java-Client:v1.1.1
192.168.1.5 - - [22/Apr/2020:01:33:53 +0800] "GET /nacos/v1/cs/health HTTP/1.1" 200 2 3 Apache-HttpAsyncClient/4.1.3 (Java/1.8.0_45)
127.0.0.1 - - [22/Apr/2020:01:33:57 +0800] "PUT /nacos/v1/ns/instance/beat?beat=%7B%22cluster%22%3A%22DEFAULT%22%2C%22ip%22%3A%22192.168.1.5%22%2C%22metadata%22%3A%7B%22preserved.register.source%22%3A%22SPRING_CLOUD%22%7D%2C%22period%22%3A5000%2C%22port%22%3A8721%2C%22scheduled%22%3Afalse%2C%22serviceName%22%3A%22DEFAULT_GROUP%40%40cloud-user-handle%22%2C%22stopped%22%3Afalse%2C%22weight%22%3A1.0%7D&serviceName=DEFAULT_GROUP%40%40cloud-user-handle&encoding=UTF-8&namespaceId=public HTTP/1.1" 200 38 14 Nacos-Java-Client:v1.1.1
192.168.1.5 - - [22/Apr/2020:01:33:58 +0800] "GET /nacos/v1/cs/health HTTP/1.1" 200 2 6 Apache-HttpAsyncClient/4.1.3 (Java/1.8.0_45)
127.0.0.1 - - [22/Apr/2020:01:34:02 +0800] "PUT /nacos/v1/ns/instance/beat?beat=%7B%22cluster%22%3A%22DEFAULT%22%2C%22ip%22%3A%22192.168.1.5%22%2C%22metadata%22%3A%7B%22preserved.register.source%22%3A%22SPRING_CLOUD%22%7D%2C%22period%22%3A5000%2C%22port%22%3A8721%2C%22scheduled%22%3Afalse%2C%22serviceName%22%3A%22DEFAULT_GROUP%40%40cloud-user-handle%22%2C%22stopped%22%3Afalse%2C%22weight%22%3A1.0%7D&serviceName=DEFAULT_GROUP%40%40cloud-user-handle&encoding=UTF-8&namespaceId=public HTTP/1.1" 200 38 8 Nacos-Java-Client:v1.1.1
127.0.0.1 - - [22/Apr/2020:01:34:02 +0800] "POST /nacos/v1/cs/configs/listener HTTP/1.1" 200 - 29504 Java/1.8.0_45
127.0.0.1 - - [22/Apr/2020:01:34:02 +0800] "POST /nacos/v1/cs/configs/listener HTTP/1.1" 200 - 29502 Java/1.8.0_45
127.0.0.1 - - [22/Apr/2020:01:34:02 +0800] "POST /nacos/v1/cs/configs/listener HTTP/1.1" 200 - 29509 Java/1.8.0_45
127.0.0.1 - - [22/Apr/2020:01:34:02 +0800] "POST /nacos/v1/cs/configs/listener HTTP/1.1" 200 - 29508 Java/1.8.0_45
127.0.0.1 - - [22/Apr/2020:01:34:02 +0800] "POST /nacos/v1/cs/configs/listener HTTP/1.1" 200 - 29508 Java/1.8.0_45
192.168.1.5 - - [22/Apr/2020:01:34:03 +0800] "GET /nacos/v1/cs/health HTTP/1.1" 200 2 3 Apache-HttpAsyncClient/4.1.3 (Java/1.8.0_45)
127.0.0.1 - - [22/Apr/2020:01:34:07 +0800] "PUT /nacos/v1/ns/instance/beat?beat=%7B%22cluster%22%3A%22DEFAULT%22%2C%22ip%22%3A%22192.168.1.5%22%2C%22metadata%22%3A%7B%22preserved.register.source%22%3A%22SPRING_CLOUD%22%7D%2C%22period%22%3A5000%2C%22port%22%3A8721%2C%22scheduled%22%3Afalse%2C%22serviceName%22%3A%22DEFAULT_GROUP%40%40cloud-user-handle%22%2C%22stopped%22%3Afalse%2C%22weight%22%3A1.0%7D&serviceName=DEFAULT_GROUP%40%40cloud-user-handle&encoding=UTF-8&namespaceId=public HTTP/1.1" 200 38 3 Nacos-Java-Client:v1.1.1
192.168.1.5 - - [22/Apr/2020:01:34:08 +0800] "GET /nacos/v1/cs/health HTTP/1.1" 200 2 3 Apache-HttpAsyncClient/4.1.3 (Java/1.8.0_45)
127.0.0.1 - - [22/Apr/2020:01:34:12 +0800] "PUT /nacos/v1/ns/instance/beat?beat=%7B%22cluster%22%3A%22DEFAULT%22%2C%22ip%22%3A%22192.168.1.5%22%2C%22metadata%22%3A%7B%22preserved.register.source%22%3A%22SPRING_CLOUD%22%7D%2C%22period%22%3A5000%2C%22port%22%3A8721%2C%22scheduled%22%3Afalse%2C%22serviceName%22%3A%22DEFAULT_GROUP%40%40cloud-user-handle%22%2C%22stopped%22%3Afalse%2C%22weight%22%3A1.0%7D&serviceName=DEFAULT_GROUP%40%40cloud-user-handle&encoding=UTF-8&namespaceId=public HTTP/1.1" 200 38 4 Nacos-Java-Client:v1.1.1
192.168.1.5 - - [22/Apr/2020:01:34:13 +0800] "GET /nacos/v1/cs/health HTTP/1.1" 200 2 4 Apache-HttpAsyncClient/4.1.3 (Java/1.8.0_45)
127.0.0.1 - - [22/Apr/2020:01:34:17 +0800] "PUT /nacos/v1/ns/instance/beat?beat=%7B%22cluster%22%3A%22DEFAULT%22%2C%22ip%22%3A%22192.168.1.5%22%2C%22metadata%22%3A%7B%22preserved.register.source%22%3A%22SPRING_CLOUD%22%7D%2C%22period%22%3A5000%2C%22port%22%3A8721%2C%22scheduled%22%3Afalse%2C%22serviceName%22%3A%22DEFAULT_GROUP%40%40cloud-user-handle%22%2C%22stopped%22%3Afalse%2C%22weight%22%3A1.0%7D&serviceName=DEFAULT_GROUP%40%40cloud-user-handle&encoding=UTF-8&namespaceId=public HTTP/1.1" 200 38 6 Nacos-Java-Client:v1.1.1
192.168.1.5 - - [22/Apr/2020:01:34:18 +0800] "GET /nacos/v1/cs/health HTTP/1.1" 200 2 2 Apache-HttpAsyncClient/4.1.3 (Java/1.8.0_45)
127.0.0.1 - - [22/Apr/2020:01:34:22 +0800] "PUT /nacos/v1/ns/instance/beat?beat=%7B%22cluster%22%3A%22DEFAULT%22%2C%22ip%22%3A%22192.168.1.5%22%2C%22metadata%22%3A%7B%22preserved.register.source%22%3A%22SPRING_CLOUD%22%7D%2C%22period%22%3A5000%2C%22port%22%3A8721%2C%22scheduled%22%3Afalse%2C%22serviceName%22%3A%22DEFAULT_GROUP%40%40cloud-user-handle%22%2C%22stopped%22%3Afalse%2C%22weight%22%3A1.0%7D&serviceName=DEFAULT_GROUP%40%40cloud-user-handle&encoding=UTF-8&namespaceId=public HTTP/1.1" 200 38 2 Nacos-Java-Client:v1.1.1
192.168.1.5 - - [22/Apr/2020:01:34:23 +0800] "GET /nacos/v1/cs/health HTTP/1.1" 200 2 2 Apache-HttpAsyncClient/4.1.3 (Java/1.8.0_45)
127.0.0.1 - - [22/Apr/2020:01:34:27 +0800] "PUT /nacos/v1/ns/instance/beat?beat=%7B%22cluster%22%3A%22DEFAULT%22%2C%22ip%22%3A%22192.168.1.5%22%2C%22metadata%22%3A%7B%22preserved.register.source%22%3A%22SPRING_CLOUD%22%7D%2C%22period%22%3A5000%2C%22port%22%3A8721%2C%22scheduled%22%3Afalse%2C%22serviceName%22%3A%22DEFAULT_GROUP%40%40cloud-user-handle%22%2C%22stopped%22%3Afalse%2C%22weight%22%3A1.0%7D&serviceName=DEFAULT_GROUP%40%40cloud-user-handle&encoding=UTF-8&namespaceId=public HTTP/1.1" 200 38 2 Nacos-Java-Client:v1.1.1
192.168.1.5 - - [22/Apr/2020:01:34:28 +0800] "GET /nacos/v1/cs/health HTTP/1.1" 200 2 2 Apache-HttpAsyncClient/4.1.3 (Java/1.8.0_45)
127.0.0.1 - - [22/Apr/2020:01:34:32 +0800] "POST /nacos/v1/cs/configs/listener HTTP/1.1" 200 - 29503 Java/1.8.0_45
127.0.0.1 - - [22/Apr/2020:01:34:32 +0800] "POST /nacos/v1/cs/configs/listener HTTP/1.1" 200 - 29504 Java/1.8.0_45
127.0.0.1 - - [22/Apr/2020:01:34:32 +0800] "POST /nacos/v1/cs/configs/listener HTTP/1.1" 200 - 29504 Java/1.8.0_45
127.0.0.1 - - [22/Apr/2020:01:34:32 +0800] "POST /nacos/v1/cs/configs/listener HTTP/1.1" 200 - 29507 Java/1.8.0_45
127.0.0.1 - - [22/Apr/2020:01:34:32 +0800] "POST /nacos/v1/cs/configs/listener HTTP/1.1" 200 - 29503 Java/1.8.0_45
127.0.0.1 - - [22/Apr/2020:01:34:32 +0800] "PUT /nacos/v1/ns/instance/beat?beat=%7B%22cluster%22%3A%22DEFAULT%22%2C%22ip%22%3A%22192.168.1.5%22%2C%22metadata%22%3A%7B%22preserved.register.source%22%3A%22SPRING_CLOUD%22%7D%2C%22period%22%3A5000%2C%22port%22%3A8721%2C%22scheduled%22%3Afalse%2C%22serviceName%22%3A%22DEFAULT_GROUP%40%40cloud-user-handle%22%2C%22stopped%22%3Afalse%2C%22weight%22%3A1.0%7D&serviceName=DEFAULT_GROUP%40%40cloud-user-handle&encoding=UTF-8&namespaceId=public HTTP/1.1" 200 38 2 Nacos-Java-Client:v1.1.1
192.168.1.5 - - [22/Apr/2020:01:34:33 +0800] "GET /nacos/v1/cs/health HTTP/1.1" 200 2 1 Apache-HttpAsyncClient/4.1.3 (Java/1.8.0_45)
127.0.0.1 - - [22/Apr/2020:01:34:37 +0800] "PUT /nacos/v1/ns/instance/beat?beat=%7B%22cluster%22%3A%22DEFAULT%22%2C%22ip%22%3A%22192.168.1.5%22%2C%22metadata%22%3A%7B%22preserved.register.source%22%3A%22SPRING_CLOUD%22%7D%2C%22period%22%3A5000%2C%22port%22%3A8721%2C%22scheduled%22%3Afalse%2C%22serviceName%22%3A%22DEFAULT_GROUP%40%40cloud-user-handle%22%2C%22stopped%22%3Afalse%2C%22weight%22%3A1.0%7D&serviceName=DEFAULT_GROUP%40%40cloud-user-handle&encoding=UTF-8&namespaceId=public HTTP/1.1" 200 38 1 Nacos-Java-Client:v1.1.1
192.168.1.5 - - [22/Apr/2020:01:34:38 +0800] "GET /nacos/v1/cs/health HTTP/1.1" 200 2 2 Apache-HttpAsyncClient/4.1.3 (Java/1.8.0_45)
127.0.0.1 - - [22/Apr/2020:01:34:42 +0800] "PUT /nacos/v1/ns/instance/beat?beat=%7B%22cluster%22%3A%22DEFAULT%22%2C%22ip%22%3A%22192.168.1.5%22%2C%22metadata%22%3A%7B%22preserved.register.source%22%3A%22SPRING_CLOUD%22%7D%2C%22period%22%3A5000%2C%22port%22%3A8721%2C%22scheduled%22%3Afalse%2C%22serviceName%22%3A%22DEFAULT_GROUP%40%40cloud-user-handle%22%2C%22stopped%22%3Afalse%2C%22weight%22%3A1.0%7D&serviceName=DEFAULT_GROUP%40%40cloud-user-handle&encoding=UTF-8&namespaceId=public HTTP/1.1" 200 38 4 Nacos-Java-Client:v1.1.1
192.168.1.5 - - [22/Apr/2020:01:34:43 +0800] "GET /nacos/v1/cs/health HTTP/1.1" 200 2 3 Apache-HttpAsyncClient/4.1.3 (Java/1.8.0_45)
127.0.0.1 - - [22/Apr/2020:01:34:47 +0800] "PUT /nacos/v1/ns/instance/beat?beat=%7B%22cluster%22%3A%22DEFAULT%22%2C%22ip%22%3A%22192.168.1.5%22%2C%22metadata%22%3A%7B%22preserved.register.source%22%3A%22SPRING_CLOUD%22%7D%2C%22period%22%3A5000%2C%22port%22%3A8721%2C%22scheduled%22%3Afalse%2C%22serviceName%22%3A%22DEFAULT_GROUP%40%40cloud-user-handle%22%2C%22stopped%22%3Afalse%2C%22weight%22%3A1.0%7D&serviceName=DEFAULT_GROUP%40%40cloud-user-handle&encoding=UTF-8&namespaceId=public HTTP/1.1" 200 38 2 Nacos-Java-Client:v1.1.1
192.168.1.5 - - [22/Apr/2020:01:34:48 +0800] "GET /nacos/v1/cs/health HTTP/1.1" 200 2 2 Apache-HttpAsyncClient/4.1.3 (Java/1.8.0_45)
127.0.0.1 - - [22/Apr/2020:01:34:52 +0800] "PUT /nacos/v1/ns/instance/beat?beat=%7B%22cluster%22%3A%22DEFAULT%22%2C%22ip%22%3A%22192.168.1.5%22%2C%22metadata%22%3A%7B%22preserved.register.source%22%3A%22SPRING_CLOUD%22%7D%2C%22period%22%3A5000%2C%22port%22%3A8721%2C%22scheduled%22%3Afalse%2C%22serviceName%22%3A%22DEFAULT_GROUP%40%40cloud-user-handle%22%2C%22stopped%22%3Afalse%2C%22weight%22%3A1.0%7D&serviceName=DEFAULT_GROUP%40%40cloud-user-handle&encoding=UTF-8&namespaceId=public HTTP/1.1" 200 38 2 Nacos-Java-Client:v1.1.1
192.168.1.5 - - [22/Apr/2020:01:34:53 +0800] "GET /nacos/v1/cs/health HTTP/1.1" 200 2 2 Apache-HttpAsyncClient/4.1.3 (Java/1.8.0_45)
127.0.0.1 - - [22/Apr/2020:01:34:57 +0800] "PUT /nacos/v1/ns/instance/beat?beat=%7B%22cluster%22%3A%22DEFAULT%22%2C%22ip%22%3A%22192.168.1.5%22%2C%22metadata%22%3A%7B%22preserved.register.source%22%3A%22SPRING_CLOUD%22%7D%2C%22period%22%3A5000%2C%22port%22%3A8721%2C%22scheduled%22%3Afalse%2C%22serviceName%22%3A%22DEFAULT_GROUP%40%40cloud-user-handle%22%2C%22stopped%22%3Afalse%2C%22weight%22%3A1.0%7D&serviceName=DEFAULT_GROUP%40%40cloud-user-handle&encoding=UTF-8&namespaceId=public HTTP/1.1" 200 38 1 Nacos-Java-Client:v1.1.1
192.168.1.5 - - [22/Apr/2020:01:34:58 +0800] "GET /nacos/v1/cs/health HTTP/1.1" 200 2 1 Apache-HttpAsyncClient/4.1.3 (Java/1.8.0_45)
127.0.0.1 - - [22/Apr/2020:01:35:01 +0800] "POST /nacos/v1/cs/configs/listener HTTP/1.1" 200 - 29503 Java/1.8.0_45
127.0.0.1 - - [22/Apr/2020:01:35:01 +0800] "POST /nacos/v1/cs/configs/listener HTTP/1.1" 200 - 29502 Java/1.8.0_45
127.0.0.1 - - [22/Apr/2020:01:35:01 +0800] "POST /nacos/v1/cs/configs/listener HTTP/1.1" 200 - 29502 Java/1.8.0_45
127.0.0.1 - - [22/Apr/2020:01:35:01 +0800] "POST /nacos/v1/cs/configs/listener HTTP/1.1" 200 - 29504 Java/1.8.0_45
127.0.0.1 - - [22/Apr/2020:01:35:01 +0800] "POST /nacos/v1/cs/configs/listener HTTP/1.1" 200 - 29502 Java/1.8.0_45
127.0.0.1 - - [22/Apr/2020:01:35:02 +0800] "PUT /nacos/v1/ns/instance/beat?beat=%7B%22cluster%22%3A%22DEFAULT%22%2C%22ip%22%3A%22192.168.1.5%22%2C%22metadata%22%3A%7B%22preserved.register.source%22%3A%22SPRING_CLOUD%22%7D%2C%22period%22%3A5000%2C%22port%22%3A8721%2C%22scheduled%22%3Afalse%2C%22serviceName%22%3A%22DEFAULT_GROUP%40%40cloud-user-handle%22%2C%22stopped%22%3Afalse%2C%22weight%22%3A1.0%7D&serviceName=DEFAULT_GROUP%40%40cloud-user-handle&encoding=UTF-8&namespaceId=public HTTP/1.1" 200 38 1 Nacos-Java-Client:v1.1.1
192.168.1.5 - - [22/Apr/2020:01:35:03 +0800] "GET /nacos/v1/cs/health HTTP/1.1" 200 2 1 Apache-HttpAsyncClient/4.1.3 (Java/1.8.0_45)
0:0:0:0:0:0:0:1 - - [22/Apr/2020:01:35:04 +0800] "GET /nacos/ HTTP/1.1" 304 - 8 Mozilla/5.0 (Windows NT 10.0; Win64; x64) AppleWebKit/537.36 (KHTML, like Gecko) Chrome/80.0.3987.163 Safari/537.36
0:0:0:0:0:0:0:1 - - [22/Apr/2020:01:35:04 +0800] "GET /nacos/v1/console/namespaces?namespaceId= HTTP/1.1" 200 130 4 Mozilla/5.0 (Windows NT 10.0; Win64; x64) AppleWebKit/537.36 (KHTML, like Gecko) Chrome/80.0.3987.163 Safari/537.36
0:0:0:0:0:0:0:1 - - [22/Apr/2020:01:35:04 +0800] "GET /nacos/v1/console/server/state HTTP/1.1" 200 82 2 Mozilla/5.0 (Windows NT 10.0; Win64; x64) AppleWebKit/537.36 (KHTML, like Gecko) Chrome/80.0.3987.163 Safari/537.36
0:0:0:0:0:0:0:1 - - [22/Apr/2020:01:35:04 +0800] "GET /nacos/v1/cs/configs?search=accurate&dataId=&group=&appName=&config_tags=&pageNo=1&pageSize=10&tenant=&namespaceId= HTTP/1.1" 200 702 3 Mozilla/5.0 (Windows NT 10.0; Win64; x64) AppleWebKit/537.36 (KHTML, like Gecko) Chrome/80.0.3987.163 Safari/537.36
0:0:0:0:0:0:0:1 - - [22/Apr/2020:01:35:05 +0800] "GET /nacos/console-fe/public/img/favicon.ico HTTP/1.1" 200 4286 12 Mozilla/5.0 (Windows NT 10.0; Win64; x64) AppleWebKit/537.36 (KHTML, like Gecko) Chrome/80.0.3987.163 Safari/537.36
127.0.0.1 - - [22/Apr/2020:01:35:07 +0800] "PUT /nacos/v1/ns/instance/beat?beat=%7B%22cluster%22%3A%22DEFAULT%22%2C%22ip%22%3A%22192.168.1.5%22%2C%22metadata%22%3A%7B%22preserved.register.source%22%3A%22SPRING_CLOUD%22%7D%2C%22period%22%3A5000%2C%22port%22%3A8721%2C%22scheduled%22%3Afalse%2C%22serviceName%22%3A%22DEFAULT_GROUP%40%40cloud-user-handle%22%2C%22stopped%22%3Afalse%2C%22weight%22%3A1.0%7D&serviceName=DEFAULT_GROUP%40%40cloud-user-handle&encoding=UTF-8&namespaceId=public HTTP/1.1" 200 38 1 Nacos-Java-Client:v1.1.1
192.168.1.5 - - [22/Apr/2020:01:35:08 +0800] "GET /nacos/v1/cs/health HTTP/1.1" 200 2 1 Apache-HttpAsyncClient/4.1.3 (Java/1.8.0_45)
127.0.0.1 - - [22/Apr/2020:01:35:12 +0800] "PUT /nacos/v1/ns/instance/beat?beat=%7B%22cluster%22%3A%22DEFAULT%22%2C%22ip%22%3A%22192.168.1.5%22%2C%22metadata%22%3A%7B%22preserved.register.source%22%3A%22SPRING_CLOUD%22%7D%2C%22period%22%3A5000%2C%22port%22%3A8721%2C%22scheduled%22%3Afalse%2C%22serviceName%22%3A%22DEFAULT_GROUP%40%40cloud-user-handle%22%2C%22stopped%22%3Afalse%2C%22weight%22%3A1.0%7D&serviceName=DEFAULT_GROUP%40%40cloud-user-handle&encoding=UTF-8&namespaceId=public HTTP/1.1" 200 38 2 Nacos-Java-Client:v1.1.1
192.168.1.5 - - [22/Apr/2020:01:35:13 +0800] "GET /nacos/v1/cs/health HTTP/1.1" 200 2 1 Apache-HttpAsyncClient/4.1.3 (Java/1.8.0_45)
0:0:0:0:0:0:0:1 - - [22/Apr/2020:01:35:15 +0800] "GET /nacos/ HTTP/1.1" 304 - 4 Mozilla/5.0 (Windows NT 10.0; Win64; x64) AppleWebKit/537.36 (KHTML, like Gecko) Chrome/80.0.3987.163 Safari/537.36
0:0:0:0:0:0:0:1 - - [22/Apr/2020:01:35:16 +0800] "GET /nacos/v1/console/namespaces?namespaceId= HTTP/1.1" 200 130 3 Mozilla/5.0 (Windows NT 10.0; Win64; x64) AppleWebKit/537.36 (KHTML, like Gecko) Chrome/80.0.3987.163 Safari/537.36
0:0:0:0:0:0:0:1 - - [22/Apr/2020:01:35:16 +0800] "GET /nacos/v1/console/server/state HTTP/1.1" 200 82 1 Mozilla/5.0 (Windows NT 10.0; Win64; x64) AppleWebKit/537.36 (KHTML, like Gecko) Chrome/80.0.3987.163 Safari/537.36
0:0:0:0:0:0:0:1 - - [22/Apr/2020:01:35:16 +0800] "GET /nacos/v1/cs/configs?search=accurate&dataId=&group=&appName=&config_tags=&pageNo=1&pageSize=10&tenant=&namespaceId= HTTP/1.1" 200 702 3 Mozilla/5.0 (Windows NT 10.0; Win64; x64) AppleWebKit/537.36 (KHTML, like Gecko) Chrome/80.0.3987.163 Safari/537.36
0:0:0:0:0:0:0:1 - - [22/Apr/2020:01:35:16 +0800] "GET /nacos/console-fe/public/img/favicon.ico HTTP/1.1" 200 4286 2 Mozilla/5.0 (Windows NT 10.0; Win64; x64) AppleWebKit/537.36 (KHTML, like Gecko) Chrome/80.0.3987.163 Safari/537.36
0:0:0:0:0:0:0:1 - - [22/Apr/2020:01:35:16 +0800] "GET /nacos/ HTTP/1.1" 304 - 4 Mozilla/5.0 (Windows NT 10.0; Win64; x64) AppleWebKit/537.36 (KHTML, like Gecko) Chrome/80.0.3987.163 Safari/537.36
0:0:0:0:0:0:0:1 - - [22/Apr/2020:01:35:16 +0800] "GET /nacos/v1/console/namespaces?namespaceId= HTTP/1.1" 200 130 3 Mozilla/5.0 (Windows NT 10.0; Win64; x64) AppleWebKit/537.36 (KHTML, like Gecko) Chrome/80.0.3987.163 Safari/537.36
0:0:0:0:0:0:0:1 - - [22/Apr/2020:01:35:16 +0800] "GET /nacos/v1/console/server/state HTTP/1.1" 200 82 2 Mozilla/5.0 (Windows NT 10.0; Win64; x64) AppleWebKit/537.36 (KHTML, like Gecko) Chrome/80.0.3987.163 Safari/537.36
0:0:0:0:0:0:0:1 - - [22/Apr/2020:01:35:16 +0800] "GET /nacos/v1/cs/configs?search=accurate&dataId=&group=&appName=&config_tags=&pageNo=1&pageSize=10&tenant=&namespaceId= HTTP/1.1" 200 702 3 Mozilla/5.0 (Windows NT 10.0; Win64; x64) AppleWebKit/537.36 (KHTML, like Gecko) Chrome/80.0.3987.163 Safari/537.36
0:0:0:0:0:0:0:1 - - [22/Apr/2020:01:35:17 +0800] "GET /nacos/console-fe/public/img/favicon.ico HTTP/1.1" 200 4286 3 Mozilla/5.0 (Windows NT 10.0; Win64; x64) AppleWebKit/537.36 (KHTML, like Gecko) Chrome/80.0.3987.163 Safari/537.36
0:0:0:0:0:0:0:1 - - [22/Apr/2020:01:35:17 +0800] "GET /nacos/ HTTP/1.1" 304 - 5 Mozilla/5.0 (Windows NT 10.0; Win64; x64) AppleWebKit/537.36 (KHTML, like Gecko) Chrome/80.0.3987.163 Safari/537.36
127.0.0.1 - - [22/Apr/2020:01:35:17 +0800] "PUT /nacos/v1/ns/instance/beat?beat=%7B%22cluster%22%3A%22DEFAULT%22%2C%22ip%22%3A%22192.168.1.5%22%2C%22metadata%22%3A%7B%22preserved.register.source%22%3A%22SPRING_CLOUD%22%7D%2C%22period%22%3A5000%2C%22port%22%3A8721%2C%22scheduled%22%3Afalse%2C%22serviceName%22%3A%22DEFAULT_GROUP%40%40cloud-user-handle%22%2C%22stopped%22%3Afalse%2C%22weight%22%3A1.0%7D&serviceName=DEFAULT_GROUP%40%40cloud-user-handle&encoding=UTF-8&namespaceId=public HTTP/1.1" 200 38 2 Nacos-Java-Client:v1.1.1
0:0:0:0:0:0:0:1 - - [22/Apr/2020:01:35:17 +0800] "GET /nacos/v1/console/namespaces?namespaceId= HTTP/1.1" 200 130 4 Mozilla/5.0 (Windows NT 10.0; Win64; x64) AppleWebKit/537.36 (KHTML, like Gecko) Chrome/80.0.3987.163 Safari/537.36
0:0:0:0:0:0:0:1 - - [22/Apr/2020:01:35:17 +0800] "GET /nacos/v1/console/server/state HTTP/1.1" 200 82 2 Mozilla/5.0 (Windows NT 10.0; Win64; x64) AppleWebKit/537.36 (KHTML, like Gecko) Chrome/80.0.3987.163 Safari/537.36
0:0:0:0:0:0:0:1 - - [22/Apr/2020:01:35:17 +0800] "GET /nacos/v1/cs/configs?search=accurate&dataId=&group=&appName=&config_tags=&pageNo=1&pageSize=10&tenant=&namespaceId= HTTP/1.1" 200 702 4 Mozilla/5.0 (Windows NT 10.0; Win64; x64) AppleWebKit/537.36 (KHTML, like Gecko) Chrome/80.0.3987.163 Safari/537.36
0:0:0:0:0:0:0:1 - - [22/Apr/2020:01:35:17 +0800] "GET /nacos/console-fe/public/img/favicon.ico HTTP/1.1" 200 4286 2 Mozilla/5.0 (Windows NT 10.0; Win64; x64) AppleWebKit/537.36 (KHTML, like Gecko) Chrome/80.0.3987.163 Safari/537.36
192.168.1.5 - - [22/Apr/2020:01:35:18 +0800] "GET /nacos/v1/cs/health HTTP/1.1" 200 2 2 Apache-HttpAsyncClient/4.1.3 (Java/1.8.0_45)
127.0.0.1 - - [22/Apr/2020:01:35:20 +0800] "GET /nacos/v1/cs/configs?dataId=cloud-user-handle-flow-rules-dashboard&group=SENTINEL_GROUP HTTP/1.1" 404 23 1 Java/1.8.0_45
127.0.0.1 - - [22/Apr/2020:01:35:22 +0800] "PUT /nacos/v1/ns/instance/beat?beat=%7B%22cluster%22%3A%22DEFAULT%22%2C%22ip%22%3A%22192.168.1.5%22%2C%22metadata%22%3A%7B%22preserved.register.source%22%3A%22SPRING_CLOUD%22%7D%2C%22period%22%3A5000%2C%22port%22%3A8721%2C%22scheduled%22%3Afalse%2C%22serviceName%22%3A%22DEFAULT_GROUP%40%40cloud-user-handle%22%2C%22stopped%22%3Afalse%2C%22weight%22%3A1.0%7D&serviceName=DEFAULT_GROUP%40%40cloud-user-handle&encoding=UTF-8&namespaceId=public HTTP/1.1" 200 38 3 Nacos-Java-Client:v1.1.1
192.168.1.5 - - [22/Apr/2020:01:35:23 +0800] "GET /nacos/v1/cs/health HTTP/1.1" 200 2 1 Apache-HttpAsyncClient/4.1.3 (Java/1.8.0_45)
127.0.0.1 - - [22/Apr/2020:01:35:27 +0800] "PUT /nacos/v1/ns/instance/beat?beat=%7B%22cluster%22%3A%22DEFAULT%22%2C%22ip%22%3A%22192.168.1.5%22%2C%22metadata%22%3A%7B%22preserved.register.source%22%3A%22SPRING_CLOUD%22%7D%2C%22period%22%3A5000%2C%22port%22%3A8721%2C%22scheduled%22%3Afalse%2C%22serviceName%22%3A%22DEFAULT_GROUP%40%40cloud-user-handle%22%2C%22stopped%22%3Afalse%2C%22weight%22%3A1.0%7D&serviceName=DEFAULT_GROUP%40%40cloud-user-handle&encoding=UTF-8&namespaceId=public HTTP/1.1" 200 38 1 Nacos-Java-Client:v1.1.1
192.168.1.5 - - [22/Apr/2020:01:35:28 +0800] "GET /nacos/v1/cs/health HTTP/1.1" 200 2 2 Apache-HttpAsyncClient/4.1.3 (Java/1.8.0_45)
127.0.0.1 - - [22/Apr/2020:01:35:28 +0800] "POST /nacos/v1/cs/configs HTTP/1.1" 200 14 4 Java/1.8.0_45
192.168.1.5 - - [22/Apr/2020:01:35:28 +0800] "GET /nacos/v1/cs/communication/dataChange?dataId=cloud-user-handle-flow-rules&group=SENTINEL_GROUP HTTP/1.1" 200 14 3 Apache-HttpAsyncClient/4.1.3 (Java/1.8.0_45)
127.0.0.1 - - [22/Apr/2020:01:35:28 +0800] "POST /nacos/v1/cs/configs HTTP/1.1" 200 14 4 Java/1.8.0_45
192.168.1.5 - - [22/Apr/2020:01:35:28 +0800] "GET /nacos/v1/cs/communication/dataChange?dataId=cloud-user-handle-flow-rules-dashboard&group=SENTINEL_GROUP HTTP/1.1" 200 14 2 Apache-HttpAsyncClient/4.1.3 (Java/1.8.0_45)
127.0.0.1 - - [22/Apr/2020:01:35:28 +0800] "GET /nacos/v1/cs/configs?dataId=cloud-user-handle-flow-rules-dashboard&group=SENTINEL_GROUP HTTP/1.1" 404 23 1 Java/1.8.0_45
127.0.0.1 - - [22/Apr/2020:01:35:28 +0800] "POST /nacos/v1/cs/configs/listener HTTP/1.1" 200 50 27135 Java/1.8.0_45
127.0.0.1 - - [22/Apr/2020:01:35:28 +0800] "GET /nacos/v1/cs/configs?dataId=cloud-user-handle-flow-rules&group=SENTINEL_GROUP HTTP/1.1" 200 337 2 Java/1.8.0_45
127.0.0.1 - - [22/Apr/2020:01:35:31 +0800] "POST /nacos/v1/cs/configs/listener HTTP/1.1" 200 - 29503 Java/1.8.0_45
127.0.0.1 - - [22/Apr/2020:01:35:31 +0800] "POST /nacos/v1/cs/configs/listener HTTP/1.1" 200 - 29503 Java/1.8.0_45
127.0.0.1 - - [22/Apr/2020:01:35:31 +0800] "POST /nacos/v1/cs/configs/listener HTTP/1.1" 200 - 29503 Java/1.8.0_45
127.0.0.1 - - [22/Apr/2020:01:35:31 +0800] "POST /nacos/v1/cs/configs/listener HTTP/1.1" 200 - 29503 Java/1.8.0_45
127.0.0.1 - - [22/Apr/2020:01:35:32 +0800] "PUT /nacos/v1/ns/instance/beat?beat=%7B%22cluster%22%3A%22DEFAULT%22%2C%22ip%22%3A%22192.168.1.5%22%2C%22metadata%22%3A%7B%22preserved.register.source%22%3A%22SPRING_CLOUD%22%7D%2C%22period%22%3A5000%2C%22port%22%3A8721%2C%22scheduled%22%3Afalse%2C%22serviceName%22%3A%22DEFAULT_GROUP%40%40cloud-user-handle%22%2C%22stopped%22%3Afalse%2C%22weight%22%3A1.0%7D&serviceName=DEFAULT_GROUP%40%40cloud-user-handle&encoding=UTF-8&namespaceId=public HTTP/1.1" 200 38 2 Nacos-Java-Client:v1.1.1
192.168.1.5 - - [22/Apr/2020:01:35:33 +0800] "GET /nacos/v1/cs/health HTTP/1.1" 200 2 1 Apache-HttpAsyncClient/4.1.3 (Java/1.8.0_45)
127.0.0.1 - - [22/Apr/2020:01:35:34 +0800] "GET /nacos/v1/cs/configs?dataId=cloud-user-handle-flow-rules-dashboard&group=SENTINEL_GROUP HTTP/1.1" 200 460 3 Java/1.8.0_45
0:0:0:0:0:0:0:1 - - [22/Apr/2020:01:35:36 +0800] "GET /nacos/ HTTP/1.1" 304 - 4 Mozilla/5.0 (Windows NT 10.0; Win64; x64) AppleWebKit/537.36 (KHTML, like Gecko) Chrome/80.0.3987.163 Safari/537.36
0:0:0:0:0:0:0:1 - - [22/Apr/2020:01:35:36 +0800] "GET /nacos/v1/console/namespaces?namespaceId= HTTP/1.1" 200 130 3 Mozilla/5.0 (Windows NT 10.0; Win64; x64) AppleWebKit/537.36 (KHTML, like Gecko) Chrome/80.0.3987.163 Safari/537.36
0:0:0:0:0:0:0:1 - - [22/Apr/2020:01:35:36 +0800] "GET /nacos/v1/console/server/state HTTP/1.1" 200 82 2 Mozilla/5.0 (Windows NT 10.0; Win64; x64) AppleWebKit/537.36 (KHTML, like Gecko) Chrome/80.0.3987.163 Safari/537.36
0:0:0:0:0:0:0:1 - - [22/Apr/2020:01:35:36 +0800] "GET /nacos/v1/cs/configs?search=accurate&dataId=&group=&appName=&config_tags=&pageNo=1&pageSize=10&tenant=&namespaceId= HTTP/1.1" 200 1825 6 Mozilla/5.0 (Windows NT 10.0; Win64; x64) AppleWebKit/537.36 (KHTML, like Gecko) Chrome/80.0.3987.163 Safari/537.36
0:0:0:0:0:0:0:1 - - [22/Apr/2020:01:35:36 +0800] "GET /nacos/console-fe/public/img/favicon.ico HTTP/1.1" 200 4286 3 Mozilla/5.0 (Windows NT 10.0; Win64; x64) AppleWebKit/537.36 (KHTML, like Gecko) Chrome/80.0.3987.163 Safari/537.36
127.0.0.1 - - [22/Apr/2020:01:35:37 +0800] "PUT /nacos/v1/ns/instance/beat?beat=%7B%22cluster%22%3A%22DEFAULT%22%2C%22ip%22%3A%22192.168.1.5%22%2C%22metadata%22%3A%7B%22preserved.register.source%22%3A%22SPRING_CLOUD%22%7D%2C%22period%22%3A5000%2C%22port%22%3A8721%2C%22scheduled%22%3Afalse%2C%22serviceName%22%3A%22DEFAULT_GROUP%40%40cloud-user-handle%22%2C%22stopped%22%3Afalse%2C%22weight%22%3A1.0%7D&serviceName=DEFAULT_GROUP%40%40cloud-user-handle&encoding=UTF-8&namespaceId=public HTTP/1.1" 200 38 2 Nacos-Java-Client:v1.1.1
192.168.1.5 - - [22/Apr/2020:01:35:38 +0800] "GET /nacos/v1/cs/health HTTP/1.1" 200 2 1 Apache-HttpAsyncClient/4.1.3 (Java/1.8.0_45)
127.0.0.1 - - [22/Apr/2020:01:35:42 +0800] "PUT /nacos/v1/ns/instance/beat?beat=%7B%22cluster%22%3A%22DEFAULT%22%2C%22ip%22%3A%22192.168.1.5%22%2C%22metadata%22%3A%7B%22preserved.register.source%22%3A%22SPRING_CLOUD%22%7D%2C%22period%22%3A5000%2C%22port%22%3A8721%2C%22scheduled%22%3Afalse%2C%22serviceName%22%3A%22DEFAULT_GROUP%40%40cloud-user-handle%22%2C%22stopped%22%3Afalse%2C%22weight%22%3A1.0%7D&serviceName=DEFAULT_GROUP%40%40cloud-user-handle&encoding=UTF-8&namespaceId=public HTTP/1.1" 200 38 1 Nacos-Java-Client:v1.1.1
192.168.1.5 - - [22/Apr/2020:01:35:43 +0800] "GET /nacos/v1/cs/health HTTP/1.1" 200 2 2 Apache-HttpAsyncClient/4.1.3 (Java/1.8.0_45)
127.0.0.1 - - [22/Apr/2020:01:35:47 +0800] "PUT /nacos/v1/ns/instance/beat?beat=%7B%22cluster%22%3A%22DEFAULT%22%2C%22ip%22%3A%22192.168.1.5%22%2C%22metadata%22%3A%7B%22preserved.register.source%22%3A%22SPRING_CLOUD%22%7D%2C%22period%22%3A5000%2C%22port%22%3A8721%2C%22scheduled%22%3Afalse%2C%22serviceName%22%3A%22DEFAULT_GROUP%40%40cloud-user-handle%22%2C%22stopped%22%3Afalse%2C%22weight%22%3A1.0%7D&serviceName=DEFAULT_GROUP%40%40cloud-user-handle&encoding=UTF-8&namespaceId=public HTTP/1.1" 200 38 2 Nacos-Java-Client:v1.1.1
192.168.1.5 - - [22/Apr/2020:01:35:48 +0800] "GET /nacos/v1/cs/health HTTP/1.1" 200 2 1 Apache-HttpAsyncClient/4.1.3 (Java/1.8.0_45)
192.168.1.5 - - [22/Apr/2020:01:35:53 +0800] "GET /nacos/v1/cs/health HTTP/1.1" 200 2 1 Apache-HttpAsyncClient/4.1.3 (Java/1.8.0_45)
192.168.1.5 - - [22/Apr/2020:01:35:58 +0800] "GET /nacos/v1/cs/health HTTP/1.1" 200 2 1 Apache-HttpAsyncClient/4.1.3 (Java/1.8.0_45)
127.0.0.1 - - [22/Apr/2020:01:35:58 +0800] "POST /nacos/v1/cs/configs/listener HTTP/1.1" 500 - 29503 Java/1.8.0_45
127.0.0.1 - - [22/Apr/2020:01:36:00 +0800] "POST /nacos/v1/cs/configs/listener HTTP/1.1" 500 - 29501 Java/1.8.0_45
127.0.0.1 - - [22/Apr/2020:01:36:00 +0800] "POST /nacos/v1/cs/configs/listener HTTP/1.1" 500 - 29504 Java/1.8.0_45
127.0.0.1 - - [22/Apr/2020:01:36:00 +0800] "POST /nacos/v1/cs/configs/listener HTTP/1.1" 500 - 29500 Java/1.8.0_45
127.0.0.1 - - [22/Apr/2020:01:36:00 +0800] "POST /nacos/v1/cs/configs/listener HTTP/1.1" 500 - 29501 Java/1.8.0_45
192.168.1.5 - - [22/Apr/2020:01:36:03 +0800] "GET /nacos/v1/cs/health HTTP/1.1" 200 2 1 Apache-HttpAsyncClient/4.1.3 (Java/1.8.0_45)
192.168.1.5 - - [22/Apr/2020:01:36:08 +0800] "GET /nacos/v1/cs/health HTTP/1.1" 200 2 1 Apache-HttpAsyncClient/4.1.3 (Java/1.8.0_45)
192.168.1.5 - - [22/Apr/2020:01:36:13 +0800] "GET /nacos/v1/cs/health HTTP/1.1" 200 2 1 Apache-HttpAsyncClient/4.1.3 (Java/1.8.0_45)
127.0.0.1 - - [22/Apr/2020:01:36:18 +0800] "DELETE /nacos/v1/ns/instance?ephemeral=true&serviceName=DEFAULT_GROUP%40%40cloud-user-handle&port=8721&namespaceId=public&ip=192.168.1.5&clusterName=DEFAULT HTTP/1.1" 200 2 3 Nacos-Server:1.1.4
192.168.1.5 - - [22/Apr/2020:01:36:18 +0800] "GET /nacos/v1/cs/health HTTP/1.1" 200 2 2 Apache-HttpAsyncClient/4.1.3 (Java/1.8.0_45)
192.168.1.5 - - [22/Apr/2020:01:36:23 +0800] "GET /nacos/v1/cs/health HTTP/1.1" 200 2 1 Apache-HttpAsyncClient/4.1.3 (Java/1.8.0_45)
192.168.1.5 - - [22/Apr/2020:01:36:28 +0800] "GET /nacos/v1/cs/health HTTP/1.1" 200 2 1 Apache-HttpAsyncClient/4.1.3 (Java/1.8.0_45)
192.168.1.5 - - [22/Apr/2020:01:36:33 +0800] "GET /nacos/v1/cs/health HTTP/1.1" 200 2 1 Apache-HttpAsyncClient/4.1.3 (Java/1.8.0_45)
192.168.1.5 - - [22/Apr/2020:01:36:38 +0800] "GET /nacos/v1/cs/health HTTP/1.1" 200 2 1 Apache-HttpAsyncClient/4.1.3 (Java/1.8.0_45)
192.168.1.5 - - [22/Apr/2020:01:36:43 +0800] "GET /nacos/v1/cs/health HTTP/1.1" 200 2 1 Apache-HttpAsyncClient/4.1.3 (Java/1.8.0_45)
192.168.1.5 - - [22/Apr/2020:01:36:48 +0800] "GET /nacos/v1/cs/health HTTP/1.1" 200 2 1 Apache-HttpAsyncClient/4.1.3 (Java/1.8.0_45)
192.168.1.5 - - [22/Apr/2020:01:36:53 +0800] "GET /nacos/v1/cs/health HTTP/1.1" 200 2 1 Apache-HttpAsyncClient/4.1.3 (Java/1.8.0_45)
192.168.1.5 - - [22/Apr/2020:01:36:58 +0800] "GET /nacos/v1/cs/health HTTP/1.1" 200 2 1 Apache-HttpAsyncClient/4.1.3 (Java/1.8.0_45)
192.168.1.5 - - [22/Apr/2020:01:37:03 +0800] "GET /nacos/v1/cs/health HTTP/1.1" 200 2 2 Apache-HttpAsyncClient/4.1.3 (Java/1.8.0_45)
192.168.1.5 - - [22/Apr/2020:01:37:08 +0800] "GET /nacos/v1/cs/health HTTP/1.1" 200 2 2 Apache-HttpAsyncClient/4.1.3 (Java/1.8.0_45)
192.168.1.5 - - [22/Apr/2020:01:37:13 +0800] "GET /nacos/v1/cs/health HTTP/1.1" 200 2 1 Apache-HttpAsyncClient/4.1.3 (Java/1.8.0_45)
192.168.1.5 - - [22/Apr/2020:01:37:18 +0800] "GET /nacos/v1/cs/health HTTP/1.1" 200 2 1 Apache-HttpAsyncClient/4.1.3 (Java/1.8.0_45)
192.168.1.5 - - [22/Apr/2020:01:37:23 +0800] "GET /nacos/v1/cs/health HTTP/1.1" 200 2 1 Apache-HttpAsyncClient/4.1.3 (Java/1.8.0_45)
192.168.1.5 - - [22/Apr/2020:01:37:28 +0800] "GET /nacos/v1/cs/health HTTP/1.1" 200 2 2 Apache-HttpAsyncClient/4.1.3 (Java/1.8.0_45)
192.168.1.5 - - [22/Apr/2020:01:37:33 +0800] "GET /nacos/v1/cs/health HTTP/1.1" 200 2 1 Apache-HttpAsyncClient/4.1.3 (Java/1.8.0_45)
192.168.1.5 - - [22/Apr/2020:01:37:38 +0800] "GET /nacos/v1/cs/health HTTP/1.1" 200 2 1 Apache-HttpAsyncClient/4.1.3 (Java/1.8.0_45)
192.168.1.5 - - [22/Apr/2020:01:37:43 +0800] "GET /nacos/v1/cs/health HTTP/1.1" 200 2 1 Apache-HttpAsyncClient/4.1.3 (Java/1.8.0_45)
192.168.1.5 - - [22/Apr/2020:01:37:48 +0800] "GET /nacos/v1/cs/health HTTP/1.1" 200 2 1 Apache-HttpAsyncClient/4.1.3 (Java/1.8.0_45)
192.168.1.5 - - [22/Apr/2020:01:37:53 +0800] "GET /nacos/v1/cs/health HTTP/1.1" 200 2 1 Apache-HttpAsyncClient/4.1.3 (Java/1.8.0_45)
192.168.1.5 - - [22/Apr/2020:01:37:58 +0800] "GET /nacos/v1/cs/health HTTP/1.1" 200 2 1 Apache-HttpAsyncClient/4.1.3 (Java/1.8.0_45)
192.168.1.5 - - [22/Apr/2020:01:38:03 +0800] "GET /nacos/v1/cs/health HTTP/1.1" 200 2 1 Apache-HttpAsyncClient/4.1.3 (Java/1.8.0_45)
192.168.1.5 - - [22/Apr/2020:01:38:08 +0800] "GET /nacos/v1/cs/health HTTP/1.1" 200 2 1 Apache-HttpAsyncClient/4.1.3 (Java/1.8.0_45)
192.168.1.5 - - [22/Apr/2020:01:38:13 +0800] "GET /nacos/v1/cs/health HTTP/1.1" 200 2 2 Apache-HttpAsyncClient/4.1.3 (Java/1.8.0_45)
192.168.1.5 - - [22/Apr/2020:01:38:18 +0800] "GET /nacos/v1/cs/health HTTP/1.1" 200 2 1 Apache-HttpAsyncClient/4.1.3 (Java/1.8.0_45)
192.168.1.5 - - [22/Apr/2020:01:38:23 +0800] "GET /nacos/v1/cs/health HTTP/1.1" 200 2 2 Apache-HttpAsyncClient/4.1.3 (Java/1.8.0_45)
192.168.1.5 - - [22/Apr/2020:01:38:28 +0800] "GET /nacos/v1/cs/health HTTP/1.1" 200 2 1 Apache-HttpAsyncClient/4.1.3 (Java/1.8.0_45)
192.168.1.5 - - [22/Apr/2020:01:38:33 +0800] "GET /nacos/v1/cs/health HTTP/1.1" 200 2 1 Apache-HttpAsyncClient/4.1.3 (Java/1.8.0_45)
192.168.1.5 - - [22/Apr/2020:01:38:38 +0800] "GET /nacos/v1/cs/health HTTP/1.1" 200 2 1 Apache-HttpAsyncClient/4.1.3 (Java/1.8.0_45)
192.168.1.5 - - [22/Apr/2020:01:38:43 +0800] "GET /nacos/v1/cs/health HTTP/1.1" 200 2 1 Apache-HttpAsyncClient/4.1.3 (Java/1.8.0_45)
192.168.1.5 - - [22/Apr/2020:01:38:48 +0800] "GET /nacos/v1/cs/health HTTP/1.1" 200 2 1 Apache-HttpAsyncClient/4.1.3 (Java/1.8.0_45)
192.168.1.5 - - [22/Apr/2020:01:38:53 +0800] "GET /nacos/v1/cs/health HTTP/1.1" 200 2 1 Apache-HttpAsyncClient/4.1.3 (Java/1.8.0_45)
192.168.1.5 - - [22/Apr/2020:01:38:58 +0800] "GET /nacos/v1/cs/health HTTP/1.1" 200 2 1 Apache-HttpAsyncClient/4.1.3 (Java/1.8.0_45)
192.168.1.5 - - [22/Apr/2020:01:39:03 +0800] "GET /nacos/v1/cs/health HTTP/1.1" 200 2 2 Apache-HttpAsyncClient/4.1.3 (Java/1.8.0_45)
192.168.1.5 - - [22/Apr/2020:01:39:08 +0800] "GET /nacos/v1/cs/health HTTP/1.1" 200 2 1 Apache-HttpAsyncClient/4.1.3 (Java/1.8.0_45)
192.168.1.5 - - [22/Apr/2020:01:39:13 +0800] "GET /nacos/v1/cs/health HTTP/1.1" 200 2 1 Apache-HttpAsyncClient/4.1.3 (Java/1.8.0_45)
192.168.1.5 - - [22/Apr/2020:01:39:18 +0800] "GET /nacos/v1/cs/health HTTP/1.1" 200 2 1 Apache-HttpAsyncClient/4.1.3 (Java/1.8.0_45)
192.168.1.5 - - [22/Apr/2020:01:39:23 +0800] "GET /nacos/v1/cs/health HTTP/1.1" 200 2 1 Apache-HttpAsyncClient/4.1.3 (Java/1.8.0_45)
192.168.1.5 - - [22/Apr/2020:01:39:28 +0800] "GET /nacos/v1/cs/health HTTP/1.1" 200 2 1 Apache-HttpAsyncClient/4.1.3 (Java/1.8.0_45)
192.168.1.5 - - [22/Apr/2020:01:39:33 +0800] "GET /nacos/v1/cs/health HTTP/1.1" 200 2 1 Apache-HttpAsyncClient/4.1.3 (Java/1.8.0_45)
192.168.1.5 - - [22/Apr/2020:01:39:38 +0800] "GET /nacos/v1/cs/health HTTP/1.1" 200 2 1 Apache-HttpAsyncClient/4.1.3 (Java/1.8.0_45)
192.168.1.5 - - [22/Apr/2020:01:39:43 +0800] "GET /nacos/v1/cs/health HTTP/1.1" 200 2 1 Apache-HttpAsyncClient/4.1.3 (Java/1.8.0_45)
192.168.1.5 - - [22/Apr/2020:01:39:48 +0800] "GET /nacos/v1/cs/health HTTP/1.1" 200 2 1 Apache-HttpAsyncClient/4.1.3 (Java/1.8.0_45)
192.168.1.5 - - [22/Apr/2020:01:39:53 +0800] "GET /nacos/v1/cs/health HTTP/1.1" 200 2 1 Apache-HttpAsyncClient/4.1.3 (Java/1.8.0_45)
192.168.1.5 - - [22/Apr/2020:01:39:58 +0800] "GET /nacos/v1/cs/health HTTP/1.1" 200 2 2 Apache-HttpAsyncClient/4.1.3 (Java/1.8.0_45)
192.168.1.5 - - [22/Apr/2020:01:40:03 +0800] "GET /nacos/v1/cs/health HTTP/1.1" 200 2 1 Apache-HttpAsyncClient/4.1.3 (Java/1.8.0_45)
192.168.1.5 - - [22/Apr/2020:01:40:08 +0800] "GET /nacos/v1/cs/health HTTP/1.1" 200 2 1 Apache-HttpAsyncClient/4.1.3 (Java/1.8.0_45)
192.168.1.5 - - [22/Apr/2020:01:40:13 +0800] "GET /nacos/v1/cs/health HTTP/1.1" 200 2 2 Apache-HttpAsyncClient/4.1.3 (Java/1.8.0_45)
192.168.1.5 - - [22/Apr/2020:01:40:18 +0800] "GET /nacos/v1/cs/health HTTP/1.1" 200 2 1 Apache-HttpAsyncClient/4.1.3 (Java/1.8.0_45)
192.168.1.5 - - [22/Apr/2020:01:40:23 +0800] "GET /nacos/v1/cs/health HTTP/1.1" 200 2 1 Apache-HttpAsyncClient/4.1.3 (Java/1.8.0_45)
192.168.1.5 - - [22/Apr/2020:01:40:28 +0800] "GET /nacos/v1/cs/health HTTP/1.1" 200 2 1 Apache-HttpAsyncClient/4.1.3 (Java/1.8.0_45)
192.168.1.5 - - [22/Apr/2020:01:40:33 +0800] "GET /nacos/v1/cs/health HTTP/1.1" 200 2 2 Apache-HttpAsyncClient/4.1.3 (Java/1.8.0_45)
192.168.1.5 - - [22/Apr/2020:01:40:38 +0800] "GET /nacos/v1/cs/health HTTP/1.1" 200 2 1 Apache-HttpAsyncClient/4.1.3 (Java/1.8.0_45)
192.168.1.5 - - [22/Apr/2020:01:40:43 +0800] "GET /nacos/v1/cs/health HTTP/1.1" 200 2 1 Apache-HttpAsyncClient/4.1.3 (Java/1.8.0_45)
192.168.1.5 - - [22/Apr/2020:01:40:48 +0800] "GET /nacos/v1/cs/health HTTP/1.1" 200 2 1 Apache-HttpAsyncClient/4.1.3 (Java/1.8.0_45)
192.168.1.5 - - [22/Apr/2020:01:40:53 +0800] "GET /nacos/v1/cs/health HTTP/1.1" 200 2 1 Apache-HttpAsyncClient/4.1.3 (Java/1.8.0_45)
192.168.1.5 - - [22/Apr/2020:01:40:58 +0800] "GET /nacos/v1/cs/health HTTP/1.1" 200 2 1 Apache-HttpAsyncClient/4.1.3 (Java/1.8.0_45)
192.168.1.5 - - [22/Apr/2020:01:41:03 +0800] "GET /nacos/v1/cs/health HTTP/1.1" 200 2 1 Apache-HttpAsyncClient/4.1.3 (Java/1.8.0_45)
192.168.1.5 - - [22/Apr/2020:01:41:08 +0800] "GET /nacos/v1/cs/health HTTP/1.1" 200 2 2 Apache-HttpAsyncClient/4.1.3 (Java/1.8.0_45)
192.168.1.5 - - [22/Apr/2020:01:41:13 +0800] "GET /nacos/v1/cs/health HTTP/1.1" 200 2 1 Apache-HttpAsyncClient/4.1.3 (Java/1.8.0_45)
192.168.1.5 - - [22/Apr/2020:01:41:18 +0800] "GET /nacos/v1/cs/health HTTP/1.1" 200 2 1 Apache-HttpAsyncClient/4.1.3 (Java/1.8.0_45)
192.168.1.5 - - [22/Apr/2020:01:41:23 +0800] "GET /nacos/v1/cs/health HTTP/1.1" 200 2 1 Apache-HttpAsyncClient/4.1.3 (Java/1.8.0_45)
192.168.1.5 - - [22/Apr/2020:01:41:28 +0800] "GET /nacos/v1/cs/health HTTP/1.1" 200 2 2 Apache-HttpAsyncClient/4.1.3 (Java/1.8.0_45)
192.168.1.5 - - [22/Apr/2020:01:41:33 +0800] "GET /nacos/v1/cs/health HTTP/1.1" 200 2 1 Apache-HttpAsyncClient/4.1.3 (Java/1.8.0_45)
192.168.1.5 - - [22/Apr/2020:01:41:38 +0800] "GET /nacos/v1/cs/health HTTP/1.1" 200 2 1 Apache-HttpAsyncClient/4.1.3 (Java/1.8.0_45)
192.168.1.5 - - [22/Apr/2020:01:41:43 +0800] "GET /nacos/v1/cs/health HTTP/1.1" 200 2 1 Apache-HttpAsyncClient/4.1.3 (Java/1.8.0_45)
192.168.1.5 - - [22/Apr/2020:01:41:48 +0800] "GET /nacos/v1/cs/health HTTP/1.1" 200 2 0 Apache-HttpAsyncClient/4.1.3 (Java/1.8.0_45)
192.168.1.5 - - [22/Apr/2020:01:41:53 +0800] "GET /nacos/v1/cs/health HTTP/1.1" 200 2 3 Apache-HttpAsyncClient/4.1.3 (Java/1.8.0_45)
192.168.1.5 - - [22/Apr/2020:01:41:58 +0800] "GET /nacos/v1/cs/health HTTP/1.1" 200 2 1 Apache-HttpAsyncClient/4.1.3 (Java/1.8.0_45)
192.168.1.5 - - [22/Apr/2020:01:42:03 +0800] "GET /nacos/v1/cs/health HTTP/1.1" 200 2 2 Apache-HttpAsyncClient/4.1.3 (Java/1.8.0_45)
192.168.1.5 - - [22/Apr/2020:01:42:08 +0800] "GET /nacos/v1/cs/health HTTP/1.1" 200 2 2 Apache-HttpAsyncClient/4.1.3 (Java/1.8.0_45)
192.168.1.5 - - [22/Apr/2020:01:42:13 +0800] "GET /nacos/v1/cs/health HTTP/1.1" 200 2 1 Apache-HttpAsyncClient/4.1.3 (Java/1.8.0_45)
192.168.1.5 - - [22/Apr/2020:01:42:18 +0800] "GET /nacos/v1/cs/health HTTP/1.1" 200 2 3 Apache-HttpAsyncClient/4.1.3 (Java/1.8.0_45)
192.168.1.5 - - [22/Apr/2020:01:42:23 +0800] "GET /nacos/v1/cs/health HTTP/1.1" 200 2 3 Apache-HttpAsyncClient/4.1.3 (Java/1.8.0_45)
192.168.1.5 - - [22/Apr/2020:01:42:28 +0800] "GET /nacos/v1/cs/health HTTP/1.1" 200 2 2 Apache-HttpAsyncClient/4.1.3 (Java/1.8.0_45)
192.168.1.5 - - [22/Apr/2020:01:42:33 +0800] "GET /nacos/v1/cs/health HTTP/1.1" 200 2 1 Apache-HttpAsyncClient/4.1.3 (Java/1.8.0_45)
192.168.1.5 - - [22/Apr/2020:01:42:38 +0800] "GET /nacos/v1/cs/health HTTP/1.1" 200 2 2 Apache-HttpAsyncClient/4.1.3 (Java/1.8.0_45)
192.168.1.5 - - [22/Apr/2020:01:42:43 +0800] "GET /nacos/v1/cs/health HTTP/1.1" 200 2 1 Apache-HttpAsyncClient/4.1.3 (Java/1.8.0_45)
192.168.1.5 - - [22/Apr/2020:01:42:48 +0800] "GET /nacos/v1/cs/health HTTP/1.1" 200 2 2 Apache-HttpAsyncClient/4.1.3 (Java/1.8.0_45)
192.168.1.5 - - [22/Apr/2020:01:42:53 +0800] "GET /nacos/v1/cs/health HTTP/1.1" 200 2 1 Apache-HttpAsyncClient/4.1.3 (Java/1.8.0_45)
192.168.1.5 - - [22/Apr/2020:01:42:58 +0800] "GET /nacos/v1/cs/health HTTP/1.1" 200 2 1 Apache-HttpAsyncClient/4.1.3 (Java/1.8.0_45)
192.168.1.5 - - [22/Apr/2020:01:43:03 +0800] "GET /nacos/v1/cs/health HTTP/1.1" 200 2 1 Apache-HttpAsyncClient/4.1.3 (Java/1.8.0_45)
192.168.1.5 - - [22/Apr/2020:01:43:08 +0800] "GET /nacos/v1/cs/health HTTP/1.1" 200 2 1 Apache-HttpAsyncClient/4.1.3 (Java/1.8.0_45)
192.168.1.5 - - [22/Apr/2020:01:43:13 +0800] "GET /nacos/v1/cs/health HTTP/1.1" 200 2 3 Apache-HttpAsyncClient/4.1.3 (Java/1.8.0_45)
192.168.1.5 - - [22/Apr/2020:01:43:18 +0800] "GET /nacos/v1/cs/health HTTP/1.1" 200 2 2 Apache-HttpAsyncClient/4.1.3 (Java/1.8.0_45)
192.168.1.5 - - [22/Apr/2020:01:43:23 +0800] "GET /nacos/v1/cs/health HTTP/1.1" 200 2 2 Apache-HttpAsyncClient/4.1.3 (Java/1.8.0_45)
192.168.1.5 - - [22/Apr/2020:01:43:28 +0800] "GET /nacos/v1/cs/health HTTP/1.1" 200 2 2 Apache-HttpAsyncClient/4.1.3 (Java/1.8.0_45)
192.168.1.5 - - [22/Apr/2020:01:43:33 +0800] "GET /nacos/v1/cs/health HTTP/1.1" 200 2 2 Apache-HttpAsyncClient/4.1.3 (Java/1.8.0_45)
192.168.1.5 - - [22/Apr/2020:01:43:38 +0800] "GET /nacos/v1/cs/health HTTP/1.1" 200 2 2 Apache-HttpAsyncClient/4.1.3 (Java/1.8.0_45)
192.168.1.5 - - [22/Apr/2020:01:43:43 +0800] "GET /nacos/v1/cs/health HTTP/1.1" 200 2 2 Apache-HttpAsyncClient/4.1.3 (Java/1.8.0_45)
192.168.1.5 - - [22/Apr/2020:01:43:48 +0800] "GET /nacos/v1/cs/health HTTP/1.1" 200 2 2 Apache-HttpAsyncClient/4.1.3 (Java/1.8.0_45)
192.168.1.5 - - [22/Apr/2020:01:43:53 +0800] "GET /nacos/v1/cs/health HTTP/1.1" 200 2 2 Apache-HttpAsyncClient/4.1.3 (Java/1.8.0_45)
192.168.1.5 - - [22/Apr/2020:01:43:58 +0800] "GET /nacos/v1/cs/health HTTP/1.1" 200 2 2 Apache-HttpAsyncClient/4.1.3 (Java/1.8.0_45)
192.168.1.5 - - [22/Apr/2020:01:44:03 +0800] "GET /nacos/v1/cs/health HTTP/1.1" 200 2 2 Apache-HttpAsyncClient/4.1.3 (Java/1.8.0_45)
192.168.1.5 - - [22/Apr/2020:01:44:08 +0800] "GET /nacos/v1/cs/health HTTP/1.1" 200 2 1 Apache-HttpAsyncClient/4.1.3 (Java/1.8.0_45)
192.168.1.5 - - [22/Apr/2020:01:44:13 +0800] "GET /nacos/v1/cs/health HTTP/1.1" 200 2 1 Apache-HttpAsyncClient/4.1.3 (Java/1.8.0_45)
192.168.1.5 - - [22/Apr/2020:01:44:18 +0800] "GET /nacos/v1/cs/health HTTP/1.1" 200 2 1 Apache-HttpAsyncClient/4.1.3 (Java/1.8.0_45)
192.168.1.5 - - [22/Apr/2020:01:44:23 +0800] "GET /nacos/v1/cs/health HTTP/1.1" 200 2 2 Apache-HttpAsyncClient/4.1.3 (Java/1.8.0_45)
192.168.1.5 - - [22/Apr/2020:01:44:28 +0800] "GET /nacos/v1/cs/health HTTP/1.1" 200 2 2 Apache-HttpAsyncClient/4.1.3 (Java/1.8.0_45)
192.168.1.5 - - [22/Apr/2020:01:44:33 +0800] "GET /nacos/v1/cs/health HTTP/1.1" 200 2 2 Apache-HttpAsyncClient/4.1.3 (Java/1.8.0_45)
192.168.1.5 - - [22/Apr/2020:01:44:38 +0800] "GET /nacos/v1/cs/health HTTP/1.1" 200 2 1 Apache-HttpAsyncClient/4.1.3 (Java/1.8.0_45)
192.168.1.5 - - [22/Apr/2020:01:44:43 +0800] "GET /nacos/v1/cs/health HTTP/1.1" 200 2 2 Apache-HttpAsyncClient/4.1.3 (Java/1.8.0_45)
192.168.1.5 - - [22/Apr/2020:01:44:48 +0800] "GET /nacos/v1/cs/health HTTP/1.1" 200 2 1 Apache-HttpAsyncClient/4.1.3 (Java/1.8.0_45)
192.168.1.5 - - [22/Apr/2020:01:44:53 +0800] "GET /nacos/v1/cs/health HTTP/1.1" 200 2 2 Apache-HttpAsyncClient/4.1.3 (Java/1.8.0_45)
192.168.1.5 - - [22/Apr/2020:01:44:58 +0800] "GET /nacos/v1/cs/health HTTP/1.1" 200 2 1 Apache-HttpAsyncClient/4.1.3 (Java/1.8.0_45)
192.168.1.5 - - [22/Apr/2020:01:45:03 +0800] "GET /nacos/v1/cs/health HTTP/1.1" 200 2 4 Apache-HttpAsyncClient/4.1.3 (Java/1.8.0_45)
192.168.1.5 - - [22/Apr/2020:01:45:08 +0800] "GET /nacos/v1/cs/health HTTP/1.1" 200 2 1 Apache-HttpAsyncClient/4.1.3 (Java/1.8.0_45)
192.168.1.5 - - [22/Apr/2020:01:45:13 +0800] "GET /nacos/v1/cs/health HTTP/1.1" 200 2 1 Apache-HttpAsyncClient/4.1.3 (Java/1.8.0_45)
192.168.1.5 - - [22/Apr/2020:01:45:18 +0800] "GET /nacos/v1/cs/health HTTP/1.1" 200 2 1 Apache-HttpAsyncClient/4.1.3 (Java/1.8.0_45)
192.168.1.5 - - [22/Apr/2020:01:45:23 +0800] "GET /nacos/v1/cs/health HTTP/1.1" 200 2 2 Apache-HttpAsyncClient/4.1.3 (Java/1.8.0_45)
192.168.1.5 - - [22/Apr/2020:01:45:28 +0800] "GET /nacos/v1/cs/health HTTP/1.1" 200 2 1 Apache-HttpAsyncClient/4.1.3 (Java/1.8.0_45)
192.168.1.5 - - [22/Apr/2020:01:45:33 +0800] "GET /nacos/v1/cs/health HTTP/1.1" 200 2 2 Apache-HttpAsyncClient/4.1.3 (Java/1.8.0_45)
192.168.1.5 - - [22/Apr/2020:01:45:38 +0800] "GET /nacos/v1/cs/health HTTP/1.1" 200 2 1 Apache-HttpAsyncClient/4.1.3 (Java/1.8.0_45)
192.168.1.5 - - [22/Apr/2020:01:45:43 +0800] "GET /nacos/v1/cs/health HTTP/1.1" 200 2 1 Apache-HttpAsyncClient/4.1.3 (Java/1.8.0_45)
192.168.1.5 - - [22/Apr/2020:01:45:48 +0800] "GET /nacos/v1/cs/health HTTP/1.1" 200 2 1 Apache-HttpAsyncClient/4.1.3 (Java/1.8.0_45)
192.168.1.5 - - [22/Apr/2020:01:45:53 +0800] "GET /nacos/v1/cs/health HTTP/1.1" 200 2 3 Apache-HttpAsyncClient/4.1.3 (Java/1.8.0_45)
192.168.1.5 - - [22/Apr/2020:01:45:58 +0800] "GET /nacos/v1/cs/health HTTP/1.1" 200 2 2 Apache-HttpAsyncClient/4.1.3 (Java/1.8.0_45)
192.168.1.5 - - [22/Apr/2020:01:46:03 +0800] "GET /nacos/v1/cs/health HTTP/1.1" 200 2 2 Apache-HttpAsyncClient/4.1.3 (Java/1.8.0_45)
192.168.1.5 - - [22/Apr/2020:01:46:08 +0800] "GET /nacos/v1/cs/health HTTP/1.1" 200 2 2 Apache-HttpAsyncClient/4.1.3 (Java/1.8.0_45)
192.168.1.5 - - [22/Apr/2020:01:46:13 +0800] "GET /nacos/v1/cs/health HTTP/1.1" 200 2 1 Apache-HttpAsyncClient/4.1.3 (Java/1.8.0_45)
192.168.1.5 - - [22/Apr/2020:01:46:18 +0800] "GET /nacos/v1/cs/health HTTP/1.1" 200 2 2 Apache-HttpAsyncClient/4.1.3 (Java/1.8.0_45)
192.168.1.5 - - [22/Apr/2020:01:46:23 +0800] "GET /nacos/v1/cs/health HTTP/1.1" 200 2 3 Apache-HttpAsyncClient/4.1.3 (Java/1.8.0_45)
192.168.1.5 - - [22/Apr/2020:01:46:28 +0800] "GET /nacos/v1/cs/health HTTP/1.1" 200 2 2 Apache-HttpAsyncClient/4.1.3 (Java/1.8.0_45)
192.168.1.5 - - [22/Apr/2020:01:46:33 +0800] "GET /nacos/v1/cs/health HTTP/1.1" 200 2 1 Apache-HttpAsyncClient/4.1.3 (Java/1.8.0_45)
192.168.1.5 - - [22/Apr/2020:01:46:38 +0800] "GET /nacos/v1/cs/health HTTP/1.1" 200 2 3 Apache-HttpAsyncClient/4.1.3 (Java/1.8.0_45)
192.168.1.5 - - [22/Apr/2020:01:46:43 +0800] "GET /nacos/v1/cs/health HTTP/1.1" 200 2 1 Apache-HttpAsyncClient/4.1.3 (Java/1.8.0_45)
192.168.1.5 - - [22/Apr/2020:01:46:48 +0800] "GET /nacos/v1/cs/health HTTP/1.1" 200 2 2 Apache-HttpAsyncClient/4.1.3 (Java/1.8.0_45)
192.168.1.5 - - [22/Apr/2020:01:46:53 +0800] "GET /nacos/v1/cs/health HTTP/1.1" 200 2 2 Apache-HttpAsyncClient/4.1.3 (Java/1.8.0_45)
192.168.1.5 - - [22/Apr/2020:01:46:58 +0800] "GET /nacos/v1/cs/health HTTP/1.1" 200 2 2 Apache-HttpAsyncClient/4.1.3 (Java/1.8.0_45)
192.168.1.5 - - [22/Apr/2020:01:47:03 +0800] "GET /nacos/v1/cs/health HTTP/1.1" 200 2 1 Apache-HttpAsyncClient/4.1.3 (Java/1.8.0_45)
192.168.1.5 - - [22/Apr/2020:01:47:08 +0800] "GET /nacos/v1/cs/health HTTP/1.1" 200 2 1 Apache-HttpAsyncClient/4.1.3 (Java/1.8.0_45)
192.168.1.5 - - [22/Apr/2020:01:47:13 +0800] "GET /nacos/v1/cs/health HTTP/1.1" 200 2 1 Apache-HttpAsyncClient/4.1.3 (Java/1.8.0_45)
192.168.1.5 - - [22/Apr/2020:01:47:18 +0800] "GET /nacos/v1/cs/health HTTP/1.1" 200 2 1 Apache-HttpAsyncClient/4.1.3 (Java/1.8.0_45)
192.168.1.5 - - [22/Apr/2020:01:47:23 +0800] "GET /nacos/v1/cs/health HTTP/1.1" 200 2 2 Apache-HttpAsyncClient/4.1.3 (Java/1.8.0_45)
