192.168.1.5 - - [23/Mar/2020:04:49:50 +0800] "GET /nacos/v1/cs/health HTTP/1.1" 200 2 1 Apache-HttpAsyncClient/4.1.3 (Java/1.8.0_45)
127.0.0.1 - - [23/Mar/2020:04:49:51 +0800] "GET /nacos/v1/ns/api/clientBeat?beat=%7B%22cluster%22%3A%22DEFAULT%22%2C%22dom%22%3A%22nacos-porvider%22%2C%22ip%22%3A%22192.168.1.5%22%2C%22metadata%22%3A%7B%7D%2C%22port%22%3A9761%2C%22weight%22%3A1.0%7D&encoding=UTF-8&dom=nacos-porvider& HTTP/1.1" 200 38 2 Java/1.8.0_45
192.168.1.5 - - [23/Mar/2020:04:49:55 +0800] "GET /nacos/v1/cs/health HTTP/1.1" 200 2 1 Apache-HttpAsyncClient/4.1.3 (Java/1.8.0_45)
127.0.0.1 - - [23/Mar/2020:04:49:56 +0800] "GET /nacos/v1/ns/api/clientBeat?beat=%7B%22cluster%22%3A%22DEFAULT%22%2C%22dom%22%3A%22nacos-porvider%22%2C%22ip%22%3A%22192.168.1.5%22%2C%22metadata%22%3A%7B%7D%2C%22port%22%3A9761%2C%22weight%22%3A1.0%7D&encoding=UTF-8&dom=nacos-porvider& HTTP/1.1" 200 38 1 Java/1.8.0_45
192.168.1.5 - - [23/Mar/2020:04:50:00 +0800] "GET /nacos/v1/cs/health HTTP/1.1" 200 2 2 Apache-HttpAsyncClient/4.1.3 (Java/1.8.0_45)
127.0.0.1 - - [23/Mar/2020:04:50:01 +0800] "GET /nacos/v1/ns/api/clientBeat?beat=%7B%22cluster%22%3A%22DEFAULT%22%2C%22dom%22%3A%22nacos-porvider%22%2C%22ip%22%3A%22192.168.1.5%22%2C%22metadata%22%3A%7B%7D%2C%22port%22%3A9761%2C%22weight%22%3A1.0%7D&encoding=UTF-8&dom=nacos-porvider& HTTP/1.1" 200 38 2 Java/1.8.0_45
192.168.1.5 - - [23/Mar/2020:04:50:05 +0800] "GET /nacos/v1/cs/health HTTP/1.1" 200 2 2 Apache-HttpAsyncClient/4.1.3 (Java/1.8.0_45)
127.0.0.1 - - [23/Mar/2020:04:50:06 +0800] "GET /nacos/v1/ns/api/clientBeat?beat=%7B%22cluster%22%3A%22DEFAULT%22%2C%22dom%22%3A%22nacos-porvider%22%2C%22ip%22%3A%22192.168.1.5%22%2C%22metadata%22%3A%7B%7D%2C%22port%22%3A9761%2C%22weight%22%3A1.0%7D&encoding=UTF-8&dom=nacos-porvider& HTTP/1.1" 200 38 1 Java/1.8.0_45
192.168.1.5 - - [23/Mar/2020:04:50:10 +0800] "GET /nacos/v1/cs/health HTTP/1.1" 200 2 2 Apache-HttpAsyncClient/4.1.3 (Java/1.8.0_45)
127.0.0.1 - - [23/Mar/2020:04:50:11 +0800] "GET /nacos/v1/ns/api/clientBeat?beat=%7B%22cluster%22%3A%22DEFAULT%22%2C%22dom%22%3A%22nacos-porvider%22%2C%22ip%22%3A%22192.168.1.5%22%2C%22metadata%22%3A%7B%7D%2C%22port%22%3A9761%2C%22weight%22%3A1.0%7D&encoding=UTF-8&dom=nacos-porvider& HTTP/1.1" 200 38 2 Java/1.8.0_45
192.168.1.5 - - [23/Mar/2020:04:50:15 +0800] "GET /nacos/v1/cs/health HTTP/1.1" 200 2 2 Apache-HttpAsyncClient/4.1.3 (Java/1.8.0_45)
127.0.0.1 - - [23/Mar/2020:04:50:16 +0800] "GET /nacos/v1/ns/api/clientBeat?beat=%7B%22cluster%22%3A%22DEFAULT%22%2C%22dom%22%3A%22nacos-porvider%22%2C%22ip%22%3A%22192.168.1.5%22%2C%22metadata%22%3A%7B%7D%2C%22port%22%3A9761%2C%22weight%22%3A1.0%7D&encoding=UTF-8&dom=nacos-porvider& HTTP/1.1" 200 38 1 Java/1.8.0_45
192.168.1.5 - - [23/Mar/2020:04:50:20 +0800] "GET /nacos/v1/cs/health HTTP/1.1" 200 2 1 Apache-HttpAsyncClient/4.1.3 (Java/1.8.0_45)
127.0.0.1 - - [23/Mar/2020:04:50:21 +0800] "GET /nacos/v1/ns/api/clientBeat?beat=%7B%22cluster%22%3A%22DEFAULT%22%2C%22dom%22%3A%22nacos-porvider%22%2C%22ip%22%3A%22192.168.1.5%22%2C%22metadata%22%3A%7B%7D%2C%22port%22%3A9761%2C%22weight%22%3A1.0%7D&encoding=UTF-8&dom=nacos-porvider& HTTP/1.1" 200 38 3 Java/1.8.0_45
192.168.1.5 - - [23/Mar/2020:04:50:25 +0800] "GET /nacos/v1/cs/health HTTP/1.1" 200 2 1 Apache-HttpAsyncClient/4.1.3 (Java/1.8.0_45)
127.0.0.1 - - [23/Mar/2020:04:50:26 +0800] "GET /nacos/v1/ns/api/clientBeat?beat=%7B%22cluster%22%3A%22DEFAULT%22%2C%22dom%22%3A%22nacos-porvider%22%2C%22ip%22%3A%22192.168.1.5%22%2C%22metadata%22%3A%7B%7D%2C%22port%22%3A9761%2C%22weight%22%3A1.0%7D&encoding=UTF-8&dom=nacos-porvider& HTTP/1.1" 200 38 2 Java/1.8.0_45
192.168.1.5 - - [23/Mar/2020:04:50:30 +0800] "GET /nacos/v1/cs/health HTTP/1.1" 200 2 1 Apache-HttpAsyncClient/4.1.3 (Java/1.8.0_45)
127.0.0.1 - - [23/Mar/2020:04:50:31 +0800] "GET /nacos/v1/ns/api/clientBeat?beat=%7B%22cluster%22%3A%22DEFAULT%22%2C%22dom%22%3A%22nacos-porvider%22%2C%22ip%22%3A%22192.168.1.5%22%2C%22metadata%22%3A%7B%7D%2C%22port%22%3A9761%2C%22weight%22%3A1.0%7D&encoding=UTF-8&dom=nacos-porvider& HTTP/1.1" 200 38 8 Java/1.8.0_45
192.168.1.5 - - [23/Mar/2020:04:50:35 +0800] "GET /nacos/v1/cs/health HTTP/1.1" 200 2 1 Apache-HttpAsyncClient/4.1.3 (Java/1.8.0_45)
127.0.0.1 - - [23/Mar/2020:04:50:36 +0800] "GET /nacos/v1/ns/api/clientBeat?beat=%7B%22cluster%22%3A%22DEFAULT%22%2C%22dom%22%3A%22nacos-porvider%22%2C%22ip%22%3A%22192.168.1.5%22%2C%22metadata%22%3A%7B%7D%2C%22port%22%3A9761%2C%22weight%22%3A1.0%7D&encoding=UTF-8&dom=nacos-porvider& HTTP/1.1" 200 38 1 Java/1.8.0_45
192.168.1.5 - - [23/Mar/2020:04:50:40 +0800] "GET /nacos/v1/cs/health HTTP/1.1" 200 2 1 Apache-HttpAsyncClient/4.1.3 (Java/1.8.0_45)
127.0.0.1 - - [23/Mar/2020:04:50:41 +0800] "GET /nacos/v1/ns/api/clientBeat?beat=%7B%22cluster%22%3A%22DEFAULT%22%2C%22dom%22%3A%22nacos-porvider%22%2C%22ip%22%3A%22192.168.1.5%22%2C%22metadata%22%3A%7B%7D%2C%22port%22%3A9761%2C%22weight%22%3A1.0%7D&encoding=UTF-8&dom=nacos-porvider& HTTP/1.1" 200 38 2 Java/1.8.0_45
192.168.1.5 - - [23/Mar/2020:04:50:45 +0800] "GET /nacos/v1/cs/health HTTP/1.1" 200 2 3 Apache-HttpAsyncClient/4.1.3 (Java/1.8.0_45)
127.0.0.1 - - [23/Mar/2020:04:50:46 +0800] "GET /nacos/v1/ns/api/clientBeat?beat=%7B%22cluster%22%3A%22DEFAULT%22%2C%22dom%22%3A%22nacos-porvider%22%2C%22ip%22%3A%22192.168.1.5%22%2C%22metadata%22%3A%7B%7D%2C%22port%22%3A9761%2C%22weight%22%3A1.0%7D&encoding=UTF-8&dom=nacos-porvider& HTTP/1.1" 200 38 1 Java/1.8.0_45
192.168.1.5 - - [23/Mar/2020:04:50:50 +0800] "GET /nacos/v1/cs/health HTTP/1.1" 200 2 1 Apache-HttpAsyncClient/4.1.3 (Java/1.8.0_45)
127.0.0.1 - - [23/Mar/2020:04:50:51 +0800] "GET /nacos/v1/ns/api/clientBeat?beat=%7B%22cluster%22%3A%22DEFAULT%22%2C%22dom%22%3A%22nacos-porvider%22%2C%22ip%22%3A%22192.168.1.5%22%2C%22metadata%22%3A%7B%7D%2C%22port%22%3A9761%2C%22weight%22%3A1.0%7D&encoding=UTF-8&dom=nacos-porvider& HTTP/1.1" 200 38 1 Java/1.8.0_45
192.168.1.5 - - [23/Mar/2020:04:50:55 +0800] "GET /nacos/v1/cs/health HTTP/1.1" 200 2 1 Apache-HttpAsyncClient/4.1.3 (Java/1.8.0_45)
127.0.0.1 - - [23/Mar/2020:04:50:56 +0800] "GET /nacos/v1/ns/api/clientBeat?beat=%7B%22cluster%22%3A%22DEFAULT%22%2C%22dom%22%3A%22nacos-porvider%22%2C%22ip%22%3A%22192.168.1.5%22%2C%22metadata%22%3A%7B%7D%2C%22port%22%3A9761%2C%22weight%22%3A1.0%7D&encoding=UTF-8&dom=nacos-porvider& HTTP/1.1" 200 38 1 Java/1.8.0_45
192.168.1.5 - - [23/Mar/2020:04:51:00 +0800] "GET /nacos/v1/cs/health HTTP/1.1" 200 2 1 Apache-HttpAsyncClient/4.1.3 (Java/1.8.0_45)
192.168.1.5 - - [23/Mar/2020:04:51:05 +0800] "GET /nacos/v1/cs/health HTTP/1.1" 200 2 1 Apache-HttpAsyncClient/4.1.3 (Java/1.8.0_45)
192.168.1.5 - - [23/Mar/2020:04:51:10 +0800] "GET /nacos/v1/cs/health HTTP/1.1" 200 2 1 Apache-HttpAsyncClient/4.1.3 (Java/1.8.0_45)
192.168.1.5 - - [23/Mar/2020:04:51:15 +0800] "GET /nacos/v1/cs/health HTTP/1.1" 200 2 2 Apache-HttpAsyncClient/4.1.3 (Java/1.8.0_45)
192.168.1.5 - - [23/Mar/2020:04:51:20 +0800] "GET /nacos/v1/cs/health HTTP/1.1" 200 2 1 Apache-HttpAsyncClient/4.1.3 (Java/1.8.0_45)
192.168.1.5 - - [23/Mar/2020:04:51:25 +0800] "GET /nacos/v1/cs/health HTTP/1.1" 200 2 1 Apache-HttpAsyncClient/4.1.3 (Java/1.8.0_45)
127.0.0.1 - - [23/Mar/2020:04:51:27 +0800] "DELETE /nacos/v1/ns/instance?ephemeral=true&serviceName=DEFAULT_GROUP%40%40nacos-porvider&port=9761&namespaceId=public&ip=192.168.1.5&clusterName=DEFAULT HTTP/1.1" 200 2 4 Nacos-Server:1.1.4
192.168.1.5 - - [23/Mar/2020:04:51:30 +0800] "GET /nacos/v1/cs/health HTTP/1.1" 200 2 1 Apache-HttpAsyncClient/4.1.3 (Java/1.8.0_45)
192.168.1.5 - - [23/Mar/2020:04:51:35 +0800] "GET /nacos/v1/cs/health HTTP/1.1" 200 2 1 Apache-HttpAsyncClient/4.1.3 (Java/1.8.0_45)
192.168.1.5 - - [23/Mar/2020:04:51:40 +0800] "GET /nacos/v1/cs/health HTTP/1.1" 200 2 8 Apache-HttpAsyncClient/4.1.3 (Java/1.8.0_45)
192.168.1.5 - - [23/Mar/2020:04:51:45 +0800] "GET /nacos/v1/cs/health HTTP/1.1" 200 2 10 Apache-HttpAsyncClient/4.1.3 (Java/1.8.0_45)
192.168.1.5 - - [23/Mar/2020:04:51:50 +0800] "GET /nacos/v1/cs/health HTTP/1.1" 200 2 2 Apache-HttpAsyncClient/4.1.3 (Java/1.8.0_45)
192.168.1.5 - - [23/Mar/2020:04:51:55 +0800] "GET /nacos/v1/cs/health HTTP/1.1" 200 2 9 Apache-HttpAsyncClient/4.1.3 (Java/1.8.0_45)
192.168.1.5 - - [23/Mar/2020:04:52:00 +0800] "GET /nacos/v1/cs/health HTTP/1.1" 200 2 1 Apache-HttpAsyncClient/4.1.3 (Java/1.8.0_45)
192.168.1.5 - - [23/Mar/2020:04:52:05 +0800] "GET /nacos/v1/cs/health HTTP/1.1" 200 2 2 Apache-HttpAsyncClient/4.1.3 (Java/1.8.0_45)
192.168.1.5 - - [23/Mar/2020:04:52:10 +0800] "GET /nacos/v1/cs/health HTTP/1.1" 200 2 2 Apache-HttpAsyncClient/4.1.3 (Java/1.8.0_45)
192.168.1.5 - - [23/Mar/2020:04:52:15 +0800] "GET /nacos/v1/cs/health HTTP/1.1" 200 2 2 Apache-HttpAsyncClient/4.1.3 (Java/1.8.0_45)
192.168.1.5 - - [23/Mar/2020:04:52:20 +0800] "GET /nacos/v1/cs/health HTTP/1.1" 200 2 1 Apache-HttpAsyncClient/4.1.3 (Java/1.8.0_45)
192.168.1.5 - - [23/Mar/2020:04:52:25 +0800] "GET /nacos/v1/cs/health HTTP/1.1" 200 2 2 Apache-HttpAsyncClient/4.1.3 (Java/1.8.0_45)
192.168.1.5 - - [23/Mar/2020:04:52:30 +0800] "GET /nacos/v1/cs/health HTTP/1.1" 200 2 1 Apache-HttpAsyncClient/4.1.3 (Java/1.8.0_45)
192.168.1.5 - - [23/Mar/2020:04:52:35 +0800] "GET /nacos/v1/cs/health HTTP/1.1" 200 2 2 Apache-HttpAsyncClient/4.1.3 (Java/1.8.0_45)
192.168.1.5 - - [23/Mar/2020:04:52:40 +0800] "GET /nacos/v1/cs/health HTTP/1.1" 200 2 1 Apache-HttpAsyncClient/4.1.3 (Java/1.8.0_45)
192.168.1.5 - - [23/Mar/2020:04:52:45 +0800] "GET /nacos/v1/cs/health HTTP/1.1" 200 2 10 Apache-HttpAsyncClient/4.1.3 (Java/1.8.0_45)
192.168.1.5 - - [23/Mar/2020:04:52:50 +0800] "GET /nacos/v1/cs/health HTTP/1.1" 200 2 1 Apache-HttpAsyncClient/4.1.3 (Java/1.8.0_45)
192.168.1.5 - - [23/Mar/2020:04:52:55 +0800] "GET /nacos/v1/cs/health HTTP/1.1" 200 2 0 Apache-HttpAsyncClient/4.1.3 (Java/1.8.0_45)
192.168.1.5 - - [23/Mar/2020:04:53:00 +0800] "GET /nacos/v1/cs/health HTTP/1.1" 200 2 11 Apache-HttpAsyncClient/4.1.3 (Java/1.8.0_45)
192.168.1.5 - - [23/Mar/2020:04:53:05 +0800] "GET /nacos/v1/cs/health HTTP/1.1" 200 2 1 Apache-HttpAsyncClient/4.1.3 (Java/1.8.0_45)
192.168.1.5 - - [23/Mar/2020:04:53:10 +0800] "GET /nacos/v1/cs/health HTTP/1.1" 200 2 11 Apache-HttpAsyncClient/4.1.3 (Java/1.8.0_45)
192.168.1.5 - - [23/Mar/2020:04:53:15 +0800] "GET /nacos/v1/cs/health HTTP/1.1" 200 2 2 Apache-HttpAsyncClient/4.1.3 (Java/1.8.0_45)
192.168.1.5 - - [23/Mar/2020:04:53:20 +0800] "GET /nacos/v1/cs/health HTTP/1.1" 200 2 2 Apache-HttpAsyncClient/4.1.3 (Java/1.8.0_45)
192.168.1.5 - - [23/Mar/2020:04:53:25 +0800] "GET /nacos/v1/cs/health HTTP/1.1" 200 2 9 Apache-HttpAsyncClient/4.1.3 (Java/1.8.0_45)
192.168.1.5 - - [23/Mar/2020:04:53:30 +0800] "GET /nacos/v1/cs/health HTTP/1.1" 200 2 8 Apache-HttpAsyncClient/4.1.3 (Java/1.8.0_45)
192.168.1.5 - - [23/Mar/2020:04:53:35 +0800] "GET /nacos/v1/cs/health HTTP/1.1" 200 2 6 Apache-HttpAsyncClient/4.1.3 (Java/1.8.0_45)
192.168.1.5 - - [23/Mar/2020:04:53:40 +0800] "GET /nacos/v1/cs/health HTTP/1.1" 200 2 2 Apache-HttpAsyncClient/4.1.3 (Java/1.8.0_45)
192.168.1.5 - - [23/Mar/2020:04:53:45 +0800] "GET /nacos/v1/cs/health HTTP/1.1" 200 2 3 Apache-HttpAsyncClient/4.1.3 (Java/1.8.0_45)
192.168.1.5 - - [23/Mar/2020:04:53:50 +0800] "GET /nacos/v1/cs/health HTTP/1.1" 200 2 0 Apache-HttpAsyncClient/4.1.3 (Java/1.8.0_45)
192.168.1.5 - - [23/Mar/2020:04:53:55 +0800] "GET /nacos/v1/cs/health HTTP/1.1" 200 2 2 Apache-HttpAsyncClient/4.1.3 (Java/1.8.0_45)
192.168.1.5 - - [23/Mar/2020:04:54:00 +0800] "GET /nacos/v1/cs/health HTTP/1.1" 200 2 1 Apache-HttpAsyncClient/4.1.3 (Java/1.8.0_45)
192.168.1.5 - - [23/Mar/2020:04:54:05 +0800] "GET /nacos/v1/cs/health HTTP/1.1" 200 2 1 Apache-HttpAsyncClient/4.1.3 (Java/1.8.0_45)
192.168.1.5 - - [23/Mar/2020:04:54:10 +0800] "GET /nacos/v1/cs/health HTTP/1.1" 200 2 2 Apache-HttpAsyncClient/4.1.3 (Java/1.8.0_45)
192.168.1.5 - - [23/Mar/2020:04:54:15 +0800] "GET /nacos/v1/cs/health HTTP/1.1" 200 2 10 Apache-HttpAsyncClient/4.1.3 (Java/1.8.0_45)
192.168.1.5 - - [23/Mar/2020:04:54:20 +0800] "GET /nacos/v1/cs/health HTTP/1.1" 200 2 1 Apache-HttpAsyncClient/4.1.3 (Java/1.8.0_45)
192.168.1.5 - - [23/Mar/2020:04:54:25 +0800] "GET /nacos/v1/cs/health HTTP/1.1" 200 2 1 Apache-HttpAsyncClient/4.1.3 (Java/1.8.0_45)
192.168.1.5 - - [23/Mar/2020:04:54:30 +0800] "GET /nacos/v1/cs/health HTTP/1.1" 200 2 1 Apache-HttpAsyncClient/4.1.3 (Java/1.8.0_45)
192.168.1.5 - - [23/Mar/2020:04:54:35 +0800] "GET /nacos/v1/cs/health HTTP/1.1" 200 2 2 Apache-HttpAsyncClient/4.1.3 (Java/1.8.0_45)
192.168.1.5 - - [23/Mar/2020:04:54:40 +0800] "GET /nacos/v1/cs/health HTTP/1.1" 200 2 4 Apache-HttpAsyncClient/4.1.3 (Java/1.8.0_45)
192.168.1.5 - - [23/Mar/2020:04:54:45 +0800] "GET /nacos/v1/cs/health HTTP/1.1" 200 2 3 Apache-HttpAsyncClient/4.1.3 (Java/1.8.0_45)
192.168.1.5 - - [23/Mar/2020:04:54:50 +0800] "GET /nacos/v1/cs/health HTTP/1.1" 200 2 9 Apache-HttpAsyncClient/4.1.3 (Java/1.8.0_45)
192.168.1.5 - - [23/Mar/2020:04:54:55 +0800] "GET /nacos/v1/cs/health HTTP/1.1" 200 2 1 Apache-HttpAsyncClient/4.1.3 (Java/1.8.0_45)
192.168.1.5 - - [23/Mar/2020:04:55:00 +0800] "GET /nacos/v1/cs/health HTTP/1.1" 200 2 1 Apache-HttpAsyncClient/4.1.3 (Java/1.8.0_45)
192.168.1.5 - - [23/Mar/2020:04:55:05 +0800] "GET /nacos/v1/cs/health HTTP/1.1" 200 2 1 Apache-HttpAsyncClient/4.1.3 (Java/1.8.0_45)
192.168.1.5 - - [23/Mar/2020:04:55:10 +0800] "GET /nacos/v1/cs/health HTTP/1.1" 200 2 2 Apache-HttpAsyncClient/4.1.3 (Java/1.8.0_45)
192.168.1.5 - - [23/Mar/2020:04:55:15 +0800] "GET /nacos/v1/cs/health HTTP/1.1" 200 2 2 Apache-HttpAsyncClient/4.1.3 (Java/1.8.0_45)
192.168.1.5 - - [23/Mar/2020:04:55:20 +0800] "GET /nacos/v1/cs/health HTTP/1.1" 200 2 1 Apache-HttpAsyncClient/4.1.3 (Java/1.8.0_45)
192.168.1.5 - - [23/Mar/2020:04:55:25 +0800] "GET /nacos/v1/cs/health HTTP/1.1" 200 2 1 Apache-HttpAsyncClient/4.1.3 (Java/1.8.0_45)
192.168.1.5 - - [23/Mar/2020:04:55:30 +0800] "GET /nacos/v1/cs/health HTTP/1.1" 200 2 1 Apache-HttpAsyncClient/4.1.3 (Java/1.8.0_45)
192.168.1.5 - - [23/Mar/2020:04:55:35 +0800] "GET /nacos/v1/cs/health HTTP/1.1" 200 2 1 Apache-HttpAsyncClient/4.1.3 (Java/1.8.0_45)
192.168.1.5 - - [23/Mar/2020:04:55:40 +0800] "GET /nacos/v1/cs/health HTTP/1.1" 200 2 1 Apache-HttpAsyncClient/4.1.3 (Java/1.8.0_45)
192.168.1.5 - - [23/Mar/2020:04:55:45 +0800] "GET /nacos/v1/cs/health HTTP/1.1" 200 2 9 Apache-HttpAsyncClient/4.1.3 (Java/1.8.0_45)
192.168.1.5 - - [23/Mar/2020:04:55:50 +0800] "GET /nacos/v1/cs/health HTTP/1.1" 200 2 10 Apache-HttpAsyncClient/4.1.3 (Java/1.8.0_45)
192.168.1.5 - - [23/Mar/2020:04:55:55 +0800] "GET /nacos/v1/cs/health HTTP/1.1" 200 2 1 Apache-HttpAsyncClient/4.1.3 (Java/1.8.0_45)
192.168.1.5 - - [23/Mar/2020:04:56:00 +0800] "GET /nacos/v1/cs/health HTTP/1.1" 200 2 1 Apache-HttpAsyncClient/4.1.3 (Java/1.8.0_45)
192.168.1.5 - - [23/Mar/2020:04:56:05 +0800] "GET /nacos/v1/cs/health HTTP/1.1" 200 2 1 Apache-HttpAsyncClient/4.1.3 (Java/1.8.0_45)
192.168.1.5 - - [23/Mar/2020:04:56:10 +0800] "GET /nacos/v1/cs/health HTTP/1.1" 200 2 9 Apache-HttpAsyncClient/4.1.3 (Java/1.8.0_45)
192.168.1.5 - - [23/Mar/2020:04:56:15 +0800] "GET /nacos/v1/cs/health HTTP/1.1" 200 2 1 Apache-HttpAsyncClient/4.1.3 (Java/1.8.0_45)
192.168.1.5 - - [23/Mar/2020:04:56:20 +0800] "GET /nacos/v1/cs/health HTTP/1.1" 200 2 1 Apache-HttpAsyncClient/4.1.3 (Java/1.8.0_45)
192.168.1.5 - - [23/Mar/2020:04:56:25 +0800] "GET /nacos/v1/cs/health HTTP/1.1" 200 2 10 Apache-HttpAsyncClient/4.1.3 (Java/1.8.0_45)
192.168.1.5 - - [23/Mar/2020:04:56:30 +0800] "GET /nacos/v1/cs/health HTTP/1.1" 200 2 1 Apache-HttpAsyncClient/4.1.3 (Java/1.8.0_45)
192.168.1.5 - - [23/Mar/2020:04:56:35 +0800] "GET /nacos/v1/cs/health HTTP/1.1" 200 2 1 Apache-HttpAsyncClient/4.1.3 (Java/1.8.0_45)
192.168.1.5 - - [23/Mar/2020:04:56:40 +0800] "GET /nacos/v1/cs/health HTTP/1.1" 200 2 1 Apache-HttpAsyncClient/4.1.3 (Java/1.8.0_45)
192.168.1.5 - - [23/Mar/2020:04:56:45 +0800] "GET /nacos/v1/cs/health HTTP/1.1" 200 2 10 Apache-HttpAsyncClient/4.1.3 (Java/1.8.0_45)
192.168.1.5 - - [23/Mar/2020:04:56:50 +0800] "GET /nacos/v1/cs/health HTTP/1.1" 200 2 9 Apache-HttpAsyncClient/4.1.3 (Java/1.8.0_45)
192.168.1.5 - - [23/Mar/2020:04:56:55 +0800] "GET /nacos/v1/cs/health HTTP/1.1" 200 2 9 Apache-HttpAsyncClient/4.1.3 (Java/1.8.0_45)
192.168.1.5 - - [23/Mar/2020:04:57:00 +0800] "GET /nacos/v1/cs/health HTTP/1.1" 200 2 1 Apache-HttpAsyncClient/4.1.3 (Java/1.8.0_45)
192.168.1.5 - - [23/Mar/2020:04:57:05 +0800] "GET /nacos/v1/cs/health HTTP/1.1" 200 2 4 Apache-HttpAsyncClient/4.1.3 (Java/1.8.0_45)
192.168.1.5 - - [23/Mar/2020:04:57:10 +0800] "GET /nacos/v1/cs/health HTTP/1.1" 200 2 10 Apache-HttpAsyncClient/4.1.3 (Java/1.8.0_45)
192.168.1.5 - - [23/Mar/2020:04:57:15 +0800] "GET /nacos/v1/cs/health HTTP/1.1" 200 2 2 Apache-HttpAsyncClient/4.1.3 (Java/1.8.0_45)
192.168.1.5 - - [23/Mar/2020:04:57:20 +0800] "GET /nacos/v1/cs/health HTTP/1.1" 200 2 1 Apache-HttpAsyncClient/4.1.3 (Java/1.8.0_45)
192.168.1.5 - - [23/Mar/2020:04:57:25 +0800] "GET /nacos/v1/cs/health HTTP/1.1" 200 2 2 Apache-HttpAsyncClient/4.1.3 (Java/1.8.0_45)
192.168.1.5 - - [23/Mar/2020:04:57:29 +0800] "GET /nacos/index.html HTTP/1.1" 304 - 33 Mozilla/5.0 (Windows NT 10.0; Win64; x64) AppleWebKit/537.36 (KHTML, like Gecko) Chrome/80.0.3987.149 Safari/537.36 Edg/80.0.361.69
192.168.1.5 - - [23/Mar/2020:04:57:29 +0800] "GET /nacos/v1/console/namespaces?namespaceId= HTTP/1.1" 401 154 23 Mozilla/5.0 (Windows NT 10.0; Win64; x64) AppleWebKit/537.36 (KHTML, like Gecko) Chrome/80.0.3987.149 Safari/537.36 Edg/80.0.361.69
192.168.1.5 - - [23/Mar/2020:04:57:29 +0800] "GET /nacos/v1/console/server/state HTTP/1.1" 200 82 2 Mozilla/5.0 (Windows NT 10.0; Win64; x64) AppleWebKit/537.36 (KHTML, like Gecko) Chrome/80.0.3987.149 Safari/537.36 Edg/80.0.361.69
192.168.1.5 - - [23/Mar/2020:04:57:29 +0800] "GET /nacos/v1/ns/catalog/services?hasIpCount=true&withInstances=false&pageNo=1&pageSize=10&serviceNameParam=&groupNameParam=&namespaceId= HTTP/1.1" 200 39 10 Mozilla/5.0 (Windows NT 10.0; Win64; x64) AppleWebKit/537.36 (KHTML, like Gecko) Chrome/80.0.3987.149 Safari/537.36 Edg/80.0.361.69
192.168.1.5 - - [23/Mar/2020:04:57:30 +0800] "GET /nacos/v1/cs/health HTTP/1.1" 200 2 1 Apache-HttpAsyncClient/4.1.3 (Java/1.8.0_45)
192.168.1.5 - - [23/Mar/2020:04:57:35 +0800] "POST /nacos/v1/auth/login HTTP/1.1" 200 176 76 Mozilla/5.0 (Windows NT 10.0; Win64; x64) AppleWebKit/537.36 (KHTML, like Gecko) Chrome/80.0.3987.149 Safari/537.36 Edg/80.0.361.69
192.168.1.5 - - [23/Mar/2020:04:57:35 +0800] "GET /nacos/v1/console/namespaces?namespaceId= HTTP/1.1" 200 130 14 Mozilla/5.0 (Windows NT 10.0; Win64; x64) AppleWebKit/537.36 (KHTML, like Gecko) Chrome/80.0.3987.149 Safari/537.36 Edg/80.0.361.69
192.168.1.5 - - [23/Mar/2020:04:57:35 +0800] "GET /nacos/v1/console/server/state HTTP/1.1" 200 82 3 Mozilla/5.0 (Windows NT 10.0; Win64; x64) AppleWebKit/537.36 (KHTML, like Gecko) Chrome/80.0.3987.149 Safari/537.36 Edg/80.0.361.69
192.168.1.5 - - [23/Mar/2020:04:57:35 +0800] "GET /nacos/v1/cs/configs?search=accurate&dataId=&group=&appName=&config_tags=&pageNo=1&pageSize=10&tenant=&namespaceId= HTTP/1.1" 200 - 3 Mozilla/5.0 (Windows NT 10.0; Win64; x64) AppleWebKit/537.36 (KHTML, like Gecko) Chrome/80.0.3987.149 Safari/537.36 Edg/80.0.361.69
192.168.1.5 - - [23/Mar/2020:04:57:35 +0800] "GET /nacos/v1/cs/health HTTP/1.1" 200 2 1 Apache-HttpAsyncClient/4.1.3 (Java/1.8.0_45)
192.168.1.5 - - [23/Mar/2020:04:57:39 +0800] "GET /nacos/v1/ns/catalog/services?hasIpCount=true&withInstances=false&pageNo=1&pageSize=10&serviceNameParam=&groupNameParam=&namespaceId= HTTP/1.1" 200 39 6 Mozilla/5.0 (Windows NT 10.0; Win64; x64) AppleWebKit/537.36 (KHTML, like Gecko) Chrome/80.0.3987.149 Safari/537.36 Edg/80.0.361.69
192.168.1.5 - - [23/Mar/2020:04:57:40 +0800] "GET /nacos/v1/cs/health HTTP/1.1" 200 2 1 Apache-HttpAsyncClient/4.1.3 (Java/1.8.0_45)
192.168.1.5 - - [23/Mar/2020:04:57:41 +0800] "GET /nacos/index.html HTTP/1.1" 304 - 5 Mozilla/5.0 (Windows NT 10.0; Win64; x64) AppleWebKit/537.36 (KHTML, like Gecko) Chrome/80.0.3987.149 Safari/537.36 Edg/80.0.361.69
192.168.1.5 - - [23/Mar/2020:04:57:41 +0800] "GET /nacos/v1/console/namespaces?namespaceId= HTTP/1.1" 200 130 11 Mozilla/5.0 (Windows NT 10.0; Win64; x64) AppleWebKit/537.36 (KHTML, like Gecko) Chrome/80.0.3987.149 Safari/537.36 Edg/80.0.361.69
192.168.1.5 - - [23/Mar/2020:04:57:41 +0800] "GET /nacos/v1/console/server/state HTTP/1.1" 200 82 2 Mozilla/5.0 (Windows NT 10.0; Win64; x64) AppleWebKit/537.36 (KHTML, like Gecko) Chrome/80.0.3987.149 Safari/537.36 Edg/80.0.361.69
192.168.1.5 - - [23/Mar/2020:04:57:41 +0800] "GET /nacos/v1/ns/catalog/services?hasIpCount=true&withInstances=false&pageNo=1&pageSize=10&serviceNameParam=&groupNameParam=&namespaceId= HTTP/1.1" 200 39 2 Mozilla/5.0 (Windows NT 10.0; Win64; x64) AppleWebKit/537.36 (KHTML, like Gecko) Chrome/80.0.3987.149 Safari/537.36 Edg/80.0.361.69
192.168.1.5 - - [23/Mar/2020:04:57:41 +0800] "GET /nacos/console-fe/public/img/favicon.ico HTTP/1.1" 200 4286 15 Mozilla/5.0 (Windows NT 10.0; Win64; x64) AppleWebKit/537.36 (KHTML, like Gecko) Chrome/80.0.3987.149 Safari/537.36 Edg/80.0.361.69
192.168.1.5 - - [23/Mar/2020:04:57:42 +0800] "GET /nacos/index.html HTTP/1.1" 304 - 12 Mozilla/5.0 (Windows NT 10.0; Win64; x64) AppleWebKit/537.36 (KHTML, like Gecko) Chrome/80.0.3987.149 Safari/537.36 Edg/80.0.361.69
192.168.1.5 - - [23/Mar/2020:04:57:42 +0800] "GET /nacos/v1/console/namespaces?namespaceId= HTTP/1.1" 200 130 11 Mozilla/5.0 (Windows NT 10.0; Win64; x64) AppleWebKit/537.36 (KHTML, like Gecko) Chrome/80.0.3987.149 Safari/537.36 Edg/80.0.361.69
192.168.1.5 - - [23/Mar/2020:04:57:42 +0800] "GET /nacos/v1/console/server/state HTTP/1.1" 200 82 2 Mozilla/5.0 (Windows NT 10.0; Win64; x64) AppleWebKit/537.36 (KHTML, like Gecko) Chrome/80.0.3987.149 Safari/537.36 Edg/80.0.361.69
192.168.1.5 - - [23/Mar/2020:04:57:42 +0800] "GET /nacos/v1/ns/catalog/services?hasIpCount=true&withInstances=false&pageNo=1&pageSize=10&serviceNameParam=&groupNameParam=&namespaceId= HTTP/1.1" 200 39 2 Mozilla/5.0 (Windows NT 10.0; Win64; x64) AppleWebKit/537.36 (KHTML, like Gecko) Chrome/80.0.3987.149 Safari/537.36 Edg/80.0.361.69
192.168.1.5 - - [23/Mar/2020:04:57:42 +0800] "GET /nacos/console-fe/public/img/favicon.ico HTTP/1.1" 200 4286 4 Mozilla/5.0 (Windows NT 10.0; Win64; x64) AppleWebKit/537.36 (KHTML, like Gecko) Chrome/80.0.3987.149 Safari/537.36 Edg/80.0.361.69
192.168.1.5 - - [23/Mar/2020:04:57:45 +0800] "GET /nacos/v1/cs/health HTTP/1.1" 200 2 1 Apache-HttpAsyncClient/4.1.3 (Java/1.8.0_45)
192.168.1.5 - - [23/Mar/2020:04:57:50 +0800] "GET /nacos/v1/cs/health HTTP/1.1" 200 2 2 Apache-HttpAsyncClient/4.1.3 (Java/1.8.0_45)
192.168.1.5 - - [23/Mar/2020:04:57:55 +0800] "GET /nacos/v1/cs/health HTTP/1.1" 200 2 1 Apache-HttpAsyncClient/4.1.3 (Java/1.8.0_45)
192.168.1.5 - - [23/Mar/2020:04:57:56 +0800] "GET /nacos/index.html HTTP/1.1" 304 - 13 Mozilla/5.0 (Windows NT 10.0; Win64; x64) AppleWebKit/537.36 (KHTML, like Gecko) Chrome/80.0.3987.149 Safari/537.36 Edg/80.0.361.69
192.168.1.5 - - [23/Mar/2020:04:57:56 +0800] "GET /nacos/v1/console/namespaces?namespaceId= HTTP/1.1" 200 130 12 Mozilla/5.0 (Windows NT 10.0; Win64; x64) AppleWebKit/537.36 (KHTML, like Gecko) Chrome/80.0.3987.149 Safari/537.36 Edg/80.0.361.69
192.168.1.5 - - [23/Mar/2020:04:57:56 +0800] "GET /nacos/v1/console/server/state HTTP/1.1" 200 82 2 Mozilla/5.0 (Windows NT 10.0; Win64; x64) AppleWebKit/537.36 (KHTML, like Gecko) Chrome/80.0.3987.149 Safari/537.36 Edg/80.0.361.69
192.168.1.5 - - [23/Mar/2020:04:57:56 +0800] "GET /nacos/v1/ns/catalog/services?hasIpCount=true&withInstances=false&pageNo=1&pageSize=10&serviceNameParam=&groupNameParam=&namespaceId= HTTP/1.1" 200 39 2 Mozilla/5.0 (Windows NT 10.0; Win64; x64) AppleWebKit/537.36 (KHTML, like Gecko) Chrome/80.0.3987.149 Safari/537.36 Edg/80.0.361.69
192.168.1.5 - - [23/Mar/2020:04:57:56 +0800] "GET /nacos/console-fe/public/img/favicon.ico HTTP/1.1" 200 4286 11 Mozilla/5.0 (Windows NT 10.0; Win64; x64) AppleWebKit/537.36 (KHTML, like Gecko) Chrome/80.0.3987.149 Safari/537.36 Edg/80.0.361.69
192.168.1.5 - - [23/Mar/2020:04:57:57 +0800] "GET /nacos/index.html HTTP/1.1" 304 - 13 Mozilla/5.0 (Windows NT 10.0; Win64; x64) AppleWebKit/537.36 (KHTML, like Gecko) Chrome/80.0.3987.149 Safari/537.36 Edg/80.0.361.69
192.168.1.5 - - [23/Mar/2020:04:57:57 +0800] "GET /nacos/v1/console/namespaces?namespaceId= HTTP/1.1" 200 130 4 Mozilla/5.0 (Windows NT 10.0; Win64; x64) AppleWebKit/537.36 (KHTML, like Gecko) Chrome/80.0.3987.149 Safari/537.36 Edg/80.0.361.69
192.168.1.5 - - [23/Mar/2020:04:57:57 +0800] "GET /nacos/v1/console/server/state HTTP/1.1" 200 82 2 Mozilla/5.0 (Windows NT 10.0; Win64; x64) AppleWebKit/537.36 (KHTML, like Gecko) Chrome/80.0.3987.149 Safari/537.36 Edg/80.0.361.69
192.168.1.5 - - [23/Mar/2020:04:57:57 +0800] "GET /nacos/v1/ns/catalog/services?hasIpCount=true&withInstances=false&pageNo=1&pageSize=10&serviceNameParam=&groupNameParam=&namespaceId= HTTP/1.1" 200 39 2 Mozilla/5.0 (Windows NT 10.0; Win64; x64) AppleWebKit/537.36 (KHTML, like Gecko) Chrome/80.0.3987.149 Safari/537.36 Edg/80.0.361.69
192.168.1.5 - - [23/Mar/2020:04:57:57 +0800] "GET /nacos/console-fe/public/img/favicon.ico HTTP/1.1" 200 4286 10 Mozilla/5.0 (Windows NT 10.0; Win64; x64) AppleWebKit/537.36 (KHTML, like Gecko) Chrome/80.0.3987.149 Safari/537.36 Edg/80.0.361.69
192.168.1.5 - - [23/Mar/2020:04:58:00 +0800] "GET /nacos/v1/cs/health HTTP/1.1" 200 2 1 Apache-HttpAsyncClient/4.1.3 (Java/1.8.0_45)
192.168.1.5 - - [23/Mar/2020:04:58:01 +0800] "GET /nacos/v1/ns/catalog/services?hasIpCount=true&withInstances=false&pageNo=1&pageSize=10&serviceNameParam=&groupNameParam=&namespaceId= HTTP/1.1" 200 39 2 Mozilla/5.0 (Windows NT 10.0; Win64; x64) AppleWebKit/537.36 (KHTML, like Gecko) Chrome/80.0.3987.149 Safari/537.36 Edg/80.0.361.69
192.168.1.5 - - [23/Mar/2020:04:58:04 +0800] "GET /nacos/index.html HTTP/1.1" 304 - 5 Mozilla/5.0 (Windows NT 10.0; Win64; x64) AppleWebKit/537.36 (KHTML, like Gecko) Chrome/80.0.3987.149 Safari/537.36 Edg/80.0.361.69
192.168.1.5 - - [23/Mar/2020:04:58:04 +0800] "GET /nacos/v1/console/namespaces?namespaceId= HTTP/1.1" 200 130 4 Mozilla/5.0 (Windows NT 10.0; Win64; x64) AppleWebKit/537.36 (KHTML, like Gecko) Chrome/80.0.3987.149 Safari/537.36 Edg/80.0.361.69
192.168.1.5 - - [23/Mar/2020:04:58:04 +0800] "GET /nacos/v1/console/server/state HTTP/1.1" 200 82 2 Mozilla/5.0 (Windows NT 10.0; Win64; x64) AppleWebKit/537.36 (KHTML, like Gecko) Chrome/80.0.3987.149 Safari/537.36 Edg/80.0.361.69
192.168.1.5 - - [23/Mar/2020:04:58:04 +0800] "GET /nacos/v1/ns/catalog/services?hasIpCount=true&withInstances=false&pageNo=1&pageSize=10&serviceNameParam=&groupNameParam=&namespaceId= HTTP/1.1" 200 39 2 Mozilla/5.0 (Windows NT 10.0; Win64; x64) AppleWebKit/537.36 (KHTML, like Gecko) Chrome/80.0.3987.149 Safari/537.36 Edg/80.0.361.69
192.168.1.5 - - [23/Mar/2020:04:58:04 +0800] "GET /nacos/console-fe/public/img/favicon.ico HTTP/1.1" 200 4286 11 Mozilla/5.0 (Windows NT 10.0; Win64; x64) AppleWebKit/537.36 (KHTML, like Gecko) Chrome/80.0.3987.149 Safari/537.36 Edg/80.0.361.69
192.168.1.5 - - [23/Mar/2020:04:58:05 +0800] "GET /nacos/v1/cs/health HTTP/1.1" 200 2 2 Apache-HttpAsyncClient/4.1.3 (Java/1.8.0_45)
192.168.1.5 - - [23/Mar/2020:04:58:10 +0800] "GET /nacos/v1/cs/health HTTP/1.1" 200 2 2 Apache-HttpAsyncClient/4.1.3 (Java/1.8.0_45)
192.168.1.5 - - [23/Mar/2020:04:58:15 +0800] "GET /nacos/v1/cs/health HTTP/1.1" 200 2 2 Apache-HttpAsyncClient/4.1.3 (Java/1.8.0_45)
192.168.1.5 - - [23/Mar/2020:04:58:20 +0800] "GET /nacos/v1/cs/health HTTP/1.1" 200 2 1 Apache-HttpAsyncClient/4.1.3 (Java/1.8.0_45)
192.168.1.5 - - [23/Mar/2020:04:58:25 +0800] "GET /nacos/v1/cs/health HTTP/1.1" 200 2 1 Apache-HttpAsyncClient/4.1.3 (Java/1.8.0_45)
127.0.0.1 - - [23/Mar/2020:04:58:28 +0800] "PUT /nacos/v1/ns/instance?metadata=%7B%7D&port=9761&enable=true&healthy=true&ip=192.168.1.5&clusterName=DEFAULT&weight=1.0&serviceName=nacos-porvider&encoding=UTF-8&tenant=default& HTTP/1.1" 200 2 4 Java/1.8.0_45
127.0.0.1 - - [23/Mar/2020:04:58:29 +0800] "GET /nacos/v1/ns/service/list?encoding=UTF-8&pageSize=2147483647&pageNo=1& HTTP/1.1" 200 48 12 Java/1.8.0_45
192.168.1.5 - - [23/Mar/2020:04:58:30 +0800] "GET /nacos/index.html HTTP/1.1" 304 - 10 Mozilla/5.0 (Windows NT 10.0; Win64; x64) AppleWebKit/537.36 (KHTML, like Gecko) Chrome/80.0.3987.149 Safari/537.36 Edg/80.0.361.69
192.168.1.5 - - [23/Mar/2020:04:58:30 +0800] "GET /nacos/v1/console/namespaces?namespaceId= HTTP/1.1" 200 130 5 Mozilla/5.0 (Windows NT 10.0; Win64; x64) AppleWebKit/537.36 (KHTML, like Gecko) Chrome/80.0.3987.149 Safari/537.36 Edg/80.0.361.69
192.168.1.5 - - [23/Mar/2020:04:58:30 +0800] "GET /nacos/v1/console/server/state HTTP/1.1" 200 82 2 Mozilla/5.0 (Windows NT 10.0; Win64; x64) AppleWebKit/537.36 (KHTML, like Gecko) Chrome/80.0.3987.149 Safari/537.36 Edg/80.0.361.69
192.168.1.5 - - [23/Mar/2020:04:58:30 +0800] "GET /nacos/v1/ns/catalog/services?hasIpCount=true&withInstances=false&pageNo=1&pageSize=10&serviceNameParam=&groupNameParam=&namespaceId= HTTP/1.1" 200 168 1 Mozilla/5.0 (Windows NT 10.0; Win64; x64) AppleWebKit/537.36 (KHTML, like Gecko) Chrome/80.0.3987.149 Safari/537.36 Edg/80.0.361.69
192.168.1.5 - - [23/Mar/2020:04:58:30 +0800] "GET /nacos/console-fe/public/img/favicon.ico HTTP/1.1" 200 4286 3 Mozilla/5.0 (Windows NT 10.0; Win64; x64) AppleWebKit/537.36 (KHTML, like Gecko) Chrome/80.0.3987.149 Safari/537.36 Edg/80.0.361.69
192.168.1.5 - - [23/Mar/2020:04:58:30 +0800] "GET /nacos/v1/cs/health HTTP/1.1" 200 2 1 Apache-HttpAsyncClient/4.1.3 (Java/1.8.0_45)
127.0.0.1 - - [23/Mar/2020:04:58:33 +0800] "GET /nacos/v1/ns/api/clientBeat?beat=%7B%22cluster%22%3A%22DEFAULT%22%2C%22dom%22%3A%22nacos-porvider%22%2C%22ip%22%3A%22192.168.1.5%22%2C%22metadata%22%3A%7B%7D%2C%22port%22%3A9761%2C%22weight%22%3A1.0%7D&encoding=UTF-8&dom=nacos-porvider& HTTP/1.1" 200 38 3 Java/1.8.0_45
192.168.1.5 - - [23/Mar/2020:04:58:35 +0800] "GET /nacos/v1/cs/health HTTP/1.1" 200 2 2 Apache-HttpAsyncClient/4.1.3 (Java/1.8.0_45)
127.0.0.1 - - [23/Mar/2020:04:58:38 +0800] "GET /nacos/v1/ns/api/clientBeat?beat=%7B%22cluster%22%3A%22DEFAULT%22%2C%22dom%22%3A%22nacos-porvider%22%2C%22ip%22%3A%22192.168.1.5%22%2C%22metadata%22%3A%7B%7D%2C%22port%22%3A9761%2C%22weight%22%3A1.0%7D&encoding=UTF-8&dom=nacos-porvider& HTTP/1.1" 200 38 2 Java/1.8.0_45
192.168.1.5 - - [23/Mar/2020:04:58:40 +0800] "GET /nacos/v1/cs/health HTTP/1.1" 200 2 1 Apache-HttpAsyncClient/4.1.3 (Java/1.8.0_45)
127.0.0.1 - - [23/Mar/2020:04:58:43 +0800] "GET /nacos/v1/ns/api/clientBeat?beat=%7B%22cluster%22%3A%22DEFAULT%22%2C%22dom%22%3A%22nacos-porvider%22%2C%22ip%22%3A%22192.168.1.5%22%2C%22metadata%22%3A%7B%7D%2C%22port%22%3A9761%2C%22weight%22%3A1.0%7D&encoding=UTF-8&dom=nacos-porvider& HTTP/1.1" 200 38 1 Java/1.8.0_45
192.168.1.5 - - [23/Mar/2020:04:58:45 +0800] "GET /nacos/v1/cs/health HTTP/1.1" 200 2 2 Apache-HttpAsyncClient/4.1.3 (Java/1.8.0_45)
127.0.0.1 - - [23/Mar/2020:04:58:48 +0800] "GET /nacos/v1/ns/api/clientBeat?beat=%7B%22cluster%22%3A%22DEFAULT%22%2C%22dom%22%3A%22nacos-porvider%22%2C%22ip%22%3A%22192.168.1.5%22%2C%22metadata%22%3A%7B%7D%2C%22port%22%3A9761%2C%22weight%22%3A1.0%7D&encoding=UTF-8&dom=nacos-porvider& HTTP/1.1" 200 38 2 Java/1.8.0_45
192.168.1.5 - - [23/Mar/2020:04:58:50 +0800] "GET /nacos/v1/cs/health HTTP/1.1" 200 2 2 Apache-HttpAsyncClient/4.1.3 (Java/1.8.0_45)
127.0.0.1 - - [23/Mar/2020:04:58:53 +0800] "GET /nacos/v1/ns/api/clientBeat?beat=%7B%22cluster%22%3A%22DEFAULT%22%2C%22dom%22%3A%22nacos-porvider%22%2C%22ip%22%3A%22192.168.1.5%22%2C%22metadata%22%3A%7B%7D%2C%22port%22%3A9761%2C%22weight%22%3A1.0%7D&encoding=UTF-8&dom=nacos-porvider& HTTP/1.1" 200 38 1 Java/1.8.0_45
192.168.1.5 - - [23/Mar/2020:04:58:55 +0800] "GET /nacos/v1/cs/health HTTP/1.1" 200 2 10 Apache-HttpAsyncClient/4.1.3 (Java/1.8.0_45)
127.0.0.1 - - [23/Mar/2020:04:58:58 +0800] "GET /nacos/v1/ns/api/clientBeat?beat=%7B%22cluster%22%3A%22DEFAULT%22%2C%22dom%22%3A%22nacos-porvider%22%2C%22ip%22%3A%22192.168.1.5%22%2C%22metadata%22%3A%7B%7D%2C%22port%22%3A9761%2C%22weight%22%3A1.0%7D&encoding=UTF-8&dom=nacos-porvider& HTTP/1.1" 200 38 10 Java/1.8.0_45
192.168.1.5 - - [23/Mar/2020:04:59:00 +0800] "GET /nacos/v1/cs/health HTTP/1.1" 200 2 1 Apache-HttpAsyncClient/4.1.3 (Java/1.8.0_45)
127.0.0.1 - - [23/Mar/2020:04:59:03 +0800] "GET /nacos/v1/ns/api/clientBeat?beat=%7B%22cluster%22%3A%22DEFAULT%22%2C%22dom%22%3A%22nacos-porvider%22%2C%22ip%22%3A%22192.168.1.5%22%2C%22metadata%22%3A%7B%7D%2C%22port%22%3A9761%2C%22weight%22%3A1.0%7D&encoding=UTF-8&dom=nacos-porvider& HTTP/1.1" 200 38 9 Java/1.8.0_45
192.168.1.5 - - [23/Mar/2020:04:59:05 +0800] "GET /nacos/v1/cs/health HTTP/1.1" 200 2 2 Apache-HttpAsyncClient/4.1.3 (Java/1.8.0_45)
127.0.0.1 - - [23/Mar/2020:04:59:08 +0800] "GET /nacos/v1/ns/api/clientBeat?beat=%7B%22cluster%22%3A%22DEFAULT%22%2C%22dom%22%3A%22nacos-porvider%22%2C%22ip%22%3A%22192.168.1.5%22%2C%22metadata%22%3A%7B%7D%2C%22port%22%3A9761%2C%22weight%22%3A1.0%7D&encoding=UTF-8&dom=nacos-porvider& HTTP/1.1" 200 38 3 Java/1.8.0_45
192.168.1.5 - - [23/Mar/2020:04:59:10 +0800] "GET /nacos/v1/cs/health HTTP/1.1" 200 2 1 Apache-HttpAsyncClient/4.1.3 (Java/1.8.0_45)
127.0.0.1 - - [23/Mar/2020:04:59:13 +0800] "GET /nacos/v1/ns/api/clientBeat?beat=%7B%22cluster%22%3A%22DEFAULT%22%2C%22dom%22%3A%22nacos-porvider%22%2C%22ip%22%3A%22192.168.1.5%22%2C%22metadata%22%3A%7B%7D%2C%22port%22%3A9761%2C%22weight%22%3A1.0%7D&encoding=UTF-8&dom=nacos-porvider& HTTP/1.1" 200 38 10 Java/1.8.0_45
192.168.1.5 - - [23/Mar/2020:04:59:15 +0800] "GET /nacos/v1/cs/health HTTP/1.1" 200 2 3 Apache-HttpAsyncClient/4.1.3 (Java/1.8.0_45)
127.0.0.1 - - [23/Mar/2020:04:59:18 +0800] "GET /nacos/v1/ns/api/clientBeat?beat=%7B%22cluster%22%3A%22DEFAULT%22%2C%22dom%22%3A%22nacos-porvider%22%2C%22ip%22%3A%22192.168.1.5%22%2C%22metadata%22%3A%7B%7D%2C%22port%22%3A9761%2C%22weight%22%3A1.0%7D&encoding=UTF-8&dom=nacos-porvider& HTTP/1.1" 200 38 21 Java/1.8.0_45
192.168.1.5 - - [23/Mar/2020:04:59:20 +0800] "GET /nacos/v1/cs/health HTTP/1.1" 200 2 1 Apache-HttpAsyncClient/4.1.3 (Java/1.8.0_45)
127.0.0.1 - - [23/Mar/2020:04:59:23 +0800] "GET /nacos/v1/ns/api/clientBeat?beat=%7B%22cluster%22%3A%22DEFAULT%22%2C%22dom%22%3A%22nacos-porvider%22%2C%22ip%22%3A%22192.168.1.5%22%2C%22metadata%22%3A%7B%7D%2C%22port%22%3A9761%2C%22weight%22%3A1.0%7D&encoding=UTF-8&dom=nacos-porvider& HTTP/1.1" 200 38 10 Java/1.8.0_45
192.168.1.5 - - [23/Mar/2020:04:59:25 +0800] "GET /nacos/v1/cs/health HTTP/1.1" 200 2 1 Apache-HttpAsyncClient/4.1.3 (Java/1.8.0_45)
127.0.0.1 - - [23/Mar/2020:04:59:28 +0800] "GET /nacos/v1/ns/api/clientBeat?beat=%7B%22cluster%22%3A%22DEFAULT%22%2C%22dom%22%3A%22nacos-porvider%22%2C%22ip%22%3A%22192.168.1.5%22%2C%22metadata%22%3A%7B%7D%2C%22port%22%3A9761%2C%22weight%22%3A1.0%7D&encoding=UTF-8&dom=nacos-porvider& HTTP/1.1" 200 38 2 Java/1.8.0_45
192.168.1.5 - - [23/Mar/2020:04:59:30 +0800] "GET /nacos/v1/cs/health HTTP/1.1" 200 2 1 Apache-HttpAsyncClient/4.1.3 (Java/1.8.0_45)
127.0.0.1 - - [23/Mar/2020:04:59:33 +0800] "GET /nacos/v1/ns/api/clientBeat?beat=%7B%22cluster%22%3A%22DEFAULT%22%2C%22dom%22%3A%22nacos-porvider%22%2C%22ip%22%3A%22192.168.1.5%22%2C%22metadata%22%3A%7B%7D%2C%22port%22%3A9761%2C%22weight%22%3A1.0%7D&encoding=UTF-8&dom=nacos-porvider& HTTP/1.1" 200 38 3 Java/1.8.0_45
192.168.1.5 - - [23/Mar/2020:04:59:35 +0800] "GET /nacos/v1/cs/health HTTP/1.1" 200 2 2 Apache-HttpAsyncClient/4.1.3 (Java/1.8.0_45)
127.0.0.1 - - [23/Mar/2020:04:59:38 +0800] "GET /nacos/v1/ns/api/clientBeat?beat=%7B%22cluster%22%3A%22DEFAULT%22%2C%22dom%22%3A%22nacos-porvider%22%2C%22ip%22%3A%22192.168.1.5%22%2C%22metadata%22%3A%7B%7D%2C%22port%22%3A9761%2C%22weight%22%3A1.0%7D&encoding=UTF-8&dom=nacos-porvider& HTTP/1.1" 200 38 2 Java/1.8.0_45
192.168.1.5 - - [23/Mar/2020:04:59:40 +0800] "GET /nacos/v1/cs/health HTTP/1.1" 200 2 2 Apache-HttpAsyncClient/4.1.3 (Java/1.8.0_45)
127.0.0.1 - - [23/Mar/2020:04:59:43 +0800] "GET /nacos/v1/ns/api/clientBeat?beat=%7B%22cluster%22%3A%22DEFAULT%22%2C%22dom%22%3A%22nacos-porvider%22%2C%22ip%22%3A%22192.168.1.5%22%2C%22metadata%22%3A%7B%7D%2C%22port%22%3A9761%2C%22weight%22%3A1.0%7D&encoding=UTF-8&dom=nacos-porvider& HTTP/1.1" 200 38 9 Java/1.8.0_45
192.168.1.5 - - [23/Mar/2020:04:59:45 +0800] "GET /nacos/v1/cs/health HTTP/1.1" 200 2 9 Apache-HttpAsyncClient/4.1.3 (Java/1.8.0_45)
127.0.0.1 - - [23/Mar/2020:04:59:48 +0800] "GET /nacos/v1/ns/api/clientBeat?beat=%7B%22cluster%22%3A%22DEFAULT%22%2C%22dom%22%3A%22nacos-porvider%22%2C%22ip%22%3A%22192.168.1.5%22%2C%22metadata%22%3A%7B%7D%2C%22port%22%3A9761%2C%22weight%22%3A1.0%7D&encoding=UTF-8&dom=nacos-porvider& HTTP/1.1" 200 38 12 Java/1.8.0_45
192.168.1.5 - - [23/Mar/2020:04:59:50 +0800] "GET /nacos/v1/cs/health HTTP/1.1" 200 2 2 Apache-HttpAsyncClient/4.1.3 (Java/1.8.0_45)
127.0.0.1 - - [23/Mar/2020:04:59:53 +0800] "GET /nacos/v1/ns/api/clientBeat?beat=%7B%22cluster%22%3A%22DEFAULT%22%2C%22dom%22%3A%22nacos-porvider%22%2C%22ip%22%3A%22192.168.1.5%22%2C%22metadata%22%3A%7B%7D%2C%22port%22%3A9761%2C%22weight%22%3A1.0%7D&encoding=UTF-8&dom=nacos-porvider& HTTP/1.1" 200 38 2 Java/1.8.0_45
192.168.1.5 - - [23/Mar/2020:04:59:55 +0800] "GET /nacos/v1/cs/health HTTP/1.1" 200 2 1 Apache-HttpAsyncClient/4.1.3 (Java/1.8.0_45)
127.0.0.1 - - [23/Mar/2020:04:59:58 +0800] "GET /nacos/v1/ns/api/clientBeat?beat=%7B%22cluster%22%3A%22DEFAULT%22%2C%22dom%22%3A%22nacos-porvider%22%2C%22ip%22%3A%22192.168.1.5%22%2C%22metadata%22%3A%7B%7D%2C%22port%22%3A9761%2C%22weight%22%3A1.0%7D&encoding=UTF-8&dom=nacos-porvider& HTTP/1.1" 200 38 9 Java/1.8.0_45
192.168.1.5 - - [23/Mar/2020:05:00:00 +0800] "GET /nacos/v1/cs/health HTTP/1.1" 200 2 1 Apache-HttpAsyncClient/4.1.3 (Java/1.8.0_45)
127.0.0.1 - - [23/Mar/2020:05:00:03 +0800] "GET /nacos/v1/ns/api/clientBeat?beat=%7B%22cluster%22%3A%22DEFAULT%22%2C%22dom%22%3A%22nacos-porvider%22%2C%22ip%22%3A%22192.168.1.5%22%2C%22metadata%22%3A%7B%7D%2C%22port%22%3A9761%2C%22weight%22%3A1.0%7D&encoding=UTF-8&dom=nacos-porvider& HTTP/1.1" 200 38 1 Java/1.8.0_45
192.168.1.5 - - [23/Mar/2020:05:00:05 +0800] "GET /nacos/v1/cs/health HTTP/1.1" 200 2 1 Apache-HttpAsyncClient/4.1.3 (Java/1.8.0_45)
127.0.0.1 - - [23/Mar/2020:05:00:08 +0800] "GET /nacos/v1/ns/api/clientBeat?beat=%7B%22cluster%22%3A%22DEFAULT%22%2C%22dom%22%3A%22nacos-porvider%22%2C%22ip%22%3A%22192.168.1.5%22%2C%22metadata%22%3A%7B%7D%2C%22port%22%3A9761%2C%22weight%22%3A1.0%7D&encoding=UTF-8&dom=nacos-porvider& HTTP/1.1" 200 38 10 Java/1.8.0_45
192.168.1.5 - - [23/Mar/2020:05:00:10 +0800] "GET /nacos/v1/cs/health HTTP/1.1" 200 2 1 Apache-HttpAsyncClient/4.1.3 (Java/1.8.0_45)
127.0.0.1 - - [23/Mar/2020:05:00:13 +0800] "GET /nacos/v1/ns/api/clientBeat?beat=%7B%22cluster%22%3A%22DEFAULT%22%2C%22dom%22%3A%22nacos-porvider%22%2C%22ip%22%3A%22192.168.1.5%22%2C%22metadata%22%3A%7B%7D%2C%22port%22%3A9761%2C%22weight%22%3A1.0%7D&encoding=UTF-8&dom=nacos-porvider& HTTP/1.1" 200 38 11 Java/1.8.0_45
192.168.1.5 - - [23/Mar/2020:05:00:15 +0800] "GET /nacos/v1/cs/health HTTP/1.1" 200 2 1 Apache-HttpAsyncClient/4.1.3 (Java/1.8.0_45)
127.0.0.1 - - [23/Mar/2020:05:00:18 +0800] "GET /nacos/v1/ns/api/clientBeat?beat=%7B%22cluster%22%3A%22DEFAULT%22%2C%22dom%22%3A%22nacos-porvider%22%2C%22ip%22%3A%22192.168.1.5%22%2C%22metadata%22%3A%7B%7D%2C%22port%22%3A9761%2C%22weight%22%3A1.0%7D&encoding=UTF-8&dom=nacos-porvider& HTTP/1.1" 200 38 2 Java/1.8.0_45
192.168.1.5 - - [23/Mar/2020:05:00:20 +0800] "GET /nacos/v1/cs/health HTTP/1.1" 200 2 1 Apache-HttpAsyncClient/4.1.3 (Java/1.8.0_45)
127.0.0.1 - - [23/Mar/2020:05:00:23 +0800] "GET /nacos/v1/ns/api/clientBeat?beat=%7B%22cluster%22%3A%22DEFAULT%22%2C%22dom%22%3A%22nacos-porvider%22%2C%22ip%22%3A%22192.168.1.5%22%2C%22metadata%22%3A%7B%7D%2C%22port%22%3A9761%2C%22weight%22%3A1.0%7D&encoding=UTF-8&dom=nacos-porvider& HTTP/1.1" 200 38 2 Java/1.8.0_45
192.168.1.5 - - [23/Mar/2020:05:00:25 +0800] "GET /nacos/v1/cs/health HTTP/1.1" 200 2 9 Apache-HttpAsyncClient/4.1.3 (Java/1.8.0_45)
127.0.0.1 - - [23/Mar/2020:05:00:28 +0800] "GET /nacos/v1/ns/api/clientBeat?beat=%7B%22cluster%22%3A%22DEFAULT%22%2C%22dom%22%3A%22nacos-porvider%22%2C%22ip%22%3A%22192.168.1.5%22%2C%22metadata%22%3A%7B%7D%2C%22port%22%3A9761%2C%22weight%22%3A1.0%7D&encoding=UTF-8&dom=nacos-porvider& HTTP/1.1" 200 38 9 Java/1.8.0_45
192.168.1.5 - - [23/Mar/2020:05:00:30 +0800] "GET /nacos/v1/cs/health HTTP/1.1" 200 2 1 Apache-HttpAsyncClient/4.1.3 (Java/1.8.0_45)
127.0.0.1 - - [23/Mar/2020:05:00:33 +0800] "GET /nacos/v1/ns/api/clientBeat?beat=%7B%22cluster%22%3A%22DEFAULT%22%2C%22dom%22%3A%22nacos-porvider%22%2C%22ip%22%3A%22192.168.1.5%22%2C%22metadata%22%3A%7B%7D%2C%22port%22%3A9761%2C%22weight%22%3A1.0%7D&encoding=UTF-8&dom=nacos-porvider& HTTP/1.1" 200 38 1 Java/1.8.0_45
192.168.1.5 - - [23/Mar/2020:05:00:35 +0800] "GET /nacos/v1/cs/health HTTP/1.1" 200 2 1 Apache-HttpAsyncClient/4.1.3 (Java/1.8.0_45)
127.0.0.1 - - [23/Mar/2020:05:00:38 +0800] "GET /nacos/v1/ns/api/clientBeat?beat=%7B%22cluster%22%3A%22DEFAULT%22%2C%22dom%22%3A%22nacos-porvider%22%2C%22ip%22%3A%22192.168.1.5%22%2C%22metadata%22%3A%7B%7D%2C%22port%22%3A9761%2C%22weight%22%3A1.0%7D&encoding=UTF-8&dom=nacos-porvider& HTTP/1.1" 200 38 2 Java/1.8.0_45
192.168.1.5 - - [23/Mar/2020:05:00:40 +0800] "GET /nacos/v1/cs/health HTTP/1.1" 200 2 1 Apache-HttpAsyncClient/4.1.3 (Java/1.8.0_45)
127.0.0.1 - - [23/Mar/2020:05:00:43 +0800] "GET /nacos/v1/ns/api/clientBeat?beat=%7B%22cluster%22%3A%22DEFAULT%22%2C%22dom%22%3A%22nacos-porvider%22%2C%22ip%22%3A%22192.168.1.5%22%2C%22metadata%22%3A%7B%7D%2C%22port%22%3A9761%2C%22weight%22%3A1.0%7D&encoding=UTF-8&dom=nacos-porvider& HTTP/1.1" 200 38 2 Java/1.8.0_45
192.168.1.5 - - [23/Mar/2020:05:00:45 +0800] "GET /nacos/v1/cs/health HTTP/1.1" 200 2 2 Apache-HttpAsyncClient/4.1.3 (Java/1.8.0_45)
127.0.0.1 - - [23/Mar/2020:05:00:48 +0800] "GET /nacos/v1/ns/api/clientBeat?beat=%7B%22cluster%22%3A%22DEFAULT%22%2C%22dom%22%3A%22nacos-porvider%22%2C%22ip%22%3A%22192.168.1.5%22%2C%22metadata%22%3A%7B%7D%2C%22port%22%3A9761%2C%22weight%22%3A1.0%7D&encoding=UTF-8&dom=nacos-porvider& HTTP/1.1" 200 38 10 Java/1.8.0_45
192.168.1.5 - - [23/Mar/2020:05:00:50 +0800] "GET /nacos/v1/cs/health HTTP/1.1" 200 2 9 Apache-HttpAsyncClient/4.1.3 (Java/1.8.0_45)
127.0.0.1 - - [23/Mar/2020:05:00:53 +0800] "GET /nacos/v1/ns/api/clientBeat?beat=%7B%22cluster%22%3A%22DEFAULT%22%2C%22dom%22%3A%22nacos-porvider%22%2C%22ip%22%3A%22192.168.1.5%22%2C%22metadata%22%3A%7B%7D%2C%22port%22%3A9761%2C%22weight%22%3A1.0%7D&encoding=UTF-8&dom=nacos-porvider& HTTP/1.1" 200 38 4 Java/1.8.0_45
192.168.1.5 - - [23/Mar/2020:05:00:56 +0800] "GET /nacos/v1/cs/health HTTP/1.1" 200 2 12 Apache-HttpAsyncClient/4.1.3 (Java/1.8.0_45)
127.0.0.1 - - [23/Mar/2020:05:00:58 +0800] "GET /nacos/v1/ns/api/clientBeat?beat=%7B%22cluster%22%3A%22DEFAULT%22%2C%22dom%22%3A%22nacos-porvider%22%2C%22ip%22%3A%22192.168.1.5%22%2C%22metadata%22%3A%7B%7D%2C%22port%22%3A9761%2C%22weight%22%3A1.0%7D&encoding=UTF-8&dom=nacos-porvider& HTTP/1.1" 200 38 2 Java/1.8.0_45
192.168.1.5 - - [23/Mar/2020:05:01:00 +0800] "GET /nacos/v1/cs/health HTTP/1.1" 200 2 9 Apache-HttpAsyncClient/4.1.3 (Java/1.8.0_45)
127.0.0.1 - - [23/Mar/2020:05:01:03 +0800] "GET /nacos/v1/ns/api/clientBeat?beat=%7B%22cluster%22%3A%22DEFAULT%22%2C%22dom%22%3A%22nacos-porvider%22%2C%22ip%22%3A%22192.168.1.5%22%2C%22metadata%22%3A%7B%7D%2C%22port%22%3A9761%2C%22weight%22%3A1.0%7D&encoding=UTF-8&dom=nacos-porvider& HTTP/1.1" 200 38 10 Java/1.8.0_45
192.168.1.5 - - [23/Mar/2020:05:01:05 +0800] "GET /nacos/v1/cs/health HTTP/1.1" 200 2 9 Apache-HttpAsyncClient/4.1.3 (Java/1.8.0_45)
127.0.0.1 - - [23/Mar/2020:05:01:08 +0800] "GET /nacos/v1/ns/api/clientBeat?beat=%7B%22cluster%22%3A%22DEFAULT%22%2C%22dom%22%3A%22nacos-porvider%22%2C%22ip%22%3A%22192.168.1.5%22%2C%22metadata%22%3A%7B%7D%2C%22port%22%3A9761%2C%22weight%22%3A1.0%7D&encoding=UTF-8&dom=nacos-porvider& HTTP/1.1" 200 38 1 Java/1.8.0_45
192.168.1.5 - - [23/Mar/2020:05:01:11 +0800] "GET /nacos/v1/cs/health HTTP/1.1" 200 2 11 Apache-HttpAsyncClient/4.1.3 (Java/1.8.0_45)
127.0.0.1 - - [23/Mar/2020:05:01:13 +0800] "GET /nacos/v1/ns/api/clientBeat?beat=%7B%22cluster%22%3A%22DEFAULT%22%2C%22dom%22%3A%22nacos-porvider%22%2C%22ip%22%3A%22192.168.1.5%22%2C%22metadata%22%3A%7B%7D%2C%22port%22%3A9761%2C%22weight%22%3A1.0%7D&encoding=UTF-8&dom=nacos-porvider& HTTP/1.1" 200 38 10 Java/1.8.0_45
192.168.1.5 - - [23/Mar/2020:05:01:16 +0800] "GET /nacos/v1/cs/health HTTP/1.1" 200 2 10 Apache-HttpAsyncClient/4.1.3 (Java/1.8.0_45)
127.0.0.1 - - [23/Mar/2020:05:01:18 +0800] "GET /nacos/v1/ns/api/clientBeat?beat=%7B%22cluster%22%3A%22DEFAULT%22%2C%22dom%22%3A%22nacos-porvider%22%2C%22ip%22%3A%22192.168.1.5%22%2C%22metadata%22%3A%7B%7D%2C%22port%22%3A9761%2C%22weight%22%3A1.0%7D&encoding=UTF-8&dom=nacos-porvider& HTTP/1.1" 200 38 2 Java/1.8.0_45
192.168.1.5 - - [23/Mar/2020:05:01:20 +0800] "GET /nacos/v1/cs/health HTTP/1.1" 200 2 2 Apache-HttpAsyncClient/4.1.3 (Java/1.8.0_45)
127.0.0.1 - - [23/Mar/2020:05:01:23 +0800] "GET /nacos/v1/ns/api/clientBeat?beat=%7B%22cluster%22%3A%22DEFAULT%22%2C%22dom%22%3A%22nacos-porvider%22%2C%22ip%22%3A%22192.168.1.5%22%2C%22metadata%22%3A%7B%7D%2C%22port%22%3A9761%2C%22weight%22%3A1.0%7D&encoding=UTF-8&dom=nacos-porvider& HTTP/1.1" 200 38 2 Java/1.8.0_45
192.168.1.5 - - [23/Mar/2020:05:01:25 +0800] "GET /nacos/v1/cs/health HTTP/1.1" 200 2 2 Apache-HttpAsyncClient/4.1.3 (Java/1.8.0_45)
127.0.0.1 - - [23/Mar/2020:05:01:28 +0800] "GET /nacos/v1/ns/api/clientBeat?beat=%7B%22cluster%22%3A%22DEFAULT%22%2C%22dom%22%3A%22nacos-porvider%22%2C%22ip%22%3A%22192.168.1.5%22%2C%22metadata%22%3A%7B%7D%2C%22port%22%3A9761%2C%22weight%22%3A1.0%7D&encoding=UTF-8&dom=nacos-porvider& HTTP/1.1" 200 38 11 Java/1.8.0_45
192.168.1.5 - - [23/Mar/2020:05:01:31 +0800] "GET /nacos/v1/cs/health HTTP/1.1" 200 2 10 Apache-HttpAsyncClient/4.1.3 (Java/1.8.0_45)
127.0.0.1 - - [23/Mar/2020:05:01:33 +0800] "GET /nacos/v1/ns/api/clientBeat?beat=%7B%22cluster%22%3A%22DEFAULT%22%2C%22dom%22%3A%22nacos-porvider%22%2C%22ip%22%3A%22192.168.1.5%22%2C%22metadata%22%3A%7B%7D%2C%22port%22%3A9761%2C%22weight%22%3A1.0%7D&encoding=UTF-8&dom=nacos-porvider& HTTP/1.1" 200 38 11 Java/1.8.0_45
192.168.1.5 - - [23/Mar/2020:05:01:35 +0800] "GET /nacos/v1/cs/health HTTP/1.1" 200 2 1 Apache-HttpAsyncClient/4.1.3 (Java/1.8.0_45)
127.0.0.1 - - [23/Mar/2020:05:01:38 +0800] "GET /nacos/v1/ns/api/clientBeat?beat=%7B%22cluster%22%3A%22DEFAULT%22%2C%22dom%22%3A%22nacos-porvider%22%2C%22ip%22%3A%22192.168.1.5%22%2C%22metadata%22%3A%7B%7D%2C%22port%22%3A9761%2C%22weight%22%3A1.0%7D&encoding=UTF-8&dom=nacos-porvider& HTTP/1.1" 200 38 10 Java/1.8.0_45
192.168.1.5 - - [23/Mar/2020:05:01:40 +0800] "GET /nacos/v1/cs/health HTTP/1.1" 200 2 1 Apache-HttpAsyncClient/4.1.3 (Java/1.8.0_45)
127.0.0.1 - - [23/Mar/2020:05:01:43 +0800] "GET /nacos/v1/ns/api/clientBeat?beat=%7B%22cluster%22%3A%22DEFAULT%22%2C%22dom%22%3A%22nacos-porvider%22%2C%22ip%22%3A%22192.168.1.5%22%2C%22metadata%22%3A%7B%7D%2C%22port%22%3A9761%2C%22weight%22%3A1.0%7D&encoding=UTF-8&dom=nacos-porvider& HTTP/1.1" 200 38 11 Java/1.8.0_45
192.168.1.5 - - [23/Mar/2020:05:01:46 +0800] "GET /nacos/v1/cs/health HTTP/1.1" 200 2 3 Apache-HttpAsyncClient/4.1.3 (Java/1.8.0_45)
127.0.0.1 - - [23/Mar/2020:05:01:48 +0800] "GET /nacos/v1/ns/api/clientBeat?beat=%7B%22cluster%22%3A%22DEFAULT%22%2C%22dom%22%3A%22nacos-porvider%22%2C%22ip%22%3A%22192.168.1.5%22%2C%22metadata%22%3A%7B%7D%2C%22port%22%3A9761%2C%22weight%22%3A1.0%7D&encoding=UTF-8&dom=nacos-porvider& HTTP/1.1" 200 38 11 Java/1.8.0_45
192.168.1.5 - - [23/Mar/2020:05:01:51 +0800] "GET /nacos/v1/cs/health HTTP/1.1" 200 2 1 Apache-HttpAsyncClient/4.1.3 (Java/1.8.0_45)
127.0.0.1 - - [23/Mar/2020:05:01:53 +0800] "GET /nacos/v1/ns/api/clientBeat?beat=%7B%22cluster%22%3A%22DEFAULT%22%2C%22dom%22%3A%22nacos-porvider%22%2C%22ip%22%3A%22192.168.1.5%22%2C%22metadata%22%3A%7B%7D%2C%22port%22%3A9761%2C%22weight%22%3A1.0%7D&encoding=UTF-8&dom=nacos-porvider& HTTP/1.1" 200 38 11 Java/1.8.0_45
192.168.1.5 - - [23/Mar/2020:05:01:56 +0800] "GET /nacos/v1/cs/health HTTP/1.1" 200 2 1 Apache-HttpAsyncClient/4.1.3 (Java/1.8.0_45)
127.0.0.1 - - [23/Mar/2020:05:01:58 +0800] "GET /nacos/v1/ns/api/clientBeat?beat=%7B%22cluster%22%3A%22DEFAULT%22%2C%22dom%22%3A%22nacos-porvider%22%2C%22ip%22%3A%22192.168.1.5%22%2C%22metadata%22%3A%7B%7D%2C%22port%22%3A9761%2C%22weight%22%3A1.0%7D&encoding=UTF-8&dom=nacos-porvider& HTTP/1.1" 200 38 3 Java/1.8.0_45
192.168.1.5 - - [23/Mar/2020:05:02:01 +0800] "GET /nacos/v1/cs/health HTTP/1.1" 200 2 1 Apache-HttpAsyncClient/4.1.3 (Java/1.8.0_45)
127.0.0.1 - - [23/Mar/2020:05:02:03 +0800] "GET /nacos/v1/ns/api/clientBeat?beat=%7B%22cluster%22%3A%22DEFAULT%22%2C%22dom%22%3A%22nacos-porvider%22%2C%22ip%22%3A%22192.168.1.5%22%2C%22metadata%22%3A%7B%7D%2C%22port%22%3A9761%2C%22weight%22%3A1.0%7D&encoding=UTF-8&dom=nacos-porvider& HTTP/1.1" 200 38 11 Java/1.8.0_45
192.168.1.5 - - [23/Mar/2020:05:02:06 +0800] "GET /nacos/v1/cs/health HTTP/1.1" 200 2 1 Apache-HttpAsyncClient/4.1.3 (Java/1.8.0_45)
127.0.0.1 - - [23/Mar/2020:05:02:08 +0800] "GET /nacos/v1/ns/api/clientBeat?beat=%7B%22cluster%22%3A%22DEFAULT%22%2C%22dom%22%3A%22nacos-porvider%22%2C%22ip%22%3A%22192.168.1.5%22%2C%22metadata%22%3A%7B%7D%2C%22port%22%3A9761%2C%22weight%22%3A1.0%7D&encoding=UTF-8&dom=nacos-porvider& HTTP/1.1" 200 38 2 Java/1.8.0_45
192.168.1.5 - - [23/Mar/2020:05:02:11 +0800] "GET /nacos/v1/cs/health HTTP/1.1" 200 2 1 Apache-HttpAsyncClient/4.1.3 (Java/1.8.0_45)
127.0.0.1 - - [23/Mar/2020:05:02:13 +0800] "GET /nacos/v1/ns/api/clientBeat?beat=%7B%22cluster%22%3A%22DEFAULT%22%2C%22dom%22%3A%22nacos-porvider%22%2C%22ip%22%3A%22192.168.1.5%22%2C%22metadata%22%3A%7B%7D%2C%22port%22%3A9761%2C%22weight%22%3A1.0%7D&encoding=UTF-8&dom=nacos-porvider& HTTP/1.1" 200 38 9 Java/1.8.0_45
192.168.1.5 - - [23/Mar/2020:05:02:16 +0800] "GET /nacos/v1/cs/health HTTP/1.1" 200 2 1 Apache-HttpAsyncClient/4.1.3 (Java/1.8.0_45)
