127.0.0.1 - - [21/Apr/2020:17:15:09 +0800] "PUT /nacos/v1/ns/instance/beat?beat=%7B%22cluster%22%3A%22DEFAULT%22%2C%22ip%22%3A%22192.168.1.5%22%2C%22metadata%22%3A%7B%22preserved.register.source%22%3A%22SPRING_CLOUD%22%7D%2C%22period%22%3A5000%2C%22port%22%3A8521%2C%22scheduled%22%3Afalse%2C%22serviceName%22%3A%22DEFAULT_GROUP%40%40cloud-sentinel-outfter%22%2C%22stopped%22%3Afalse%2C%22weight%22%3A1.0%7D&serviceName=DEFAULT_GROUP%40%40cloud-sentinel-outfter&encoding=UTF-8&namespaceId=public HTTP/1.1" 200 38 3 Nacos-Java-Client:v1.1.1
192.168.1.5 - - [21/Apr/2020:17:15:11 +0800] "GET /nacos/v1/cs/health HTTP/1.1" 200 2 2 Apache-HttpAsyncClient/4.1.3 (Java/1.8.0_45)
127.0.0.1 - - [21/Apr/2020:17:15:14 +0800] "PUT /nacos/v1/ns/instance/beat?beat=%7B%22cluster%22%3A%22DEFAULT%22%2C%22ip%22%3A%22192.168.1.5%22%2C%22metadata%22%3A%7B%22preserved.register.source%22%3A%22SPRING_CLOUD%22%7D%2C%22period%22%3A5000%2C%22port%22%3A8521%2C%22scheduled%22%3Afalse%2C%22serviceName%22%3A%22DEFAULT_GROUP%40%40cloud-sentinel-outfter%22%2C%22stopped%22%3Afalse%2C%22weight%22%3A1.0%7D&serviceName=DEFAULT_GROUP%40%40cloud-sentinel-outfter&encoding=UTF-8&namespaceId=public HTTP/1.1" 200 38 2 Nacos-Java-Client:v1.1.1
192.168.1.5 - - [21/Apr/2020:17:15:16 +0800] "GET /nacos/v1/cs/health HTTP/1.1" 200 2 10 Apache-HttpAsyncClient/4.1.3 (Java/1.8.0_45)
127.0.0.1 - - [21/Apr/2020:17:15:19 +0800] "PUT /nacos/v1/ns/instance/beat?beat=%7B%22cluster%22%3A%22DEFAULT%22%2C%22ip%22%3A%22192.168.1.5%22%2C%22metadata%22%3A%7B%22preserved.register.source%22%3A%22SPRING_CLOUD%22%7D%2C%22period%22%3A5000%2C%22port%22%3A8521%2C%22scheduled%22%3Afalse%2C%22serviceName%22%3A%22DEFAULT_GROUP%40%40cloud-sentinel-outfter%22%2C%22stopped%22%3Afalse%2C%22weight%22%3A1.0%7D&serviceName=DEFAULT_GROUP%40%40cloud-sentinel-outfter&encoding=UTF-8&namespaceId=public HTTP/1.1" 200 38 1 Nacos-Java-Client:v1.1.1
192.168.1.5 - - [21/Apr/2020:17:15:21 +0800] "GET /nacos/v1/cs/health HTTP/1.1" 200 2 1 Apache-HttpAsyncClient/4.1.3 (Java/1.8.0_45)
127.0.0.1 - - [21/Apr/2020:17:15:21 +0800] "POST /nacos/v1/cs/configs/listener HTTP/1.1" 200 - 29504 Java/1.8.0_45
127.0.0.1 - - [21/Apr/2020:17:15:24 +0800] "PUT /nacos/v1/ns/instance/beat?beat=%7B%22cluster%22%3A%22DEFAULT%22%2C%22ip%22%3A%22192.168.1.5%22%2C%22metadata%22%3A%7B%22preserved.register.source%22%3A%22SPRING_CLOUD%22%7D%2C%22period%22%3A5000%2C%22port%22%3A8521%2C%22scheduled%22%3Afalse%2C%22serviceName%22%3A%22DEFAULT_GROUP%40%40cloud-sentinel-outfter%22%2C%22stopped%22%3Afalse%2C%22weight%22%3A1.0%7D&serviceName=DEFAULT_GROUP%40%40cloud-sentinel-outfter&encoding=UTF-8&namespaceId=public HTTP/1.1" 200 38 2 Nacos-Java-Client:v1.1.1
192.168.1.5 - - [21/Apr/2020:17:15:26 +0800] "GET /nacos/v1/cs/health HTTP/1.1" 200 2 2 Apache-HttpAsyncClient/4.1.3 (Java/1.8.0_45)
127.0.0.1 - - [21/Apr/2020:17:15:29 +0800] "PUT /nacos/v1/ns/instance/beat?beat=%7B%22cluster%22%3A%22DEFAULT%22%2C%22ip%22%3A%22192.168.1.5%22%2C%22metadata%22%3A%7B%22preserved.register.source%22%3A%22SPRING_CLOUD%22%7D%2C%22period%22%3A5000%2C%22port%22%3A8521%2C%22scheduled%22%3Afalse%2C%22serviceName%22%3A%22DEFAULT_GROUP%40%40cloud-sentinel-outfter%22%2C%22stopped%22%3Afalse%2C%22weight%22%3A1.0%7D&serviceName=DEFAULT_GROUP%40%40cloud-sentinel-outfter&encoding=UTF-8&namespaceId=public HTTP/1.1" 200 38 2 Nacos-Java-Client:v1.1.1
192.168.1.5 - - [21/Apr/2020:17:15:31 +0800] "GET /nacos/v1/cs/health HTTP/1.1" 200 2 1 Apache-HttpAsyncClient/4.1.3 (Java/1.8.0_45)
127.0.0.1 - - [21/Apr/2020:17:15:35 +0800] "PUT /nacos/v1/ns/instance/beat?beat=%7B%22cluster%22%3A%22DEFAULT%22%2C%22ip%22%3A%22192.168.1.5%22%2C%22metadata%22%3A%7B%22preserved.register.source%22%3A%22SPRING_CLOUD%22%7D%2C%22period%22%3A5000%2C%22port%22%3A8521%2C%22scheduled%22%3Afalse%2C%22serviceName%22%3A%22DEFAULT_GROUP%40%40cloud-sentinel-outfter%22%2C%22stopped%22%3Afalse%2C%22weight%22%3A1.0%7D&serviceName=DEFAULT_GROUP%40%40cloud-sentinel-outfter&encoding=UTF-8&namespaceId=public HTTP/1.1" 200 38 2 Nacos-Java-Client:v1.1.1
192.168.1.5 - - [21/Apr/2020:17:15:36 +0800] "GET /nacos/v1/cs/health HTTP/1.1" 200 2 1 Apache-HttpAsyncClient/4.1.3 (Java/1.8.0_45)
127.0.0.1 - - [21/Apr/2020:17:15:40 +0800] "PUT /nacos/v1/ns/instance/beat?beat=%7B%22cluster%22%3A%22DEFAULT%22%2C%22ip%22%3A%22192.168.1.5%22%2C%22metadata%22%3A%7B%22preserved.register.source%22%3A%22SPRING_CLOUD%22%7D%2C%22period%22%3A5000%2C%22port%22%3A8521%2C%22scheduled%22%3Afalse%2C%22serviceName%22%3A%22DEFAULT_GROUP%40%40cloud-sentinel-outfter%22%2C%22stopped%22%3Afalse%2C%22weight%22%3A1.0%7D&serviceName=DEFAULT_GROUP%40%40cloud-sentinel-outfter&encoding=UTF-8&namespaceId=public HTTP/1.1" 200 38 2 Nacos-Java-Client:v1.1.1
192.168.1.5 - - [21/Apr/2020:17:15:41 +0800] "GET /nacos/v1/cs/health HTTP/1.1" 200 2 2 Apache-HttpAsyncClient/4.1.3 (Java/1.8.0_45)
127.0.0.1 - - [21/Apr/2020:17:15:45 +0800] "PUT /nacos/v1/ns/instance/beat?beat=%7B%22cluster%22%3A%22DEFAULT%22%2C%22ip%22%3A%22192.168.1.5%22%2C%22metadata%22%3A%7B%22preserved.register.source%22%3A%22SPRING_CLOUD%22%7D%2C%22period%22%3A5000%2C%22port%22%3A8521%2C%22scheduled%22%3Afalse%2C%22serviceName%22%3A%22DEFAULT_GROUP%40%40cloud-sentinel-outfter%22%2C%22stopped%22%3Afalse%2C%22weight%22%3A1.0%7D&serviceName=DEFAULT_GROUP%40%40cloud-sentinel-outfter&encoding=UTF-8&namespaceId=public HTTP/1.1" 200 38 2 Nacos-Java-Client:v1.1.1
192.168.1.5 - - [21/Apr/2020:17:15:46 +0800] "GET /nacos/v1/cs/health HTTP/1.1" 200 2 2 Apache-HttpAsyncClient/4.1.3 (Java/1.8.0_45)
127.0.0.1 - - [21/Apr/2020:17:15:50 +0800] "PUT /nacos/v1/ns/instance/beat?beat=%7B%22cluster%22%3A%22DEFAULT%22%2C%22ip%22%3A%22192.168.1.5%22%2C%22metadata%22%3A%7B%22preserved.register.source%22%3A%22SPRING_CLOUD%22%7D%2C%22period%22%3A5000%2C%22port%22%3A8521%2C%22scheduled%22%3Afalse%2C%22serviceName%22%3A%22DEFAULT_GROUP%40%40cloud-sentinel-outfter%22%2C%22stopped%22%3Afalse%2C%22weight%22%3A1.0%7D&serviceName=DEFAULT_GROUP%40%40cloud-sentinel-outfter&encoding=UTF-8&namespaceId=public HTTP/1.1" 200 38 2 Nacos-Java-Client:v1.1.1
127.0.0.1 - - [21/Apr/2020:17:15:51 +0800] "POST /nacos/v1/cs/configs/listener HTTP/1.1" 500 - 29504 Java/1.8.0_45
192.168.1.5 - - [21/Apr/2020:17:15:51 +0800] "GET /nacos/v1/cs/health HTTP/1.1" 200 2 2 Apache-HttpAsyncClient/4.1.3 (Java/1.8.0_45)
192.168.1.5 - - [21/Apr/2020:17:15:56 +0800] "GET /nacos/v1/cs/health HTTP/1.1" 200 2 1 Apache-HttpAsyncClient/4.1.3 (Java/1.8.0_45)
192.168.1.5 - - [21/Apr/2020:17:16:01 +0800] "GET /nacos/v1/cs/health HTTP/1.1" 200 2 1 Apache-HttpAsyncClient/4.1.3 (Java/1.8.0_45)
192.168.1.5 - - [21/Apr/2020:17:16:06 +0800] "GET /nacos/v1/cs/health HTTP/1.1" 200 2 1 Apache-HttpAsyncClient/4.1.3 (Java/1.8.0_45)
192.168.1.5 - - [21/Apr/2020:17:16:11 +0800] "GET /nacos/v1/cs/health HTTP/1.1" 200 2 1 Apache-HttpAsyncClient/4.1.3 (Java/1.8.0_45)
192.168.1.5 - - [21/Apr/2020:17:16:16 +0800] "GET /nacos/v1/cs/health HTTP/1.1" 200 2 2 Apache-HttpAsyncClient/4.1.3 (Java/1.8.0_45)
0:0:0:0:0:0:0:1 - - [21/Apr/2020:17:16:21 +0800] "GET /nacos/v1/cs/configs?search=accurate&dataId=&group=&appName=&config_tags=&pageNo=1&pageSize=10&tenant=&namespaceId= HTTP/1.1" 200 451 6 Mozilla/5.0 (Windows NT 10.0; Win64; x64) AppleWebKit/537.36 (KHTML, like Gecko) Chrome/80.0.3987.163 Safari/537.36
192.168.1.5 - - [21/Apr/2020:17:16:21 +0800] "GET /nacos/v1/cs/health HTTP/1.1" 200 2 2 Apache-HttpAsyncClient/4.1.3 (Java/1.8.0_45)
127.0.0.1 - - [21/Apr/2020:17:16:23 +0800] "DELETE /nacos/v1/ns/instance?ephemeral=true&serviceName=DEFAULT_GROUP%40%40cloud-sentinel-outfter&port=8521&namespaceId=public&ip=192.168.1.5&clusterName=DEFAULT HTTP/1.1" 200 2 3 Nacos-Server:1.1.4
0:0:0:0:0:0:0:1 - - [21/Apr/2020:17:16:24 +0800] "GET /nacos/v1/cs/configs?dataId=cloud-sentinel-outfter&group=DEFAULT_GROUP&namespaceId=&tenant=&beta=true HTTP/1.1" 200 60 10 Mozilla/5.0 (Windows NT 10.0; Win64; x64) AppleWebKit/537.36 (KHTML, like Gecko) Chrome/80.0.3987.163 Safari/537.36
0:0:0:0:0:0:0:1 - - [21/Apr/2020:17:16:24 +0800] "GET /nacos/v1/cs/configs?dataId=cloud-sentinel-outfter&group=DEFAULT_GROUP&namespaceId=&tenant=&show=all HTTP/1.1" 200 608 21 Mozilla/5.0 (Windows NT 10.0; Win64; x64) AppleWebKit/537.36 (KHTML, like Gecko) Chrome/80.0.3987.163 Safari/537.36
192.168.1.5 - - [21/Apr/2020:17:16:26 +0800] "GET /nacos/v1/cs/health HTTP/1.1" 200 2 1 Apache-HttpAsyncClient/4.1.3 (Java/1.8.0_45)
0:0:0:0:0:0:0:1 - - [21/Apr/2020:17:16:29 +0800] "GET /nacos/v1/cs/configs?search=accurate&dataId=&group=&appName=&config_tags=&pageNo=1&pageSize=10&tenant=&namespaceId= HTTP/1.1" 200 451 3 Mozilla/5.0 (Windows NT 10.0; Win64; x64) AppleWebKit/537.36 (KHTML, like Gecko) Chrome/80.0.3987.163 Safari/537.36
192.168.1.5 - - [21/Apr/2020:17:16:31 +0800] "GET /nacos/v1/cs/health HTTP/1.1" 200 2 1 Apache-HttpAsyncClient/4.1.3 (Java/1.8.0_45)
192.168.1.5 - - [21/Apr/2020:17:16:36 +0800] "GET /nacos/v1/cs/health HTTP/1.1" 200 2 2 Apache-HttpAsyncClient/4.1.3 (Java/1.8.0_45)
127.0.0.1 - - [21/Apr/2020:17:16:38 +0800] "GET /nacos/v1/cs/configs?dataId=cloud-sentinel-outfter-sentinel&group=DEFAULT_GROUP HTTP/1.1" 404 23 2 Java/1.8.0_45
127.0.0.1 - - [21/Apr/2020:17:16:38 +0800] "POST /nacos/v1/cs/configs/listener HTTP/1.1" 200 - 2 Java/1.8.0_45
127.0.0.1 - - [21/Apr/2020:17:16:39 +0800] "PUT /nacos/v1/ns/instance/beat?beat=%7B%22cluster%22%3A%22DEFAULT%22%2C%22ip%22%3A%22192.168.1.5%22%2C%22metadata%22%3A%7B%22preserved.register.source%22%3A%22SPRING_CLOUD%22%7D%2C%22period%22%3A5000%2C%22port%22%3A8521%2C%22scheduled%22%3Afalse%2C%22serviceName%22%3A%22DEFAULT_GROUP%40%40cloud-sentinel-outfter%22%2C%22stopped%22%3Afalse%2C%22weight%22%3A1.0%7D&serviceName=DEFAULT_GROUP%40%40cloud-sentinel-outfter&encoding=UTF-8&namespaceId=public HTTP/1.1" 200 38 4 Nacos-Java-Client:v1.1.1
127.0.0.1 - - [21/Apr/2020:17:16:39 +0800] "POST /nacos/v1/ns/instance?groupName=DEFAULT_GROUP&metadata=%7B%22preserved.register.source%22%3A%22SPRING_CLOUD%22%7D&namespaceId=public&port=8521&enable=true&healthy=true&clusterName=DEFAULT&ip=192.168.1.5&weight=1.0&ephemeral=true&serviceName=DEFAULT_GROUP%40%40cloud-sentinel-outfter&encoding=UTF-8 HTTP/1.1" 200 2 3 Nacos-Java-Client:v1.1.1
127.0.0.1 - - [21/Apr/2020:17:16:39 +0800] "GET /nacos/v1/cs/configs?dataId=cloud-sentinel-outfter-sentinel&group=DEFAULT_GROUP HTTP/1.1" 404 23 2 Java/1.8.0_45
127.0.0.1 - - [21/Apr/2020:17:16:39 +0800] "GET /nacos/v1/ns/service/list?pageSize=2147483647&groupName=DEFAULT_GROUP&encoding=UTF-8&namespaceId=public&pageNo=1 HTTP/1.1" 200 56 1 Nacos-Java-Client:v1.1.1
192.168.1.5 - - [21/Apr/2020:17:16:41 +0800] "GET /nacos/v1/cs/health HTTP/1.1" 200 2 1 Apache-HttpAsyncClient/4.1.3 (Java/1.8.0_45)
127.0.0.1 - - [21/Apr/2020:17:16:44 +0800] "PUT /nacos/v1/ns/instance/beat?beat=%7B%22cluster%22%3A%22DEFAULT%22%2C%22ip%22%3A%22192.168.1.5%22%2C%22metadata%22%3A%7B%22preserved.register.source%22%3A%22SPRING_CLOUD%22%7D%2C%22period%22%3A5000%2C%22port%22%3A8521%2C%22scheduled%22%3Afalse%2C%22serviceName%22%3A%22DEFAULT_GROUP%40%40cloud-sentinel-outfter%22%2C%22stopped%22%3Afalse%2C%22weight%22%3A1.0%7D&serviceName=DEFAULT_GROUP%40%40cloud-sentinel-outfter&encoding=UTF-8&namespaceId=public HTTP/1.1" 200 38 2 Nacos-Java-Client:v1.1.1
192.168.1.5 - - [21/Apr/2020:17:16:46 +0800] "GET /nacos/v1/cs/health HTTP/1.1" 200 2 1 Apache-HttpAsyncClient/4.1.3 (Java/1.8.0_45)
127.0.0.1 - - [21/Apr/2020:17:16:49 +0800] "PUT /nacos/v1/ns/instance/beat?beat=%7B%22cluster%22%3A%22DEFAULT%22%2C%22ip%22%3A%22192.168.1.5%22%2C%22metadata%22%3A%7B%22preserved.register.source%22%3A%22SPRING_CLOUD%22%7D%2C%22period%22%3A5000%2C%22port%22%3A8521%2C%22scheduled%22%3Afalse%2C%22serviceName%22%3A%22DEFAULT_GROUP%40%40cloud-sentinel-outfter%22%2C%22stopped%22%3Afalse%2C%22weight%22%3A1.0%7D&serviceName=DEFAULT_GROUP%40%40cloud-sentinel-outfter&encoding=UTF-8&namespaceId=public HTTP/1.1" 200 38 2 Nacos-Java-Client:v1.1.1
192.168.1.5 - - [21/Apr/2020:17:16:51 +0800] "GET /nacos/v1/cs/health HTTP/1.1" 200 2 1 Apache-HttpAsyncClient/4.1.3 (Java/1.8.0_45)
127.0.0.1 - - [21/Apr/2020:17:16:54 +0800] "PUT /nacos/v1/ns/instance/beat?beat=%7B%22cluster%22%3A%22DEFAULT%22%2C%22ip%22%3A%22192.168.1.5%22%2C%22metadata%22%3A%7B%22preserved.register.source%22%3A%22SPRING_CLOUD%22%7D%2C%22period%22%3A5000%2C%22port%22%3A8521%2C%22scheduled%22%3Afalse%2C%22serviceName%22%3A%22DEFAULT_GROUP%40%40cloud-sentinel-outfter%22%2C%22stopped%22%3Afalse%2C%22weight%22%3A1.0%7D&serviceName=DEFAULT_GROUP%40%40cloud-sentinel-outfter&encoding=UTF-8&namespaceId=public HTTP/1.1" 200 38 1 Nacos-Java-Client:v1.1.1
192.168.1.5 - - [21/Apr/2020:17:16:56 +0800] "GET /nacos/v1/cs/health HTTP/1.1" 200 2 1 Apache-HttpAsyncClient/4.1.3 (Java/1.8.0_45)
127.0.0.1 - - [21/Apr/2020:17:16:59 +0800] "PUT /nacos/v1/ns/instance/beat?beat=%7B%22cluster%22%3A%22DEFAULT%22%2C%22ip%22%3A%22192.168.1.5%22%2C%22metadata%22%3A%7B%22preserved.register.source%22%3A%22SPRING_CLOUD%22%7D%2C%22period%22%3A5000%2C%22port%22%3A8521%2C%22scheduled%22%3Afalse%2C%22serviceName%22%3A%22DEFAULT_GROUP%40%40cloud-sentinel-outfter%22%2C%22stopped%22%3Afalse%2C%22weight%22%3A1.0%7D&serviceName=DEFAULT_GROUP%40%40cloud-sentinel-outfter&encoding=UTF-8&namespaceId=public HTTP/1.1" 200 38 2 Nacos-Java-Client:v1.1.1
192.168.1.5 - - [21/Apr/2020:17:17:01 +0800] "GET /nacos/v1/cs/health HTTP/1.1" 200 2 1 Apache-HttpAsyncClient/4.1.3 (Java/1.8.0_45)
127.0.0.1 - - [21/Apr/2020:17:17:04 +0800] "PUT /nacos/v1/ns/instance/beat?beat=%7B%22cluster%22%3A%22DEFAULT%22%2C%22ip%22%3A%22192.168.1.5%22%2C%22metadata%22%3A%7B%22preserved.register.source%22%3A%22SPRING_CLOUD%22%7D%2C%22period%22%3A5000%2C%22port%22%3A8521%2C%22scheduled%22%3Afalse%2C%22serviceName%22%3A%22DEFAULT_GROUP%40%40cloud-sentinel-outfter%22%2C%22stopped%22%3Afalse%2C%22weight%22%3A1.0%7D&serviceName=DEFAULT_GROUP%40%40cloud-sentinel-outfter&encoding=UTF-8&namespaceId=public HTTP/1.1" 200 38 10 Nacos-Java-Client:v1.1.1
192.168.1.5 - - [21/Apr/2020:17:17:06 +0800] "GET /nacos/v1/cs/health HTTP/1.1" 200 2 1 Apache-HttpAsyncClient/4.1.3 (Java/1.8.0_45)
127.0.0.1 - - [21/Apr/2020:17:17:08 +0800] "POST /nacos/v1/cs/configs/listener HTTP/1.1" 200 - 29503 Java/1.8.0_45
127.0.0.1 - - [21/Apr/2020:17:17:09 +0800] "PUT /nacos/v1/ns/instance/beat?beat=%7B%22cluster%22%3A%22DEFAULT%22%2C%22ip%22%3A%22192.168.1.5%22%2C%22metadata%22%3A%7B%22preserved.register.source%22%3A%22SPRING_CLOUD%22%7D%2C%22period%22%3A5000%2C%22port%22%3A8521%2C%22scheduled%22%3Afalse%2C%22serviceName%22%3A%22DEFAULT_GROUP%40%40cloud-sentinel-outfter%22%2C%22stopped%22%3Afalse%2C%22weight%22%3A1.0%7D&serviceName=DEFAULT_GROUP%40%40cloud-sentinel-outfter&encoding=UTF-8&namespaceId=public HTTP/1.1" 200 38 3 Nacos-Java-Client:v1.1.1
192.168.1.5 - - [21/Apr/2020:17:17:11 +0800] "GET /nacos/v1/cs/health HTTP/1.1" 200 2 1 Apache-HttpAsyncClient/4.1.3 (Java/1.8.0_45)
127.0.0.1 - - [21/Apr/2020:17:17:12 +0800] "GET /nacos/v1/cs/configs?dataId=cloud-sentinel-outfter-sentinel&group=DEFAULT_GROUP HTTP/1.1" 404 23 2 Java/1.8.0_45
127.0.0.1 - - [21/Apr/2020:17:17:14 +0800] "PUT /nacos/v1/ns/instance/beat?beat=%7B%22cluster%22%3A%22DEFAULT%22%2C%22ip%22%3A%22192.168.1.5%22%2C%22metadata%22%3A%7B%22preserved.register.source%22%3A%22SPRING_CLOUD%22%7D%2C%22period%22%3A5000%2C%22port%22%3A8521%2C%22scheduled%22%3Afalse%2C%22serviceName%22%3A%22DEFAULT_GROUP%40%40cloud-sentinel-outfter%22%2C%22stopped%22%3Afalse%2C%22weight%22%3A1.0%7D&serviceName=DEFAULT_GROUP%40%40cloud-sentinel-outfter&encoding=UTF-8&namespaceId=public HTTP/1.1" 200 38 1 Nacos-Java-Client:v1.1.1
192.168.1.5 - - [21/Apr/2020:17:17:16 +0800] "GET /nacos/v1/cs/health HTTP/1.1" 200 2 2 Apache-HttpAsyncClient/4.1.3 (Java/1.8.0_45)
127.0.0.1 - - [21/Apr/2020:17:17:19 +0800] "PUT /nacos/v1/ns/instance/beat?beat=%7B%22cluster%22%3A%22DEFAULT%22%2C%22ip%22%3A%22192.168.1.5%22%2C%22metadata%22%3A%7B%22preserved.register.source%22%3A%22SPRING_CLOUD%22%7D%2C%22period%22%3A5000%2C%22port%22%3A8521%2C%22scheduled%22%3Afalse%2C%22serviceName%22%3A%22DEFAULT_GROUP%40%40cloud-sentinel-outfter%22%2C%22stopped%22%3Afalse%2C%22weight%22%3A1.0%7D&serviceName=DEFAULT_GROUP%40%40cloud-sentinel-outfter&encoding=UTF-8&namespaceId=public HTTP/1.1" 200 38 2 Nacos-Java-Client:v1.1.1
192.168.1.5 - - [21/Apr/2020:17:17:21 +0800] "GET /nacos/v1/cs/health HTTP/1.1" 200 2 2 Apache-HttpAsyncClient/4.1.3 (Java/1.8.0_45)
127.0.0.1 - - [21/Apr/2020:17:17:24 +0800] "PUT /nacos/v1/ns/instance/beat?beat=%7B%22cluster%22%3A%22DEFAULT%22%2C%22ip%22%3A%22192.168.1.5%22%2C%22metadata%22%3A%7B%22preserved.register.source%22%3A%22SPRING_CLOUD%22%7D%2C%22period%22%3A5000%2C%22port%22%3A8521%2C%22scheduled%22%3Afalse%2C%22serviceName%22%3A%22DEFAULT_GROUP%40%40cloud-sentinel-outfter%22%2C%22stopped%22%3Afalse%2C%22weight%22%3A1.0%7D&serviceName=DEFAULT_GROUP%40%40cloud-sentinel-outfter&encoding=UTF-8&namespaceId=public HTTP/1.1" 200 38 1 Nacos-Java-Client:v1.1.1
192.168.1.5 - - [21/Apr/2020:17:17:26 +0800] "GET /nacos/v1/cs/health HTTP/1.1" 200 2 1 Apache-HttpAsyncClient/4.1.3 (Java/1.8.0_45)
0:0:0:0:0:0:0:1 - - [21/Apr/2020:17:17:28 +0800] "GET /nacos/ HTTP/1.1" 304 - 31 Mozilla/5.0 (Windows NT 10.0; Win64; x64) AppleWebKit/537.36 (KHTML, like Gecko) Chrome/80.0.3987.163 Safari/537.36
0:0:0:0:0:0:0:1 - - [21/Apr/2020:17:17:28 +0800] "GET /nacos/v1/console/namespaces?namespaceId= HTTP/1.1" 200 130 14 Mozilla/5.0 (Windows NT 10.0; Win64; x64) AppleWebKit/537.36 (KHTML, like Gecko) Chrome/80.0.3987.163 Safari/537.36
0:0:0:0:0:0:0:1 - - [21/Apr/2020:17:17:28 +0800] "GET /nacos/v1/console/server/state HTTP/1.1" 200 82 3 Mozilla/5.0 (Windows NT 10.0; Win64; x64) AppleWebKit/537.36 (KHTML, like Gecko) Chrome/80.0.3987.163 Safari/537.36
0:0:0:0:0:0:0:1 - - [21/Apr/2020:17:17:28 +0800] "GET /nacos/v1/cs/configs?search=accurate&dataId=&group=&appName=&config_tags=&pageNo=1&pageSize=10&tenant=&namespaceId= HTTP/1.1" 200 451 6 Mozilla/5.0 (Windows NT 10.0; Win64; x64) AppleWebKit/537.36 (KHTML, like Gecko) Chrome/80.0.3987.163 Safari/537.36
127.0.0.1 - - [21/Apr/2020:17:17:29 +0800] "PUT /nacos/v1/ns/instance/beat?beat=%7B%22cluster%22%3A%22DEFAULT%22%2C%22ip%22%3A%22192.168.1.5%22%2C%22metadata%22%3A%7B%22preserved.register.source%22%3A%22SPRING_CLOUD%22%7D%2C%22period%22%3A5000%2C%22port%22%3A8521%2C%22scheduled%22%3Afalse%2C%22serviceName%22%3A%22DEFAULT_GROUP%40%40cloud-sentinel-outfter%22%2C%22stopped%22%3Afalse%2C%22weight%22%3A1.0%7D&serviceName=DEFAULT_GROUP%40%40cloud-sentinel-outfter&encoding=UTF-8&namespaceId=public HTTP/1.1" 200 38 2 Nacos-Java-Client:v1.1.1
0:0:0:0:0:0:0:1 - - [21/Apr/2020:17:17:29 +0800] "GET /nacos/console-fe/public/img/favicon.ico HTTP/1.1" 200 4286 13 Mozilla/5.0 (Windows NT 10.0; Win64; x64) AppleWebKit/537.36 (KHTML, like Gecko) Chrome/80.0.3987.163 Safari/537.36
0:0:0:0:0:0:0:1 - - [21/Apr/2020:17:17:29 +0800] "GET /nacos/ HTTP/1.1" 304 - 5 Mozilla/5.0 (Windows NT 10.0; Win64; x64) AppleWebKit/537.36 (KHTML, like Gecko) Chrome/80.0.3987.163 Safari/537.36
0:0:0:0:0:0:0:1 - - [21/Apr/2020:17:17:29 +0800] "GET /nacos/v1/console/namespaces?namespaceId= HTTP/1.1" 200 130 6 Mozilla/5.0 (Windows NT 10.0; Win64; x64) AppleWebKit/537.36 (KHTML, like Gecko) Chrome/80.0.3987.163 Safari/537.36
0:0:0:0:0:0:0:1 - - [21/Apr/2020:17:17:30 +0800] "GET /nacos/v1/console/server/state HTTP/1.1" 200 82 3 Mozilla/5.0 (Windows NT 10.0; Win64; x64) AppleWebKit/537.36 (KHTML, like Gecko) Chrome/80.0.3987.163 Safari/537.36
0:0:0:0:0:0:0:1 - - [21/Apr/2020:17:17:30 +0800] "GET /nacos/v1/cs/configs?search=accurate&dataId=&group=&appName=&config_tags=&pageNo=1&pageSize=10&tenant=&namespaceId= HTTP/1.1" 200 451 5 Mozilla/5.0 (Windows NT 10.0; Win64; x64) AppleWebKit/537.36 (KHTML, like Gecko) Chrome/80.0.3987.163 Safari/537.36
0:0:0:0:0:0:0:1 - - [21/Apr/2020:17:17:30 +0800] "GET /nacos/console-fe/public/img/favicon.ico HTTP/1.1" 200 4286 1 Mozilla/5.0 (Windows NT 10.0; Win64; x64) AppleWebKit/537.36 (KHTML, like Gecko) Chrome/80.0.3987.163 Safari/537.36
0:0:0:0:0:0:0:1 - - [21/Apr/2020:17:17:30 +0800] "GET /nacos/ HTTP/1.1" 304 - 3 Mozilla/5.0 (Windows NT 10.0; Win64; x64) AppleWebKit/537.36 (KHTML, like Gecko) Chrome/80.0.3987.163 Safari/537.36
0:0:0:0:0:0:0:1 - - [21/Apr/2020:17:17:30 +0800] "GET /nacos/v1/console/namespaces?namespaceId= HTTP/1.1" 200 130 4 Mozilla/5.0 (Windows NT 10.0; Win64; x64) AppleWebKit/537.36 (KHTML, like Gecko) Chrome/80.0.3987.163 Safari/537.36
0:0:0:0:0:0:0:1 - - [21/Apr/2020:17:17:30 +0800] "GET /nacos/v1/console/server/state HTTP/1.1" 200 82 2 Mozilla/5.0 (Windows NT 10.0; Win64; x64) AppleWebKit/537.36 (KHTML, like Gecko) Chrome/80.0.3987.163 Safari/537.36
0:0:0:0:0:0:0:1 - - [21/Apr/2020:17:17:30 +0800] "GET /nacos/v1/cs/configs?search=accurate&dataId=&group=&appName=&config_tags=&pageNo=1&pageSize=10&tenant=&namespaceId= HTTP/1.1" 200 451 4 Mozilla/5.0 (Windows NT 10.0; Win64; x64) AppleWebKit/537.36 (KHTML, like Gecko) Chrome/80.0.3987.163 Safari/537.36
0:0:0:0:0:0:0:1 - - [21/Apr/2020:17:17:30 +0800] "GET /nacos/console-fe/public/img/favicon.ico HTTP/1.1" 200 4286 2 Mozilla/5.0 (Windows NT 10.0; Win64; x64) AppleWebKit/537.36 (KHTML, like Gecko) Chrome/80.0.3987.163 Safari/537.36
192.168.1.5 - - [21/Apr/2020:17:17:31 +0800] "GET /nacos/v1/cs/health HTTP/1.1" 200 2 1 Apache-HttpAsyncClient/4.1.3 (Java/1.8.0_45)
0:0:0:0:0:0:0:1 - - [21/Apr/2020:17:17:31 +0800] "GET /nacos/ HTTP/1.1" 304 - 3 Mozilla/5.0 (Windows NT 10.0; Win64; x64) AppleWebKit/537.36 (KHTML, like Gecko) Chrome/80.0.3987.163 Safari/537.36
0:0:0:0:0:0:0:1 - - [21/Apr/2020:17:17:31 +0800] "GET /nacos/v1/console/namespaces?namespaceId= HTTP/1.1" 200 130 5 Mozilla/5.0 (Windows NT 10.0; Win64; x64) AppleWebKit/537.36 (KHTML, like Gecko) Chrome/80.0.3987.163 Safari/537.36
0:0:0:0:0:0:0:1 - - [21/Apr/2020:17:17:31 +0800] "GET /nacos/v1/console/server/state HTTP/1.1" 200 82 2 Mozilla/5.0 (Windows NT 10.0; Win64; x64) AppleWebKit/537.36 (KHTML, like Gecko) Chrome/80.0.3987.163 Safari/537.36
0:0:0:0:0:0:0:1 - - [21/Apr/2020:17:17:31 +0800] "GET /nacos/v1/cs/configs?search=accurate&dataId=&group=&appName=&config_tags=&pageNo=1&pageSize=10&tenant=&namespaceId= HTTP/1.1" 200 451 2 Mozilla/5.0 (Windows NT 10.0; Win64; x64) AppleWebKit/537.36 (KHTML, like Gecko) Chrome/80.0.3987.163 Safari/537.36
0:0:0:0:0:0:0:1 - - [21/Apr/2020:17:17:31 +0800] "GET /nacos/console-fe/public/img/favicon.ico HTTP/1.1" 200 4286 3 Mozilla/5.0 (Windows NT 10.0; Win64; x64) AppleWebKit/537.36 (KHTML, like Gecko) Chrome/80.0.3987.163 Safari/537.36
127.0.0.1 - - [21/Apr/2020:17:17:34 +0800] "PUT /nacos/v1/ns/instance/beat?beat=%7B%22cluster%22%3A%22DEFAULT%22%2C%22ip%22%3A%22192.168.1.5%22%2C%22metadata%22%3A%7B%22preserved.register.source%22%3A%22SPRING_CLOUD%22%7D%2C%22period%22%3A5000%2C%22port%22%3A8521%2C%22scheduled%22%3Afalse%2C%22serviceName%22%3A%22DEFAULT_GROUP%40%40cloud-sentinel-outfter%22%2C%22stopped%22%3Afalse%2C%22weight%22%3A1.0%7D&serviceName=DEFAULT_GROUP%40%40cloud-sentinel-outfter&encoding=UTF-8&namespaceId=public HTTP/1.1" 200 38 1 Nacos-Java-Client:v1.1.1
192.168.1.5 - - [21/Apr/2020:17:17:36 +0800] "GET /nacos/v1/cs/health HTTP/1.1" 200 2 2 Apache-HttpAsyncClient/4.1.3 (Java/1.8.0_45)
127.0.0.1 - - [21/Apr/2020:17:17:38 +0800] "POST /nacos/v1/cs/configs/listener HTTP/1.1" 200 - 29503 Java/1.8.0_45
127.0.0.1 - - [21/Apr/2020:17:17:39 +0800] "PUT /nacos/v1/ns/instance/beat?beat=%7B%22cluster%22%3A%22DEFAULT%22%2C%22ip%22%3A%22192.168.1.5%22%2C%22metadata%22%3A%7B%22preserved.register.source%22%3A%22SPRING_CLOUD%22%7D%2C%22period%22%3A5000%2C%22port%22%3A8521%2C%22scheduled%22%3Afalse%2C%22serviceName%22%3A%22DEFAULT_GROUP%40%40cloud-sentinel-outfter%22%2C%22stopped%22%3Afalse%2C%22weight%22%3A1.0%7D&serviceName=DEFAULT_GROUP%40%40cloud-sentinel-outfter&encoding=UTF-8&namespaceId=public HTTP/1.1" 200 38 2 Nacos-Java-Client:v1.1.1
0:0:0:0:0:0:0:1 - - [21/Apr/2020:17:17:40 +0800] "GET /nacos/v1/ns/operator/cluster/states?withInstances=false&pageNo=1&pageSize=10&keyword=&namespaceId= HTTP/1.1" 200 169 10 Mozilla/5.0 (Windows NT 10.0; Win64; x64) AppleWebKit/537.36 (KHTML, like Gecko) Chrome/80.0.3987.163 Safari/537.36
192.168.1.5 - - [21/Apr/2020:17:17:41 +0800] "GET /nacos/v1/cs/health HTTP/1.1" 200 2 1 Apache-HttpAsyncClient/4.1.3 (Java/1.8.0_45)
127.0.0.1 - - [21/Apr/2020:17:17:44 +0800] "PUT /nacos/v1/ns/instance/beat?beat=%7B%22cluster%22%3A%22DEFAULT%22%2C%22ip%22%3A%22192.168.1.5%22%2C%22metadata%22%3A%7B%22preserved.register.source%22%3A%22SPRING_CLOUD%22%7D%2C%22period%22%3A5000%2C%22port%22%3A8521%2C%22scheduled%22%3Afalse%2C%22serviceName%22%3A%22DEFAULT_GROUP%40%40cloud-sentinel-outfter%22%2C%22stopped%22%3Afalse%2C%22weight%22%3A1.0%7D&serviceName=DEFAULT_GROUP%40%40cloud-sentinel-outfter&encoding=UTF-8&namespaceId=public HTTP/1.1" 200 38 2 Nacos-Java-Client:v1.1.1
192.168.1.5 - - [21/Apr/2020:17:17:46 +0800] "GET /nacos/v1/cs/health HTTP/1.1" 200 2 1 Apache-HttpAsyncClient/4.1.3 (Java/1.8.0_45)
127.0.0.1 - - [21/Apr/2020:17:17:49 +0800] "PUT /nacos/v1/ns/instance/beat?beat=%7B%22cluster%22%3A%22DEFAULT%22%2C%22ip%22%3A%22192.168.1.5%22%2C%22metadata%22%3A%7B%22preserved.register.source%22%3A%22SPRING_CLOUD%22%7D%2C%22period%22%3A5000%2C%22port%22%3A8521%2C%22scheduled%22%3Afalse%2C%22serviceName%22%3A%22DEFAULT_GROUP%40%40cloud-sentinel-outfter%22%2C%22stopped%22%3Afalse%2C%22weight%22%3A1.0%7D&serviceName=DEFAULT_GROUP%40%40cloud-sentinel-outfter&encoding=UTF-8&namespaceId=public HTTP/1.1" 200 38 1 Nacos-Java-Client:v1.1.1
192.168.1.5 - - [21/Apr/2020:17:17:51 +0800] "GET /nacos/v1/cs/health HTTP/1.1" 200 2 1 Apache-HttpAsyncClient/4.1.3 (Java/1.8.0_45)
127.0.0.1 - - [21/Apr/2020:17:17:54 +0800] "PUT /nacos/v1/ns/instance/beat?beat=%7B%22cluster%22%3A%22DEFAULT%22%2C%22ip%22%3A%22192.168.1.5%22%2C%22metadata%22%3A%7B%22preserved.register.source%22%3A%22SPRING_CLOUD%22%7D%2C%22period%22%3A5000%2C%22port%22%3A8521%2C%22scheduled%22%3Afalse%2C%22serviceName%22%3A%22DEFAULT_GROUP%40%40cloud-sentinel-outfter%22%2C%22stopped%22%3Afalse%2C%22weight%22%3A1.0%7D&serviceName=DEFAULT_GROUP%40%40cloud-sentinel-outfter&encoding=UTF-8&namespaceId=public HTTP/1.1" 200 38 2 Nacos-Java-Client:v1.1.1
127.0.0.1 - - [21/Apr/2020:17:17:55 +0800] "GET /nacos/v1/cs/configs?dataId=cloud-sentinel-outfter-sentinel&group=DEFAULT_GROUP HTTP/1.1" 404 23 2 Java/1.8.0_45
192.168.1.5 - - [21/Apr/2020:17:17:56 +0800] "GET /nacos/v1/cs/health HTTP/1.1" 200 2 1 Apache-HttpAsyncClient/4.1.3 (Java/1.8.0_45)
127.0.0.1 - - [21/Apr/2020:17:17:59 +0800] "PUT /nacos/v1/ns/instance/beat?beat=%7B%22cluster%22%3A%22DEFAULT%22%2C%22ip%22%3A%22192.168.1.5%22%2C%22metadata%22%3A%7B%22preserved.register.source%22%3A%22SPRING_CLOUD%22%7D%2C%22period%22%3A5000%2C%22port%22%3A8521%2C%22scheduled%22%3Afalse%2C%22serviceName%22%3A%22DEFAULT_GROUP%40%40cloud-sentinel-outfter%22%2C%22stopped%22%3Afalse%2C%22weight%22%3A1.0%7D&serviceName=DEFAULT_GROUP%40%40cloud-sentinel-outfter&encoding=UTF-8&namespaceId=public HTTP/1.1" 200 38 2 Nacos-Java-Client:v1.1.1
127.0.0.1 - - [21/Apr/2020:17:18:00 +0800] "GET /nacos/v1/cs/configs?dataId=cloud-sentinel-outfter-sentinel&group=DEFAULT_GROUP HTTP/1.1" 404 23 0 Java/1.8.0_45
127.0.0.1 - - [21/Apr/2020:17:18:00 +0800] "GET /nacos/v1/cs/configs?dataId=cloud-sentinel-outfter-sentinel&group=DEFAULT_GROUP HTTP/1.1" 404 23 1 Java/1.8.0_45
192.168.1.5 - - [21/Apr/2020:17:18:01 +0800] "GET /nacos/v1/cs/health HTTP/1.1" 200 2 1 Apache-HttpAsyncClient/4.1.3 (Java/1.8.0_45)
127.0.0.1 - - [21/Apr/2020:17:18:04 +0800] "PUT /nacos/v1/ns/instance/beat?beat=%7B%22cluster%22%3A%22DEFAULT%22%2C%22ip%22%3A%22192.168.1.5%22%2C%22metadata%22%3A%7B%22preserved.register.source%22%3A%22SPRING_CLOUD%22%7D%2C%22period%22%3A5000%2C%22port%22%3A8521%2C%22scheduled%22%3Afalse%2C%22serviceName%22%3A%22DEFAULT_GROUP%40%40cloud-sentinel-outfter%22%2C%22stopped%22%3Afalse%2C%22weight%22%3A1.0%7D&serviceName=DEFAULT_GROUP%40%40cloud-sentinel-outfter&encoding=UTF-8&namespaceId=public HTTP/1.1" 200 38 1 Nacos-Java-Client:v1.1.1
192.168.1.5 - - [21/Apr/2020:17:18:06 +0800] "GET /nacos/v1/cs/health HTTP/1.1" 200 2 1 Apache-HttpAsyncClient/4.1.3 (Java/1.8.0_45)
127.0.0.1 - - [21/Apr/2020:17:18:07 +0800] "POST /nacos/v1/cs/configs/listener HTTP/1.1" 200 - 29502 Java/1.8.0_45
127.0.0.1 - - [21/Apr/2020:17:18:08 +0800] "GET /nacos/v1/cs/configs?dataId=cloud-sentinel-outfter-sentinel&group=DEFAULT_GROUP HTTP/1.1" 404 23 2 Java/1.8.0_45
127.0.0.1 - - [21/Apr/2020:17:18:09 +0800] "PUT /nacos/v1/ns/instance/beat?beat=%7B%22cluster%22%3A%22DEFAULT%22%2C%22ip%22%3A%22192.168.1.5%22%2C%22metadata%22%3A%7B%22preserved.register.source%22%3A%22SPRING_CLOUD%22%7D%2C%22period%22%3A5000%2C%22port%22%3A8521%2C%22scheduled%22%3Afalse%2C%22serviceName%22%3A%22DEFAULT_GROUP%40%40cloud-sentinel-outfter%22%2C%22stopped%22%3Afalse%2C%22weight%22%3A1.0%7D&serviceName=DEFAULT_GROUP%40%40cloud-sentinel-outfter&encoding=UTF-8&namespaceId=public HTTP/1.1" 200 38 3 Nacos-Java-Client:v1.1.1
127.0.0.1 - - [21/Apr/2020:17:18:09 +0800] "GET /nacos/v1/cs/configs?dataId=cloud-sentinel-outfter-sentinel&group=DEFAULT_GROUP HTTP/1.1" 404 23 2 Java/1.8.0_45
192.168.1.5 - - [21/Apr/2020:17:18:11 +0800] "GET /nacos/v1/cs/health HTTP/1.1" 200 2 2 Apache-HttpAsyncClient/4.1.3 (Java/1.8.0_45)
127.0.0.1 - - [21/Apr/2020:17:18:14 +0800] "PUT /nacos/v1/ns/instance/beat?beat=%7B%22cluster%22%3A%22DEFAULT%22%2C%22ip%22%3A%22192.168.1.5%22%2C%22metadata%22%3A%7B%22preserved.register.source%22%3A%22SPRING_CLOUD%22%7D%2C%22period%22%3A5000%2C%22port%22%3A8521%2C%22scheduled%22%3Afalse%2C%22serviceName%22%3A%22DEFAULT_GROUP%40%40cloud-sentinel-outfter%22%2C%22stopped%22%3Afalse%2C%22weight%22%3A1.0%7D&serviceName=DEFAULT_GROUP%40%40cloud-sentinel-outfter&encoding=UTF-8&namespaceId=public HTTP/1.1" 200 38 2 Nacos-Java-Client:v1.1.1
192.168.1.5 - - [21/Apr/2020:17:18:16 +0800] "GET /nacos/v1/cs/health HTTP/1.1" 200 2 1 Apache-HttpAsyncClient/4.1.3 (Java/1.8.0_45)
127.0.0.1 - - [21/Apr/2020:17:18:19 +0800] "PUT /nacos/v1/ns/instance/beat?beat=%7B%22cluster%22%3A%22DEFAULT%22%2C%22ip%22%3A%22192.168.1.5%22%2C%22metadata%22%3A%7B%22preserved.register.source%22%3A%22SPRING_CLOUD%22%7D%2C%22period%22%3A5000%2C%22port%22%3A8521%2C%22scheduled%22%3Afalse%2C%22serviceName%22%3A%22DEFAULT_GROUP%40%40cloud-sentinel-outfter%22%2C%22stopped%22%3Afalse%2C%22weight%22%3A1.0%7D&serviceName=DEFAULT_GROUP%40%40cloud-sentinel-outfter&encoding=UTF-8&namespaceId=public HTTP/1.1" 200 38 2 Nacos-Java-Client:v1.1.1
127.0.0.1 - - [21/Apr/2020:17:18:19 +0800] "GET /nacos/v1/cs/configs?dataId=cloud-sentinel-outfter-sentinel&group=DEFAULT_GROUP HTTP/1.1" 404 23 1 Java/1.8.0_45
192.168.1.5 - - [21/Apr/2020:17:18:21 +0800] "GET /nacos/v1/cs/health HTTP/1.1" 200 2 2 Apache-HttpAsyncClient/4.1.3 (Java/1.8.0_45)
127.0.0.1 - - [21/Apr/2020:17:18:21 +0800] "GET /nacos/v1/cs/configs?dataId=cloud-sentinel-outfter-sentinel&group=DEFAULT_GROUP HTTP/1.1" 404 23 1 Java/1.8.0_45
127.0.0.1 - - [21/Apr/2020:17:18:24 +0800] "PUT /nacos/v1/ns/instance/beat?beat=%7B%22cluster%22%3A%22DEFAULT%22%2C%22ip%22%3A%22192.168.1.5%22%2C%22metadata%22%3A%7B%22preserved.register.source%22%3A%22SPRING_CLOUD%22%7D%2C%22period%22%3A5000%2C%22port%22%3A8521%2C%22scheduled%22%3Afalse%2C%22serviceName%22%3A%22DEFAULT_GROUP%40%40cloud-sentinel-outfter%22%2C%22stopped%22%3Afalse%2C%22weight%22%3A1.0%7D&serviceName=DEFAULT_GROUP%40%40cloud-sentinel-outfter&encoding=UTF-8&namespaceId=public HTTP/1.1" 200 38 2 Nacos-Java-Client:v1.1.1
192.168.1.5 - - [21/Apr/2020:17:18:26 +0800] "GET /nacos/v1/cs/health HTTP/1.1" 200 2 1 Apache-HttpAsyncClient/4.1.3 (Java/1.8.0_45)
192.168.1.5 - - [21/Apr/2020:17:18:31 +0800] "GET /nacos/v1/cs/health HTTP/1.1" 200 2 1 Apache-HttpAsyncClient/4.1.3 (Java/1.8.0_45)
0:0:0:0:0:0:0:1 - - [21/Apr/2020:17:18:31 +0800] "GET /nacos/v1/cs/configs?search=accurate&dataId=&group=&appName=&config_tags=&pageNo=1&pageSize=10&tenant=&namespaceId= HTTP/1.1" 200 451 5 Mozilla/5.0 (Windows NT 10.0; Win64; x64) AppleWebKit/537.36 (KHTML, like Gecko) Chrome/80.0.3987.163 Safari/537.36
127.0.0.1 - - [21/Apr/2020:17:18:34 +0800] "GET /nacos/v1/cs/configs?dataId=cloud-sentinel-outfter-sentinel&group=DEFAULT_GROUP HTTP/1.1" 404 23 2 Java/1.8.0_45
127.0.0.1 - - [21/Apr/2020:17:18:34 +0800] "POST /nacos/v1/cs/configs/listener HTTP/1.1" 200 - 1 Java/1.8.0_45
127.0.0.1 - - [21/Apr/2020:17:18:34 +0800] "PUT /nacos/v1/ns/instance/beat?beat=%7B%22cluster%22%3A%22DEFAULT%22%2C%22ip%22%3A%22192.168.1.5%22%2C%22metadata%22%3A%7B%22preserved.register.source%22%3A%22SPRING_CLOUD%22%7D%2C%22period%22%3A5000%2C%22port%22%3A8521%2C%22scheduled%22%3Afalse%2C%22serviceName%22%3A%22DEFAULT_GROUP%40%40cloud-sentinel-outfter%22%2C%22stopped%22%3Afalse%2C%22weight%22%3A1.0%7D&serviceName=DEFAULT_GROUP%40%40cloud-sentinel-outfter&encoding=UTF-8&namespaceId=public HTTP/1.1" 200 38 2 Nacos-Java-Client:v1.1.1
127.0.0.1 - - [21/Apr/2020:17:18:34 +0800] "POST /nacos/v1/ns/instance?groupName=DEFAULT_GROUP&metadata=%7B%22preserved.register.source%22%3A%22SPRING_CLOUD%22%7D&namespaceId=public&port=8521&enable=true&healthy=true&clusterName=DEFAULT&ip=192.168.1.5&weight=1.0&ephemeral=true&serviceName=DEFAULT_GROUP%40%40cloud-sentinel-outfter&encoding=UTF-8 HTTP/1.1" 200 2 3 Nacos-Java-Client:v1.1.1
127.0.0.1 - - [21/Apr/2020:17:18:34 +0800] "GET /nacos/v1/cs/configs?dataId=cloud-sentinel-outfter-sentinel&group=DEFAULT_GROUP HTTP/1.1" 404 23 1 Java/1.8.0_45
127.0.0.1 - - [21/Apr/2020:17:18:34 +0800] "GET /nacos/v1/ns/service/list?pageSize=2147483647&groupName=DEFAULT_GROUP&encoding=UTF-8&namespaceId=public&pageNo=1 HTTP/1.1" 200 56 10 Nacos-Java-Client:v1.1.1
192.168.1.5 - - [21/Apr/2020:17:18:36 +0800] "GET /nacos/v1/cs/health HTTP/1.1" 200 2 2 Apache-HttpAsyncClient/4.1.3 (Java/1.8.0_45)
127.0.0.1 - - [21/Apr/2020:17:18:37 +0800] "POST /nacos/v1/cs/configs/listener HTTP/1.1" 500 - 29502 Java/1.8.0_45
127.0.0.1 - - [21/Apr/2020:17:18:39 +0800] "PUT /nacos/v1/ns/instance/beat?beat=%7B%22cluster%22%3A%22DEFAULT%22%2C%22ip%22%3A%22192.168.1.5%22%2C%22metadata%22%3A%7B%22preserved.register.source%22%3A%22SPRING_CLOUD%22%7D%2C%22period%22%3A5000%2C%22port%22%3A8521%2C%22scheduled%22%3Afalse%2C%22serviceName%22%3A%22DEFAULT_GROUP%40%40cloud-sentinel-outfter%22%2C%22stopped%22%3Afalse%2C%22weight%22%3A1.0%7D&serviceName=DEFAULT_GROUP%40%40cloud-sentinel-outfter&encoding=UTF-8&namespaceId=public HTTP/1.1" 200 38 2 Nacos-Java-Client:v1.1.1
192.168.1.5 - - [21/Apr/2020:17:18:41 +0800] "GET /nacos/v1/cs/health HTTP/1.1" 200 2 2 Apache-HttpAsyncClient/4.1.3 (Java/1.8.0_45)
127.0.0.1 - - [21/Apr/2020:17:18:44 +0800] "PUT /nacos/v1/ns/instance/beat?beat=%7B%22cluster%22%3A%22DEFAULT%22%2C%22ip%22%3A%22192.168.1.5%22%2C%22metadata%22%3A%7B%22preserved.register.source%22%3A%22SPRING_CLOUD%22%7D%2C%22period%22%3A5000%2C%22port%22%3A8521%2C%22scheduled%22%3Afalse%2C%22serviceName%22%3A%22DEFAULT_GROUP%40%40cloud-sentinel-outfter%22%2C%22stopped%22%3Afalse%2C%22weight%22%3A1.0%7D&serviceName=DEFAULT_GROUP%40%40cloud-sentinel-outfter&encoding=UTF-8&namespaceId=public HTTP/1.1" 200 38 3 Nacos-Java-Client:v1.1.1
127.0.0.1 - - [21/Apr/2020:17:18:44 +0800] "GET /nacos/v1/cs/configs?dataId=cloud-sentinel-outfter-sentinel&group=DEFAULT_GROUP HTTP/1.1" 404 23 2 Java/1.8.0_45
192.168.1.5 - - [21/Apr/2020:17:18:46 +0800] "GET /nacos/v1/cs/health HTTP/1.1" 200 2 1 Apache-HttpAsyncClient/4.1.3 (Java/1.8.0_45)
127.0.0.1 - - [21/Apr/2020:17:18:49 +0800] "PUT /nacos/v1/ns/instance/beat?beat=%7B%22cluster%22%3A%22DEFAULT%22%2C%22ip%22%3A%22192.168.1.5%22%2C%22metadata%22%3A%7B%22preserved.register.source%22%3A%22SPRING_CLOUD%22%7D%2C%22period%22%3A5000%2C%22port%22%3A8521%2C%22scheduled%22%3Afalse%2C%22serviceName%22%3A%22DEFAULT_GROUP%40%40cloud-sentinel-outfter%22%2C%22stopped%22%3Afalse%2C%22weight%22%3A1.0%7D&serviceName=DEFAULT_GROUP%40%40cloud-sentinel-outfter&encoding=UTF-8&namespaceId=public HTTP/1.1" 200 38 2 Nacos-Java-Client:v1.1.1
192.168.1.5 - - [21/Apr/2020:17:18:51 +0800] "GET /nacos/v1/cs/health HTTP/1.1" 200 2 1 Apache-HttpAsyncClient/4.1.3 (Java/1.8.0_45)
127.0.0.1 - - [21/Apr/2020:17:18:54 +0800] "PUT /nacos/v1/ns/instance/beat?beat=%7B%22cluster%22%3A%22DEFAULT%22%2C%22ip%22%3A%22192.168.1.5%22%2C%22metadata%22%3A%7B%22preserved.register.source%22%3A%22SPRING_CLOUD%22%7D%2C%22period%22%3A5000%2C%22port%22%3A8521%2C%22scheduled%22%3Afalse%2C%22serviceName%22%3A%22DEFAULT_GROUP%40%40cloud-sentinel-outfter%22%2C%22stopped%22%3Afalse%2C%22weight%22%3A1.0%7D&serviceName=DEFAULT_GROUP%40%40cloud-sentinel-outfter&encoding=UTF-8&namespaceId=public HTTP/1.1" 200 38 2 Nacos-Java-Client:v1.1.1
192.168.1.5 - - [21/Apr/2020:17:18:56 +0800] "GET /nacos/v1/cs/health HTTP/1.1" 200 2 2 Apache-HttpAsyncClient/4.1.3 (Java/1.8.0_45)
127.0.0.1 - - [21/Apr/2020:17:18:58 +0800] "GET /nacos/v1/cs/configs?dataId=cloud-sentinel-outfter-sentinel&group=DEFAULT_GROUP HTTP/1.1" 404 23 2 Java/1.8.0_45
127.0.0.1 - - [21/Apr/2020:17:18:59 +0800] "PUT /nacos/v1/ns/instance/beat?beat=%7B%22cluster%22%3A%22DEFAULT%22%2C%22ip%22%3A%22192.168.1.5%22%2C%22metadata%22%3A%7B%22preserved.register.source%22%3A%22SPRING_CLOUD%22%7D%2C%22period%22%3A5000%2C%22port%22%3A8521%2C%22scheduled%22%3Afalse%2C%22serviceName%22%3A%22DEFAULT_GROUP%40%40cloud-sentinel-outfter%22%2C%22stopped%22%3Afalse%2C%22weight%22%3A1.0%7D&serviceName=DEFAULT_GROUP%40%40cloud-sentinel-outfter&encoding=UTF-8&namespaceId=public HTTP/1.1" 200 38 2 Nacos-Java-Client:v1.1.1
192.168.1.5 - - [21/Apr/2020:17:19:01 +0800] "GET /nacos/v1/cs/health HTTP/1.1" 200 2 2 Apache-HttpAsyncClient/4.1.3 (Java/1.8.0_45)
127.0.0.1 - - [21/Apr/2020:17:19:03 +0800] "POST /nacos/v1/cs/configs/listener HTTP/1.1" 200 - 29503 Java/1.8.0_45
127.0.0.1 - - [21/Apr/2020:17:19:04 +0800] "PUT /nacos/v1/ns/instance/beat?beat=%7B%22cluster%22%3A%22DEFAULT%22%2C%22ip%22%3A%22192.168.1.5%22%2C%22metadata%22%3A%7B%22preserved.register.source%22%3A%22SPRING_CLOUD%22%7D%2C%22period%22%3A5000%2C%22port%22%3A8521%2C%22scheduled%22%3Afalse%2C%22serviceName%22%3A%22DEFAULT_GROUP%40%40cloud-sentinel-outfter%22%2C%22stopped%22%3Afalse%2C%22weight%22%3A1.0%7D&serviceName=DEFAULT_GROUP%40%40cloud-sentinel-outfter&encoding=UTF-8&namespaceId=public HTTP/1.1" 200 38 2 Nacos-Java-Client:v1.1.1
192.168.1.5 - - [21/Apr/2020:17:19:06 +0800] "GET /nacos/v1/cs/health HTTP/1.1" 200 2 1 Apache-HttpAsyncClient/4.1.3 (Java/1.8.0_45)
127.0.0.1 - - [21/Apr/2020:17:19:09 +0800] "PUT /nacos/v1/ns/instance/beat?beat=%7B%22cluster%22%3A%22DEFAULT%22%2C%22ip%22%3A%22192.168.1.5%22%2C%22metadata%22%3A%7B%22preserved.register.source%22%3A%22SPRING_CLOUD%22%7D%2C%22period%22%3A5000%2C%22port%22%3A8521%2C%22scheduled%22%3Afalse%2C%22serviceName%22%3A%22DEFAULT_GROUP%40%40cloud-sentinel-outfter%22%2C%22stopped%22%3Afalse%2C%22weight%22%3A1.0%7D&serviceName=DEFAULT_GROUP%40%40cloud-sentinel-outfter&encoding=UTF-8&namespaceId=public HTTP/1.1" 200 38 2 Nacos-Java-Client:v1.1.1
127.0.0.1 - - [21/Apr/2020:17:19:10 +0800] "POST /nacos/v1/cs/configs HTTP/1.1" 200 14 58 Java/1.8.0_45
192.168.1.5 - - [21/Apr/2020:17:19:10 +0800] "GET /nacos/v1/cs/communication/dataChange?dataId=cloud-sentinel-outfter-sentinel&group=DEFAULT_GROUP HTTP/1.1" 200 14 4 Apache-HttpAsyncClient/4.1.3 (Java/1.8.0_45)
127.0.0.1 - - [21/Apr/2020:17:19:10 +0800] "GET /nacos/v1/cs/configs?dataId=cloud-sentinel-outfter-sentinel&group=DEFAULT_GROUP HTTP/1.1" 404 23 2 Java/1.8.0_45
127.0.0.1 - - [21/Apr/2020:17:19:10 +0800] "POST /nacos/v1/cs/configs/listener HTTP/1.1" 200 52 6829 Java/1.8.0_45
127.0.0.1 - - [21/Apr/2020:17:19:10 +0800] "GET /nacos/v1/cs/configs?dataId=cloud-sentinel-outfter-sentinel&group=DEFAULT_GROUP HTTP/1.1" 200 386 3 Java/1.8.0_45
192.168.1.5 - - [21/Apr/2020:17:19:11 +0800] "GET /nacos/v1/cs/health HTTP/1.1" 200 2 1 Apache-HttpAsyncClient/4.1.3 (Java/1.8.0_45)
127.0.0.1 - - [21/Apr/2020:17:19:12 +0800] "GET /nacos/v1/cs/configs?dataId=cloud-sentinel-outfter-sentinel&group=DEFAULT_GROUP HTTP/1.1" 200 386 2 Java/1.8.0_45
127.0.0.1 - - [21/Apr/2020:17:19:14 +0800] "PUT /nacos/v1/ns/instance/beat?beat=%7B%22cluster%22%3A%22DEFAULT%22%2C%22ip%22%3A%22192.168.1.5%22%2C%22metadata%22%3A%7B%22preserved.register.source%22%3A%22SPRING_CLOUD%22%7D%2C%22period%22%3A5000%2C%22port%22%3A8521%2C%22scheduled%22%3Afalse%2C%22serviceName%22%3A%22DEFAULT_GROUP%40%40cloud-sentinel-outfter%22%2C%22stopped%22%3Afalse%2C%22weight%22%3A1.0%7D&serviceName=DEFAULT_GROUP%40%40cloud-sentinel-outfter&encoding=UTF-8&namespaceId=public HTTP/1.1" 200 38 1 Nacos-Java-Client:v1.1.1
192.168.1.5 - - [21/Apr/2020:17:19:16 +0800] "GET /nacos/v1/cs/health HTTP/1.1" 200 2 1 Apache-HttpAsyncClient/4.1.3 (Java/1.8.0_45)
127.0.0.1 - - [21/Apr/2020:17:19:17 +0800] "GET /nacos/v1/cs/configs?dataId=cloud-sentinel-outfter-sentinel&group=DEFAULT_GROUP HTTP/1.1" 200 386 2 Java/1.8.0_45
127.0.0.1 - - [21/Apr/2020:17:19:18 +0800] "GET /nacos/v1/cs/configs?dataId=cloud-sentinel-outfter-sentinel&group=DEFAULT_GROUP HTTP/1.1" 200 386 11 Java/1.8.0_45
127.0.0.1 - - [21/Apr/2020:17:19:19 +0800] "PUT /nacos/v1/ns/instance/beat?beat=%7B%22cluster%22%3A%22DEFAULT%22%2C%22ip%22%3A%22192.168.1.5%22%2C%22metadata%22%3A%7B%22preserved.register.source%22%3A%22SPRING_CLOUD%22%7D%2C%22period%22%3A5000%2C%22port%22%3A8521%2C%22scheduled%22%3Afalse%2C%22serviceName%22%3A%22DEFAULT_GROUP%40%40cloud-sentinel-outfter%22%2C%22stopped%22%3Afalse%2C%22weight%22%3A1.0%7D&serviceName=DEFAULT_GROUP%40%40cloud-sentinel-outfter&encoding=UTF-8&namespaceId=public HTTP/1.1" 200 38 2 Nacos-Java-Client:v1.1.1
192.168.1.5 - - [21/Apr/2020:17:19:21 +0800] "GET /nacos/v1/cs/health HTTP/1.1" 200 2 2 Apache-HttpAsyncClient/4.1.3 (Java/1.8.0_45)
192.168.1.5 - - [21/Apr/2020:17:19:26 +0800] "GET /nacos/v1/cs/health HTTP/1.1" 200 2 2 Apache-HttpAsyncClient/4.1.3 (Java/1.8.0_45)
127.0.0.1 - - [21/Apr/2020:17:19:27 +0800] "POST /nacos/v1/cs/configs/listener HTTP/1.1" 200 - 1 Java/1.8.0_45
127.0.0.1 - - [21/Apr/2020:17:19:27 +0800] "GET /nacos/v1/cs/configs?dataId=cloud-sentinel-outfter-sentinel&group=DEFAULT_GROUP HTTP/1.1" 200 386 3 Java/1.8.0_45
127.0.0.1 - - [21/Apr/2020:17:19:27 +0800] "PUT /nacos/v1/ns/instance/beat?beat=%7B%22cluster%22%3A%22DEFAULT%22%2C%22ip%22%3A%22192.168.1.5%22%2C%22metadata%22%3A%7B%22preserved.register.source%22%3A%22SPRING_CLOUD%22%7D%2C%22period%22%3A5000%2C%22port%22%3A8521%2C%22scheduled%22%3Afalse%2C%22serviceName%22%3A%22DEFAULT_GROUP%40%40cloud-sentinel-outfter%22%2C%22stopped%22%3Afalse%2C%22weight%22%3A1.0%7D&serviceName=DEFAULT_GROUP%40%40cloud-sentinel-outfter&encoding=UTF-8&namespaceId=public HTTP/1.1" 200 38 2 Nacos-Java-Client:v1.1.1
127.0.0.1 - - [21/Apr/2020:17:19:27 +0800] "POST /nacos/v1/ns/instance?groupName=DEFAULT_GROUP&metadata=%7B%22preserved.register.source%22%3A%22SPRING_CLOUD%22%7D&namespaceId=public&port=8521&enable=true&healthy=true&clusterName=DEFAULT&ip=192.168.1.5&weight=1.0&ephemeral=true&serviceName=DEFAULT_GROUP%40%40cloud-sentinel-outfter&encoding=UTF-8 HTTP/1.1" 200 2 4 Nacos-Java-Client:v1.1.1
0:0:0:0:0:0:0:1 - - [21/Apr/2020:17:19:27 +0800] "GET /nacos/ HTTP/1.1" 304 - 3 Mozilla/5.0 (Windows NT 10.0; Win64; x64) AppleWebKit/537.36 (KHTML, like Gecko) Chrome/80.0.3987.163 Safari/537.36
0:0:0:0:0:0:0:1 - - [21/Apr/2020:17:19:27 +0800] "GET /nacos/v1/console/namespaces?namespaceId= HTTP/1.1" 200 130 4 Mozilla/5.0 (Windows NT 10.0; Win64; x64) AppleWebKit/537.36 (KHTML, like Gecko) Chrome/80.0.3987.163 Safari/537.36
0:0:0:0:0:0:0:1 - - [21/Apr/2020:17:19:28 +0800] "GET /nacos/v1/console/server/state HTTP/1.1" 200 82 2 Mozilla/5.0 (Windows NT 10.0; Win64; x64) AppleWebKit/537.36 (KHTML, like Gecko) Chrome/80.0.3987.163 Safari/537.36
0:0:0:0:0:0:0:1 - - [21/Apr/2020:17:19:28 +0800] "GET /nacos/v1/cs/configs?search=accurate&dataId=&group=&appName=&config_tags=&pageNo=1&pageSize=10&tenant=&namespaceId= HTTP/1.1" 200 996 6 Mozilla/5.0 (Windows NT 10.0; Win64; x64) AppleWebKit/537.36 (KHTML, like Gecko) Chrome/80.0.3987.163 Safari/537.36
127.0.0.1 - - [21/Apr/2020:17:19:28 +0800] "GET /nacos/v1/cs/configs?dataId=cloud-sentinel-outfter-sentinel&group=DEFAULT_GROUP HTTP/1.1" 200 386 2 Java/1.8.0_45
127.0.0.1 - - [21/Apr/2020:17:19:28 +0800] "GET /nacos/v1/ns/service/list?pageSize=2147483647&groupName=DEFAULT_GROUP&encoding=UTF-8&namespaceId=public&pageNo=1 HTTP/1.1" 200 56 3 Nacos-Java-Client:v1.1.1
0:0:0:0:0:0:0:1 - - [21/Apr/2020:17:19:28 +0800] "GET /nacos/console-fe/public/img/favicon.ico HTTP/1.1" 200 4286 3 Mozilla/5.0 (Windows NT 10.0; Win64; x64) AppleWebKit/537.36 (KHTML, like Gecko) Chrome/80.0.3987.163 Safari/537.36
192.168.1.5 - - [21/Apr/2020:17:19:31 +0800] "GET /nacos/v1/cs/health HTTP/1.1" 200 2 1 Apache-HttpAsyncClient/4.1.3 (Java/1.8.0_45)
127.0.0.1 - - [21/Apr/2020:17:19:32 +0800] "PUT /nacos/v1/ns/instance/beat?beat=%7B%22cluster%22%3A%22DEFAULT%22%2C%22ip%22%3A%22192.168.1.5%22%2C%22metadata%22%3A%7B%22preserved.register.source%22%3A%22SPRING_CLOUD%22%7D%2C%22period%22%3A5000%2C%22port%22%3A8521%2C%22scheduled%22%3Afalse%2C%22serviceName%22%3A%22DEFAULT_GROUP%40%40cloud-sentinel-outfter%22%2C%22stopped%22%3Afalse%2C%22weight%22%3A1.0%7D&serviceName=DEFAULT_GROUP%40%40cloud-sentinel-outfter&encoding=UTF-8&namespaceId=public HTTP/1.1" 200 38 2 Nacos-Java-Client:v1.1.1
192.168.1.5 - - [21/Apr/2020:17:19:36 +0800] "GET /nacos/v1/cs/health HTTP/1.1" 200 2 1 Apache-HttpAsyncClient/4.1.3 (Java/1.8.0_45)
127.0.0.1 - - [21/Apr/2020:17:19:37 +0800] "PUT /nacos/v1/ns/instance/beat?beat=%7B%22cluster%22%3A%22DEFAULT%22%2C%22ip%22%3A%22192.168.1.5%22%2C%22metadata%22%3A%7B%22preserved.register.source%22%3A%22SPRING_CLOUD%22%7D%2C%22period%22%3A5000%2C%22port%22%3A8521%2C%22scheduled%22%3Afalse%2C%22serviceName%22%3A%22DEFAULT_GROUP%40%40cloud-sentinel-outfter%22%2C%22stopped%22%3Afalse%2C%22weight%22%3A1.0%7D&serviceName=DEFAULT_GROUP%40%40cloud-sentinel-outfter&encoding=UTF-8&namespaceId=public HTTP/1.1" 200 38 1 Nacos-Java-Client:v1.1.1
127.0.0.1 - - [21/Apr/2020:17:19:40 +0800] "POST /nacos/v1/cs/configs/listener HTTP/1.1" 500 - 29502 Java/1.8.0_45
192.168.1.5 - - [21/Apr/2020:17:19:41 +0800] "GET /nacos/v1/cs/health HTTP/1.1" 200 2 1 Apache-HttpAsyncClient/4.1.3 (Java/1.8.0_45)
127.0.0.1 - - [21/Apr/2020:17:19:42 +0800] "PUT /nacos/v1/ns/instance/beat?beat=%7B%22cluster%22%3A%22DEFAULT%22%2C%22ip%22%3A%22192.168.1.5%22%2C%22metadata%22%3A%7B%22preserved.register.source%22%3A%22SPRING_CLOUD%22%7D%2C%22period%22%3A5000%2C%22port%22%3A8521%2C%22scheduled%22%3Afalse%2C%22serviceName%22%3A%22DEFAULT_GROUP%40%40cloud-sentinel-outfter%22%2C%22stopped%22%3Afalse%2C%22weight%22%3A1.0%7D&serviceName=DEFAULT_GROUP%40%40cloud-sentinel-outfter&encoding=UTF-8&namespaceId=public HTTP/1.1" 200 38 2 Nacos-Java-Client:v1.1.1
192.168.1.5 - - [21/Apr/2020:17:19:46 +0800] "GET /nacos/v1/cs/health HTTP/1.1" 200 2 1 Apache-HttpAsyncClient/4.1.3 (Java/1.8.0_45)
127.0.0.1 - - [21/Apr/2020:17:19:47 +0800] "PUT /nacos/v1/ns/instance/beat?beat=%7B%22cluster%22%3A%22DEFAULT%22%2C%22ip%22%3A%22192.168.1.5%22%2C%22metadata%22%3A%7B%22preserved.register.source%22%3A%22SPRING_CLOUD%22%7D%2C%22period%22%3A5000%2C%22port%22%3A8521%2C%22scheduled%22%3Afalse%2C%22serviceName%22%3A%22DEFAULT_GROUP%40%40cloud-sentinel-outfter%22%2C%22stopped%22%3Afalse%2C%22weight%22%3A1.0%7D&serviceName=DEFAULT_GROUP%40%40cloud-sentinel-outfter&encoding=UTF-8&namespaceId=public HTTP/1.1" 200 38 1 Nacos-Java-Client:v1.1.1
192.168.1.5 - - [21/Apr/2020:17:19:51 +0800] "GET /nacos/v1/cs/health HTTP/1.1" 200 2 2 Apache-HttpAsyncClient/4.1.3 (Java/1.8.0_45)
127.0.0.1 - - [21/Apr/2020:17:19:52 +0800] "PUT /nacos/v1/ns/instance/beat?beat=%7B%22cluster%22%3A%22DEFAULT%22%2C%22ip%22%3A%22192.168.1.5%22%2C%22metadata%22%3A%7B%22preserved.register.source%22%3A%22SPRING_CLOUD%22%7D%2C%22period%22%3A5000%2C%22port%22%3A8521%2C%22scheduled%22%3Afalse%2C%22serviceName%22%3A%22DEFAULT_GROUP%40%40cloud-sentinel-outfter%22%2C%22stopped%22%3Afalse%2C%22weight%22%3A1.0%7D&serviceName=DEFAULT_GROUP%40%40cloud-sentinel-outfter&encoding=UTF-8&namespaceId=public HTTP/1.1" 200 38 1 Nacos-Java-Client:v1.1.1
192.168.1.5 - - [21/Apr/2020:17:19:56 +0800] "GET /nacos/v1/cs/health HTTP/1.1" 200 2 1 Apache-HttpAsyncClient/4.1.3 (Java/1.8.0_45)
127.0.0.1 - - [21/Apr/2020:17:19:56 +0800] "POST /nacos/v1/cs/configs/listener HTTP/1.1" 200 - 29503 Java/1.8.0_45
127.0.0.1 - - [21/Apr/2020:17:19:57 +0800] "PUT /nacos/v1/ns/instance/beat?beat=%7B%22cluster%22%3A%22DEFAULT%22%2C%22ip%22%3A%22192.168.1.5%22%2C%22metadata%22%3A%7B%22preserved.register.source%22%3A%22SPRING_CLOUD%22%7D%2C%22period%22%3A5000%2C%22port%22%3A8521%2C%22scheduled%22%3Afalse%2C%22serviceName%22%3A%22DEFAULT_GROUP%40%40cloud-sentinel-outfter%22%2C%22stopped%22%3Afalse%2C%22weight%22%3A1.0%7D&serviceName=DEFAULT_GROUP%40%40cloud-sentinel-outfter&encoding=UTF-8&namespaceId=public HTTP/1.1" 200 38 1 Nacos-Java-Client:v1.1.1
192.168.1.5 - - [21/Apr/2020:17:20:01 +0800] "GET /nacos/v1/cs/health HTTP/1.1" 200 2 1 Apache-HttpAsyncClient/4.1.3 (Java/1.8.0_45)
127.0.0.1 - - [21/Apr/2020:17:20:02 +0800] "PUT /nacos/v1/ns/instance/beat?beat=%7B%22cluster%22%3A%22DEFAULT%22%2C%22ip%22%3A%22192.168.1.5%22%2C%22metadata%22%3A%7B%22preserved.register.source%22%3A%22SPRING_CLOUD%22%7D%2C%22period%22%3A5000%2C%22port%22%3A8521%2C%22scheduled%22%3Afalse%2C%22serviceName%22%3A%22DEFAULT_GROUP%40%40cloud-sentinel-outfter%22%2C%22stopped%22%3Afalse%2C%22weight%22%3A1.0%7D&serviceName=DEFAULT_GROUP%40%40cloud-sentinel-outfter&encoding=UTF-8&namespaceId=public HTTP/1.1" 200 38 2 Nacos-Java-Client:v1.1.1
192.168.1.5 - - [21/Apr/2020:17:20:06 +0800] "GET /nacos/v1/cs/health HTTP/1.1" 200 2 2 Apache-HttpAsyncClient/4.1.3 (Java/1.8.0_45)
127.0.0.1 - - [21/Apr/2020:17:20:07 +0800] "PUT /nacos/v1/ns/instance/beat?beat=%7B%22cluster%22%3A%22DEFAULT%22%2C%22ip%22%3A%22192.168.1.5%22%2C%22metadata%22%3A%7B%22preserved.register.source%22%3A%22SPRING_CLOUD%22%7D%2C%22period%22%3A5000%2C%22port%22%3A8521%2C%22scheduled%22%3Afalse%2C%22serviceName%22%3A%22DEFAULT_GROUP%40%40cloud-sentinel-outfter%22%2C%22stopped%22%3Afalse%2C%22weight%22%3A1.0%7D&serviceName=DEFAULT_GROUP%40%40cloud-sentinel-outfter&encoding=UTF-8&namespaceId=public HTTP/1.1" 200 38 1 Nacos-Java-Client:v1.1.1
