127.0.0.1 - - [18/Apr/2020:20:35:11 +0800] "PUT /nacos/v1/ns/instance/beat?beat=%7B%22cluster%22%3A%22DEFAULT%22%2C%22ip%22%3A%22192.168.1.5%22%2C%22metadata%22%3A%7B%22preserved.register.source%22%3A%22SPRING_CLOUD%22%7D%2C%22period%22%3A5000%2C%22port%22%3A8521%2C%22scheduled%22%3Afalse%2C%22serviceName%22%3A%22DEFAULT_GROUP%40%40cloud-sentinel-outfter%22%2C%22stopped%22%3Afalse%2C%22weight%22%3A1.0%7D&serviceName=DEFAULT_GROUP%40%40cloud-sentinel-outfter&encoding=UTF-8&namespaceId=public HTTP/1.1" 200 38 1 Nacos-Java-Client:v1.1.1
127.0.0.1 - - [18/Apr/2020:20:35:11 +0800] "POST /nacos/v1/cs/configs/listener HTTP/1.1" 200 - 29509 Java/1.8.0_45
192.168.1.5 - - [18/Apr/2020:20:35:13 +0800] "GET /nacos/v1/cs/health HTTP/1.1" 200 2 1 Apache-HttpAsyncClient/4.1.3 (Java/1.8.0_45)
127.0.0.1 - - [18/Apr/2020:20:35:16 +0800] "PUT /nacos/v1/ns/instance/beat?beat=%7B%22cluster%22%3A%22DEFAULT%22%2C%22ip%22%3A%22192.168.1.5%22%2C%22metadata%22%3A%7B%22preserved.register.source%22%3A%22SPRING_CLOUD%22%7D%2C%22period%22%3A5000%2C%22port%22%3A8521%2C%22scheduled%22%3Afalse%2C%22serviceName%22%3A%22DEFAULT_GROUP%40%40cloud-sentinel-outfter%22%2C%22stopped%22%3Afalse%2C%22weight%22%3A1.0%7D&serviceName=DEFAULT_GROUP%40%40cloud-sentinel-outfter&encoding=UTF-8&namespaceId=public HTTP/1.1" 200 38 2 Nacos-Java-Client:v1.1.1
192.168.1.5 - - [18/Apr/2020:20:35:18 +0800] "GET /nacos/v1/cs/health HTTP/1.1" 200 2 1 Apache-HttpAsyncClient/4.1.3 (Java/1.8.0_45)
127.0.0.1 - - [18/Apr/2020:20:35:21 +0800] "PUT /nacos/v1/ns/instance/beat?beat=%7B%22cluster%22%3A%22DEFAULT%22%2C%22ip%22%3A%22192.168.1.5%22%2C%22metadata%22%3A%7B%22preserved.register.source%22%3A%22SPRING_CLOUD%22%7D%2C%22period%22%3A5000%2C%22port%22%3A8521%2C%22scheduled%22%3Afalse%2C%22serviceName%22%3A%22DEFAULT_GROUP%40%40cloud-sentinel-outfter%22%2C%22stopped%22%3Afalse%2C%22weight%22%3A1.0%7D&serviceName=DEFAULT_GROUP%40%40cloud-sentinel-outfter&encoding=UTF-8&namespaceId=public HTTP/1.1" 200 38 3 Nacos-Java-Client:v1.1.1
192.168.1.5 - - [18/Apr/2020:20:35:23 +0800] "GET /nacos/v1/cs/health HTTP/1.1" 200 2 9 Apache-HttpAsyncClient/4.1.3 (Java/1.8.0_45)
127.0.0.1 - - [18/Apr/2020:20:35:26 +0800] "PUT /nacos/v1/ns/instance/beat?beat=%7B%22cluster%22%3A%22DEFAULT%22%2C%22ip%22%3A%22192.168.1.5%22%2C%22metadata%22%3A%7B%22preserved.register.source%22%3A%22SPRING_CLOUD%22%7D%2C%22period%22%3A5000%2C%22port%22%3A8521%2C%22scheduled%22%3Afalse%2C%22serviceName%22%3A%22DEFAULT_GROUP%40%40cloud-sentinel-outfter%22%2C%22stopped%22%3Afalse%2C%22weight%22%3A1.0%7D&serviceName=DEFAULT_GROUP%40%40cloud-sentinel-outfter&encoding=UTF-8&namespaceId=public HTTP/1.1" 200 38 3 Nacos-Java-Client:v1.1.1
192.168.1.5 - - [18/Apr/2020:20:35:28 +0800] "GET /nacos/v1/cs/health HTTP/1.1" 200 2 2 Apache-HttpAsyncClient/4.1.3 (Java/1.8.0_45)
127.0.0.1 - - [18/Apr/2020:20:35:31 +0800] "PUT /nacos/v1/ns/instance/beat?beat=%7B%22cluster%22%3A%22DEFAULT%22%2C%22ip%22%3A%22192.168.1.5%22%2C%22metadata%22%3A%7B%22preserved.register.source%22%3A%22SPRING_CLOUD%22%7D%2C%22period%22%3A5000%2C%22port%22%3A8521%2C%22scheduled%22%3Afalse%2C%22serviceName%22%3A%22DEFAULT_GROUP%40%40cloud-sentinel-outfter%22%2C%22stopped%22%3Afalse%2C%22weight%22%3A1.0%7D&serviceName=DEFAULT_GROUP%40%40cloud-sentinel-outfter&encoding=UTF-8&namespaceId=public HTTP/1.1" 200 38 4 Nacos-Java-Client:v1.1.1
192.168.1.5 - - [18/Apr/2020:20:35:33 +0800] "GET /nacos/v1/cs/health HTTP/1.1" 200 2 0 Apache-HttpAsyncClient/4.1.3 (Java/1.8.0_45)
127.0.0.1 - - [18/Apr/2020:20:35:36 +0800] "PUT /nacos/v1/ns/instance/beat?beat=%7B%22cluster%22%3A%22DEFAULT%22%2C%22ip%22%3A%22192.168.1.5%22%2C%22metadata%22%3A%7B%22preserved.register.source%22%3A%22SPRING_CLOUD%22%7D%2C%22period%22%3A5000%2C%22port%22%3A8521%2C%22scheduled%22%3Afalse%2C%22serviceName%22%3A%22DEFAULT_GROUP%40%40cloud-sentinel-outfter%22%2C%22stopped%22%3Afalse%2C%22weight%22%3A1.0%7D&serviceName=DEFAULT_GROUP%40%40cloud-sentinel-outfter&encoding=UTF-8&namespaceId=public HTTP/1.1" 200 38 5 Nacos-Java-Client:v1.1.1
192.168.1.5 - - [18/Apr/2020:20:35:38 +0800] "GET /nacos/v1/cs/health HTTP/1.1" 200 2 9 Apache-HttpAsyncClient/4.1.3 (Java/1.8.0_45)
127.0.0.1 - - [18/Apr/2020:20:35:41 +0800] "POST /nacos/v1/cs/configs/listener HTTP/1.1" 200 - 29504 Java/1.8.0_45
127.0.0.1 - - [18/Apr/2020:20:35:41 +0800] "PUT /nacos/v1/ns/instance/beat?beat=%7B%22cluster%22%3A%22DEFAULT%22%2C%22ip%22%3A%22192.168.1.5%22%2C%22metadata%22%3A%7B%22preserved.register.source%22%3A%22SPRING_CLOUD%22%7D%2C%22period%22%3A5000%2C%22port%22%3A8521%2C%22scheduled%22%3Afalse%2C%22serviceName%22%3A%22DEFAULT_GROUP%40%40cloud-sentinel-outfter%22%2C%22stopped%22%3Afalse%2C%22weight%22%3A1.0%7D&serviceName=DEFAULT_GROUP%40%40cloud-sentinel-outfter&encoding=UTF-8&namespaceId=public HTTP/1.1" 200 38 1 Nacos-Java-Client:v1.1.1
192.168.1.5 - - [18/Apr/2020:20:35:43 +0800] "GET /nacos/v1/cs/health HTTP/1.1" 200 2 3 Apache-HttpAsyncClient/4.1.3 (Java/1.8.0_45)
127.0.0.1 - - [18/Apr/2020:20:35:46 +0800] "PUT /nacos/v1/ns/instance/beat?beat=%7B%22cluster%22%3A%22DEFAULT%22%2C%22ip%22%3A%22192.168.1.5%22%2C%22metadata%22%3A%7B%22preserved.register.source%22%3A%22SPRING_CLOUD%22%7D%2C%22period%22%3A5000%2C%22port%22%3A8521%2C%22scheduled%22%3Afalse%2C%22serviceName%22%3A%22DEFAULT_GROUP%40%40cloud-sentinel-outfter%22%2C%22stopped%22%3Afalse%2C%22weight%22%3A1.0%7D&serviceName=DEFAULT_GROUP%40%40cloud-sentinel-outfter&encoding=UTF-8&namespaceId=public HTTP/1.1" 200 38 9 Nacos-Java-Client:v1.1.1
192.168.1.5 - - [18/Apr/2020:20:35:48 +0800] "GET /nacos/v1/cs/health HTTP/1.1" 200 2 1 Apache-HttpAsyncClient/4.1.3 (Java/1.8.0_45)
127.0.0.1 - - [18/Apr/2020:20:35:51 +0800] "PUT /nacos/v1/ns/instance/beat?beat=%7B%22cluster%22%3A%22DEFAULT%22%2C%22ip%22%3A%22192.168.1.5%22%2C%22metadata%22%3A%7B%22preserved.register.source%22%3A%22SPRING_CLOUD%22%7D%2C%22period%22%3A5000%2C%22port%22%3A8521%2C%22scheduled%22%3Afalse%2C%22serviceName%22%3A%22DEFAULT_GROUP%40%40cloud-sentinel-outfter%22%2C%22stopped%22%3Afalse%2C%22weight%22%3A1.0%7D&serviceName=DEFAULT_GROUP%40%40cloud-sentinel-outfter&encoding=UTF-8&namespaceId=public HTTP/1.1" 200 38 1 Nacos-Java-Client:v1.1.1
192.168.1.5 - - [18/Apr/2020:20:35:53 +0800] "GET /nacos/v1/cs/health HTTP/1.1" 200 2 1 Apache-HttpAsyncClient/4.1.3 (Java/1.8.0_45)
127.0.0.1 - - [18/Apr/2020:20:35:56 +0800] "PUT /nacos/v1/ns/instance/beat?beat=%7B%22cluster%22%3A%22DEFAULT%22%2C%22ip%22%3A%22192.168.1.5%22%2C%22metadata%22%3A%7B%22preserved.register.source%22%3A%22SPRING_CLOUD%22%7D%2C%22period%22%3A5000%2C%22port%22%3A8521%2C%22scheduled%22%3Afalse%2C%22serviceName%22%3A%22DEFAULT_GROUP%40%40cloud-sentinel-outfter%22%2C%22stopped%22%3Afalse%2C%22weight%22%3A1.0%7D&serviceName=DEFAULT_GROUP%40%40cloud-sentinel-outfter&encoding=UTF-8&namespaceId=public HTTP/1.1" 200 38 2 Nacos-Java-Client:v1.1.1
192.168.1.5 - - [18/Apr/2020:20:35:58 +0800] "GET /nacos/v1/cs/health HTTP/1.1" 200 2 1 Apache-HttpAsyncClient/4.1.3 (Java/1.8.0_45)
127.0.0.1 - - [18/Apr/2020:20:36:01 +0800] "PUT /nacos/v1/ns/instance/beat?beat=%7B%22cluster%22%3A%22DEFAULT%22%2C%22ip%22%3A%22192.168.1.5%22%2C%22metadata%22%3A%7B%22preserved.register.source%22%3A%22SPRING_CLOUD%22%7D%2C%22period%22%3A5000%2C%22port%22%3A8521%2C%22scheduled%22%3Afalse%2C%22serviceName%22%3A%22DEFAULT_GROUP%40%40cloud-sentinel-outfter%22%2C%22stopped%22%3Afalse%2C%22weight%22%3A1.0%7D&serviceName=DEFAULT_GROUP%40%40cloud-sentinel-outfter&encoding=UTF-8&namespaceId=public HTTP/1.1" 200 38 2 Nacos-Java-Client:v1.1.1
192.168.1.5 - - [18/Apr/2020:20:36:03 +0800] "GET /nacos/v1/cs/health HTTP/1.1" 200 2 1 Apache-HttpAsyncClient/4.1.3 (Java/1.8.0_45)
127.0.0.1 - - [18/Apr/2020:20:36:06 +0800] "PUT /nacos/v1/ns/instance/beat?beat=%7B%22cluster%22%3A%22DEFAULT%22%2C%22ip%22%3A%22192.168.1.5%22%2C%22metadata%22%3A%7B%22preserved.register.source%22%3A%22SPRING_CLOUD%22%7D%2C%22period%22%3A5000%2C%22port%22%3A8521%2C%22scheduled%22%3Afalse%2C%22serviceName%22%3A%22DEFAULT_GROUP%40%40cloud-sentinel-outfter%22%2C%22stopped%22%3Afalse%2C%22weight%22%3A1.0%7D&serviceName=DEFAULT_GROUP%40%40cloud-sentinel-outfter&encoding=UTF-8&namespaceId=public HTTP/1.1" 200 38 3 Nacos-Java-Client:v1.1.1
192.168.1.5 - - [18/Apr/2020:20:36:08 +0800] "GET /nacos/v1/cs/health HTTP/1.1" 200 2 1 Apache-HttpAsyncClient/4.1.3 (Java/1.8.0_45)
127.0.0.1 - - [18/Apr/2020:20:36:10 +0800] "POST /nacos/v1/cs/configs/listener HTTP/1.1" 200 - 29502 Java/1.8.0_45
127.0.0.1 - - [18/Apr/2020:20:36:11 +0800] "PUT /nacos/v1/ns/instance/beat?beat=%7B%22cluster%22%3A%22DEFAULT%22%2C%22ip%22%3A%22192.168.1.5%22%2C%22metadata%22%3A%7B%22preserved.register.source%22%3A%22SPRING_CLOUD%22%7D%2C%22period%22%3A5000%2C%22port%22%3A8521%2C%22scheduled%22%3Afalse%2C%22serviceName%22%3A%22DEFAULT_GROUP%40%40cloud-sentinel-outfter%22%2C%22stopped%22%3Afalse%2C%22weight%22%3A1.0%7D&serviceName=DEFAULT_GROUP%40%40cloud-sentinel-outfter&encoding=UTF-8&namespaceId=public HTTP/1.1" 200 38 9 Nacos-Java-Client:v1.1.1
192.168.1.5 - - [18/Apr/2020:20:36:13 +0800] "GET /nacos/v1/cs/health HTTP/1.1" 200 2 1 Apache-HttpAsyncClient/4.1.3 (Java/1.8.0_45)
127.0.0.1 - - [18/Apr/2020:20:36:16 +0800] "PUT /nacos/v1/ns/instance/beat?beat=%7B%22cluster%22%3A%22DEFAULT%22%2C%22ip%22%3A%22192.168.1.5%22%2C%22metadata%22%3A%7B%22preserved.register.source%22%3A%22SPRING_CLOUD%22%7D%2C%22period%22%3A5000%2C%22port%22%3A8521%2C%22scheduled%22%3Afalse%2C%22serviceName%22%3A%22DEFAULT_GROUP%40%40cloud-sentinel-outfter%22%2C%22stopped%22%3Afalse%2C%22weight%22%3A1.0%7D&serviceName=DEFAULT_GROUP%40%40cloud-sentinel-outfter&encoding=UTF-8&namespaceId=public HTTP/1.1" 200 38 9 Nacos-Java-Client:v1.1.1
192.168.1.5 - - [18/Apr/2020:20:36:18 +0800] "GET /nacos/v1/cs/health HTTP/1.1" 200 2 1 Apache-HttpAsyncClient/4.1.3 (Java/1.8.0_45)
127.0.0.1 - - [18/Apr/2020:20:36:21 +0800] "PUT /nacos/v1/ns/instance/beat?beat=%7B%22cluster%22%3A%22DEFAULT%22%2C%22ip%22%3A%22192.168.1.5%22%2C%22metadata%22%3A%7B%22preserved.register.source%22%3A%22SPRING_CLOUD%22%7D%2C%22period%22%3A5000%2C%22port%22%3A8521%2C%22scheduled%22%3Afalse%2C%22serviceName%22%3A%22DEFAULT_GROUP%40%40cloud-sentinel-outfter%22%2C%22stopped%22%3Afalse%2C%22weight%22%3A1.0%7D&serviceName=DEFAULT_GROUP%40%40cloud-sentinel-outfter&encoding=UTF-8&namespaceId=public HTTP/1.1" 200 38 1 Nacos-Java-Client:v1.1.1
192.168.1.5 - - [18/Apr/2020:20:36:23 +0800] "GET /nacos/v1/cs/health HTTP/1.1" 200 2 1 Apache-HttpAsyncClient/4.1.3 (Java/1.8.0_45)
127.0.0.1 - - [18/Apr/2020:20:36:26 +0800] "PUT /nacos/v1/ns/instance/beat?beat=%7B%22cluster%22%3A%22DEFAULT%22%2C%22ip%22%3A%22192.168.1.5%22%2C%22metadata%22%3A%7B%22preserved.register.source%22%3A%22SPRING_CLOUD%22%7D%2C%22period%22%3A5000%2C%22port%22%3A8521%2C%22scheduled%22%3Afalse%2C%22serviceName%22%3A%22DEFAULT_GROUP%40%40cloud-sentinel-outfter%22%2C%22stopped%22%3Afalse%2C%22weight%22%3A1.0%7D&serviceName=DEFAULT_GROUP%40%40cloud-sentinel-outfter&encoding=UTF-8&namespaceId=public HTTP/1.1" 200 38 2 Nacos-Java-Client:v1.1.1
192.168.1.5 - - [18/Apr/2020:20:36:28 +0800] "GET /nacos/v1/cs/health HTTP/1.1" 200 2 1 Apache-HttpAsyncClient/4.1.3 (Java/1.8.0_45)
127.0.0.1 - - [18/Apr/2020:20:36:31 +0800] "PUT /nacos/v1/ns/instance/beat?beat=%7B%22cluster%22%3A%22DEFAULT%22%2C%22ip%22%3A%22192.168.1.5%22%2C%22metadata%22%3A%7B%22preserved.register.source%22%3A%22SPRING_CLOUD%22%7D%2C%22period%22%3A5000%2C%22port%22%3A8521%2C%22scheduled%22%3Afalse%2C%22serviceName%22%3A%22DEFAULT_GROUP%40%40cloud-sentinel-outfter%22%2C%22stopped%22%3Afalse%2C%22weight%22%3A1.0%7D&serviceName=DEFAULT_GROUP%40%40cloud-sentinel-outfter&encoding=UTF-8&namespaceId=public HTTP/1.1" 200 38 9 Nacos-Java-Client:v1.1.1
192.168.1.5 - - [18/Apr/2020:20:36:33 +0800] "GET /nacos/v1/cs/health HTTP/1.1" 200 2 1 Apache-HttpAsyncClient/4.1.3 (Java/1.8.0_45)
127.0.0.1 - - [18/Apr/2020:20:36:36 +0800] "PUT /nacos/v1/ns/instance/beat?beat=%7B%22cluster%22%3A%22DEFAULT%22%2C%22ip%22%3A%22192.168.1.5%22%2C%22metadata%22%3A%7B%22preserved.register.source%22%3A%22SPRING_CLOUD%22%7D%2C%22period%22%3A5000%2C%22port%22%3A8521%2C%22scheduled%22%3Afalse%2C%22serviceName%22%3A%22DEFAULT_GROUP%40%40cloud-sentinel-outfter%22%2C%22stopped%22%3Afalse%2C%22weight%22%3A1.0%7D&serviceName=DEFAULT_GROUP%40%40cloud-sentinel-outfter&encoding=UTF-8&namespaceId=public HTTP/1.1" 200 38 2 Nacos-Java-Client:v1.1.1
192.168.1.5 - - [18/Apr/2020:20:36:38 +0800] "GET /nacos/v1/cs/health HTTP/1.1" 200 2 1 Apache-HttpAsyncClient/4.1.3 (Java/1.8.0_45)
127.0.0.1 - - [18/Apr/2020:20:36:40 +0800] "POST /nacos/v1/cs/configs/listener HTTP/1.1" 200 - 29504 Java/1.8.0_45
127.0.0.1 - - [18/Apr/2020:20:36:41 +0800] "PUT /nacos/v1/ns/instance/beat?beat=%7B%22cluster%22%3A%22DEFAULT%22%2C%22ip%22%3A%22192.168.1.5%22%2C%22metadata%22%3A%7B%22preserved.register.source%22%3A%22SPRING_CLOUD%22%7D%2C%22period%22%3A5000%2C%22port%22%3A8521%2C%22scheduled%22%3Afalse%2C%22serviceName%22%3A%22DEFAULT_GROUP%40%40cloud-sentinel-outfter%22%2C%22stopped%22%3Afalse%2C%22weight%22%3A1.0%7D&serviceName=DEFAULT_GROUP%40%40cloud-sentinel-outfter&encoding=UTF-8&namespaceId=public HTTP/1.1" 200 38 3 Nacos-Java-Client:v1.1.1
192.168.1.5 - - [18/Apr/2020:20:36:43 +0800] "GET /nacos/v1/cs/health HTTP/1.1" 200 2 1 Apache-HttpAsyncClient/4.1.3 (Java/1.8.0_45)
127.0.0.1 - - [18/Apr/2020:20:36:46 +0800] "PUT /nacos/v1/ns/instance/beat?beat=%7B%22cluster%22%3A%22DEFAULT%22%2C%22ip%22%3A%22192.168.1.5%22%2C%22metadata%22%3A%7B%22preserved.register.source%22%3A%22SPRING_CLOUD%22%7D%2C%22period%22%3A5000%2C%22port%22%3A8521%2C%22scheduled%22%3Afalse%2C%22serviceName%22%3A%22DEFAULT_GROUP%40%40cloud-sentinel-outfter%22%2C%22stopped%22%3Afalse%2C%22weight%22%3A1.0%7D&serviceName=DEFAULT_GROUP%40%40cloud-sentinel-outfter&encoding=UTF-8&namespaceId=public HTTP/1.1" 200 38 9 Nacos-Java-Client:v1.1.1
192.168.1.5 - - [18/Apr/2020:20:36:48 +0800] "GET /nacos/v1/cs/health HTTP/1.1" 200 2 2 Apache-HttpAsyncClient/4.1.3 (Java/1.8.0_45)
127.0.0.1 - - [18/Apr/2020:20:36:51 +0800] "PUT /nacos/v1/ns/instance/beat?beat=%7B%22cluster%22%3A%22DEFAULT%22%2C%22ip%22%3A%22192.168.1.5%22%2C%22metadata%22%3A%7B%22preserved.register.source%22%3A%22SPRING_CLOUD%22%7D%2C%22period%22%3A5000%2C%22port%22%3A8521%2C%22scheduled%22%3Afalse%2C%22serviceName%22%3A%22DEFAULT_GROUP%40%40cloud-sentinel-outfter%22%2C%22stopped%22%3Afalse%2C%22weight%22%3A1.0%7D&serviceName=DEFAULT_GROUP%40%40cloud-sentinel-outfter&encoding=UTF-8&namespaceId=public HTTP/1.1" 200 38 2 Nacos-Java-Client:v1.1.1
192.168.1.5 - - [18/Apr/2020:20:36:53 +0800] "GET /nacos/v1/cs/health HTTP/1.1" 200 2 2 Apache-HttpAsyncClient/4.1.3 (Java/1.8.0_45)
127.0.0.1 - - [18/Apr/2020:20:36:56 +0800] "PUT /nacos/v1/ns/instance/beat?beat=%7B%22cluster%22%3A%22DEFAULT%22%2C%22ip%22%3A%22192.168.1.5%22%2C%22metadata%22%3A%7B%22preserved.register.source%22%3A%22SPRING_CLOUD%22%7D%2C%22period%22%3A5000%2C%22port%22%3A8521%2C%22scheduled%22%3Afalse%2C%22serviceName%22%3A%22DEFAULT_GROUP%40%40cloud-sentinel-outfter%22%2C%22stopped%22%3Afalse%2C%22weight%22%3A1.0%7D&serviceName=DEFAULT_GROUP%40%40cloud-sentinel-outfter&encoding=UTF-8&namespaceId=public HTTP/1.1" 200 38 3 Nacos-Java-Client:v1.1.1
192.168.1.5 - - [18/Apr/2020:20:36:58 +0800] "GET /nacos/v1/cs/health HTTP/1.1" 200 2 1 Apache-HttpAsyncClient/4.1.3 (Java/1.8.0_45)
127.0.0.1 - - [18/Apr/2020:20:37:01 +0800] "PUT /nacos/v1/ns/instance/beat?beat=%7B%22cluster%22%3A%22DEFAULT%22%2C%22ip%22%3A%22192.168.1.5%22%2C%22metadata%22%3A%7B%22preserved.register.source%22%3A%22SPRING_CLOUD%22%7D%2C%22period%22%3A5000%2C%22port%22%3A8521%2C%22scheduled%22%3Afalse%2C%22serviceName%22%3A%22DEFAULT_GROUP%40%40cloud-sentinel-outfter%22%2C%22stopped%22%3Afalse%2C%22weight%22%3A1.0%7D&serviceName=DEFAULT_GROUP%40%40cloud-sentinel-outfter&encoding=UTF-8&namespaceId=public HTTP/1.1" 200 38 2 Nacos-Java-Client:v1.1.1
192.168.1.5 - - [18/Apr/2020:20:37:03 +0800] "GET /nacos/v1/cs/health HTTP/1.1" 200 2 2 Apache-HttpAsyncClient/4.1.3 (Java/1.8.0_45)
127.0.0.1 - - [18/Apr/2020:20:37:06 +0800] "PUT /nacos/v1/ns/instance/beat?beat=%7B%22cluster%22%3A%22DEFAULT%22%2C%22ip%22%3A%22192.168.1.5%22%2C%22metadata%22%3A%7B%22preserved.register.source%22%3A%22SPRING_CLOUD%22%7D%2C%22period%22%3A5000%2C%22port%22%3A8521%2C%22scheduled%22%3Afalse%2C%22serviceName%22%3A%22DEFAULT_GROUP%40%40cloud-sentinel-outfter%22%2C%22stopped%22%3Afalse%2C%22weight%22%3A1.0%7D&serviceName=DEFAULT_GROUP%40%40cloud-sentinel-outfter&encoding=UTF-8&namespaceId=public HTTP/1.1" 200 38 1 Nacos-Java-Client:v1.1.1
192.168.1.5 - - [18/Apr/2020:20:37:09 +0800] "GET /nacos/v1/cs/health HTTP/1.1" 200 2 2 Apache-HttpAsyncClient/4.1.3 (Java/1.8.0_45)
127.0.0.1 - - [18/Apr/2020:20:37:09 +0800] "POST /nacos/v1/cs/configs/listener HTTP/1.1" 200 - 29501 Java/1.8.0_45
127.0.0.1 - - [18/Apr/2020:20:37:11 +0800] "PUT /nacos/v1/ns/instance/beat?beat=%7B%22cluster%22%3A%22DEFAULT%22%2C%22ip%22%3A%22192.168.1.5%22%2C%22metadata%22%3A%7B%22preserved.register.source%22%3A%22SPRING_CLOUD%22%7D%2C%22period%22%3A5000%2C%22port%22%3A8521%2C%22scheduled%22%3Afalse%2C%22serviceName%22%3A%22DEFAULT_GROUP%40%40cloud-sentinel-outfter%22%2C%22stopped%22%3Afalse%2C%22weight%22%3A1.0%7D&serviceName=DEFAULT_GROUP%40%40cloud-sentinel-outfter&encoding=UTF-8&namespaceId=public HTTP/1.1" 200 38 3 Nacos-Java-Client:v1.1.1
192.168.1.5 - - [18/Apr/2020:20:37:14 +0800] "GET /nacos/v1/cs/health HTTP/1.1" 200 2 1 Apache-HttpAsyncClient/4.1.3 (Java/1.8.0_45)
127.0.0.1 - - [18/Apr/2020:20:37:16 +0800] "PUT /nacos/v1/ns/instance/beat?beat=%7B%22cluster%22%3A%22DEFAULT%22%2C%22ip%22%3A%22192.168.1.5%22%2C%22metadata%22%3A%7B%22preserved.register.source%22%3A%22SPRING_CLOUD%22%7D%2C%22period%22%3A5000%2C%22port%22%3A8521%2C%22scheduled%22%3Afalse%2C%22serviceName%22%3A%22DEFAULT_GROUP%40%40cloud-sentinel-outfter%22%2C%22stopped%22%3Afalse%2C%22weight%22%3A1.0%7D&serviceName=DEFAULT_GROUP%40%40cloud-sentinel-outfter&encoding=UTF-8&namespaceId=public HTTP/1.1" 200 38 1 Nacos-Java-Client:v1.1.1
192.168.1.5 - - [18/Apr/2020:20:37:19 +0800] "GET /nacos/v1/cs/health HTTP/1.1" 200 2 9 Apache-HttpAsyncClient/4.1.3 (Java/1.8.0_45)
127.0.0.1 - - [18/Apr/2020:20:37:21 +0800] "PUT /nacos/v1/ns/instance/beat?beat=%7B%22cluster%22%3A%22DEFAULT%22%2C%22ip%22%3A%22192.168.1.5%22%2C%22metadata%22%3A%7B%22preserved.register.source%22%3A%22SPRING_CLOUD%22%7D%2C%22period%22%3A5000%2C%22port%22%3A8521%2C%22scheduled%22%3Afalse%2C%22serviceName%22%3A%22DEFAULT_GROUP%40%40cloud-sentinel-outfter%22%2C%22stopped%22%3Afalse%2C%22weight%22%3A1.0%7D&serviceName=DEFAULT_GROUP%40%40cloud-sentinel-outfter&encoding=UTF-8&namespaceId=public HTTP/1.1" 200 38 9 Nacos-Java-Client:v1.1.1
192.168.1.5 - - [18/Apr/2020:20:37:24 +0800] "GET /nacos/v1/cs/health HTTP/1.1" 200 2 9 Apache-HttpAsyncClient/4.1.3 (Java/1.8.0_45)
127.0.0.1 - - [18/Apr/2020:20:37:26 +0800] "PUT /nacos/v1/ns/instance/beat?beat=%7B%22cluster%22%3A%22DEFAULT%22%2C%22ip%22%3A%22192.168.1.5%22%2C%22metadata%22%3A%7B%22preserved.register.source%22%3A%22SPRING_CLOUD%22%7D%2C%22period%22%3A5000%2C%22port%22%3A8521%2C%22scheduled%22%3Afalse%2C%22serviceName%22%3A%22DEFAULT_GROUP%40%40cloud-sentinel-outfter%22%2C%22stopped%22%3Afalse%2C%22weight%22%3A1.0%7D&serviceName=DEFAULT_GROUP%40%40cloud-sentinel-outfter&encoding=UTF-8&namespaceId=public HTTP/1.1" 200 38 10 Nacos-Java-Client:v1.1.1
192.168.1.5 - - [18/Apr/2020:20:37:29 +0800] "GET /nacos/v1/cs/health HTTP/1.1" 200 2 1 Apache-HttpAsyncClient/4.1.3 (Java/1.8.0_45)
127.0.0.1 - - [18/Apr/2020:20:37:31 +0800] "PUT /nacos/v1/ns/instance/beat?beat=%7B%22cluster%22%3A%22DEFAULT%22%2C%22ip%22%3A%22192.168.1.5%22%2C%22metadata%22%3A%7B%22preserved.register.source%22%3A%22SPRING_CLOUD%22%7D%2C%22period%22%3A5000%2C%22port%22%3A8521%2C%22scheduled%22%3Afalse%2C%22serviceName%22%3A%22DEFAULT_GROUP%40%40cloud-sentinel-outfter%22%2C%22stopped%22%3Afalse%2C%22weight%22%3A1.0%7D&serviceName=DEFAULT_GROUP%40%40cloud-sentinel-outfter&encoding=UTF-8&namespaceId=public HTTP/1.1" 200 38 10 Nacos-Java-Client:v1.1.1
192.168.1.5 - - [18/Apr/2020:20:37:34 +0800] "GET /nacos/v1/cs/health HTTP/1.1" 200 2 2 Apache-HttpAsyncClient/4.1.3 (Java/1.8.0_45)
127.0.0.1 - - [18/Apr/2020:20:37:36 +0800] "PUT /nacos/v1/ns/instance/beat?beat=%7B%22cluster%22%3A%22DEFAULT%22%2C%22ip%22%3A%22192.168.1.5%22%2C%22metadata%22%3A%7B%22preserved.register.source%22%3A%22SPRING_CLOUD%22%7D%2C%22period%22%3A5000%2C%22port%22%3A8521%2C%22scheduled%22%3Afalse%2C%22serviceName%22%3A%22DEFAULT_GROUP%40%40cloud-sentinel-outfter%22%2C%22stopped%22%3Afalse%2C%22weight%22%3A1.0%7D&serviceName=DEFAULT_GROUP%40%40cloud-sentinel-outfter&encoding=UTF-8&namespaceId=public HTTP/1.1" 200 38 3 Nacos-Java-Client:v1.1.1
192.168.1.5 - - [18/Apr/2020:20:37:39 +0800] "GET /nacos/v1/cs/health HTTP/1.1" 200 2 2 Apache-HttpAsyncClient/4.1.3 (Java/1.8.0_45)
127.0.0.1 - - [18/Apr/2020:20:37:39 +0800] "POST /nacos/v1/cs/configs/listener HTTP/1.1" 200 - 29510 Java/1.8.0_45
127.0.0.1 - - [18/Apr/2020:20:37:41 +0800] "PUT /nacos/v1/ns/instance/beat?beat=%7B%22cluster%22%3A%22DEFAULT%22%2C%22ip%22%3A%22192.168.1.5%22%2C%22metadata%22%3A%7B%22preserved.register.source%22%3A%22SPRING_CLOUD%22%7D%2C%22period%22%3A5000%2C%22port%22%3A8521%2C%22scheduled%22%3Afalse%2C%22serviceName%22%3A%22DEFAULT_GROUP%40%40cloud-sentinel-outfter%22%2C%22stopped%22%3Afalse%2C%22weight%22%3A1.0%7D&serviceName=DEFAULT_GROUP%40%40cloud-sentinel-outfter&encoding=UTF-8&namespaceId=public HTTP/1.1" 200 38 9 Nacos-Java-Client:v1.1.1
192.168.1.5 - - [18/Apr/2020:20:37:44 +0800] "GET /nacos/v1/cs/health HTTP/1.1" 200 2 1 Apache-HttpAsyncClient/4.1.3 (Java/1.8.0_45)
127.0.0.1 - - [18/Apr/2020:20:37:46 +0800] "PUT /nacos/v1/ns/instance/beat?beat=%7B%22cluster%22%3A%22DEFAULT%22%2C%22ip%22%3A%22192.168.1.5%22%2C%22metadata%22%3A%7B%22preserved.register.source%22%3A%22SPRING_CLOUD%22%7D%2C%22period%22%3A5000%2C%22port%22%3A8521%2C%22scheduled%22%3Afalse%2C%22serviceName%22%3A%22DEFAULT_GROUP%40%40cloud-sentinel-outfter%22%2C%22stopped%22%3Afalse%2C%22weight%22%3A1.0%7D&serviceName=DEFAULT_GROUP%40%40cloud-sentinel-outfter&encoding=UTF-8&namespaceId=public HTTP/1.1" 200 38 3 Nacos-Java-Client:v1.1.1
192.168.1.5 - - [18/Apr/2020:20:37:49 +0800] "GET /nacos/v1/cs/health HTTP/1.1" 200 2 2 Apache-HttpAsyncClient/4.1.3 (Java/1.8.0_45)
127.0.0.1 - - [18/Apr/2020:20:37:51 +0800] "PUT /nacos/v1/ns/instance/beat?beat=%7B%22cluster%22%3A%22DEFAULT%22%2C%22ip%22%3A%22192.168.1.5%22%2C%22metadata%22%3A%7B%22preserved.register.source%22%3A%22SPRING_CLOUD%22%7D%2C%22period%22%3A5000%2C%22port%22%3A8521%2C%22scheduled%22%3Afalse%2C%22serviceName%22%3A%22DEFAULT_GROUP%40%40cloud-sentinel-outfter%22%2C%22stopped%22%3Afalse%2C%22weight%22%3A1.0%7D&serviceName=DEFAULT_GROUP%40%40cloud-sentinel-outfter&encoding=UTF-8&namespaceId=public HTTP/1.1" 200 38 10 Nacos-Java-Client:v1.1.1
192.168.1.5 - - [18/Apr/2020:20:37:54 +0800] "GET /nacos/v1/cs/health HTTP/1.1" 200 2 1 Apache-HttpAsyncClient/4.1.3 (Java/1.8.0_45)
127.0.0.1 - - [18/Apr/2020:20:37:56 +0800] "PUT /nacos/v1/ns/instance/beat?beat=%7B%22cluster%22%3A%22DEFAULT%22%2C%22ip%22%3A%22192.168.1.5%22%2C%22metadata%22%3A%7B%22preserved.register.source%22%3A%22SPRING_CLOUD%22%7D%2C%22period%22%3A5000%2C%22port%22%3A8521%2C%22scheduled%22%3Afalse%2C%22serviceName%22%3A%22DEFAULT_GROUP%40%40cloud-sentinel-outfter%22%2C%22stopped%22%3Afalse%2C%22weight%22%3A1.0%7D&serviceName=DEFAULT_GROUP%40%40cloud-sentinel-outfter&encoding=UTF-8&namespaceId=public HTTP/1.1" 200 38 10 Nacos-Java-Client:v1.1.1
192.168.1.5 - - [18/Apr/2020:20:37:59 +0800] "GET /nacos/v1/cs/health HTTP/1.1" 200 2 1 Apache-HttpAsyncClient/4.1.3 (Java/1.8.0_45)
127.0.0.1 - - [18/Apr/2020:20:38:01 +0800] "PUT /nacos/v1/ns/instance/beat?beat=%7B%22cluster%22%3A%22DEFAULT%22%2C%22ip%22%3A%22192.168.1.5%22%2C%22metadata%22%3A%7B%22preserved.register.source%22%3A%22SPRING_CLOUD%22%7D%2C%22period%22%3A5000%2C%22port%22%3A8521%2C%22scheduled%22%3Afalse%2C%22serviceName%22%3A%22DEFAULT_GROUP%40%40cloud-sentinel-outfter%22%2C%22stopped%22%3Afalse%2C%22weight%22%3A1.0%7D&serviceName=DEFAULT_GROUP%40%40cloud-sentinel-outfter&encoding=UTF-8&namespaceId=public HTTP/1.1" 200 38 10 Nacos-Java-Client:v1.1.1
192.168.1.5 - - [18/Apr/2020:20:38:04 +0800] "GET /nacos/v1/cs/health HTTP/1.1" 200 2 2 Apache-HttpAsyncClient/4.1.3 (Java/1.8.0_45)
127.0.0.1 - - [18/Apr/2020:20:38:06 +0800] "PUT /nacos/v1/ns/instance/beat?beat=%7B%22cluster%22%3A%22DEFAULT%22%2C%22ip%22%3A%22192.168.1.5%22%2C%22metadata%22%3A%7B%22preserved.register.source%22%3A%22SPRING_CLOUD%22%7D%2C%22period%22%3A5000%2C%22port%22%3A8521%2C%22scheduled%22%3Afalse%2C%22serviceName%22%3A%22DEFAULT_GROUP%40%40cloud-sentinel-outfter%22%2C%22stopped%22%3Afalse%2C%22weight%22%3A1.0%7D&serviceName=DEFAULT_GROUP%40%40cloud-sentinel-outfter&encoding=UTF-8&namespaceId=public HTTP/1.1" 200 38 7 Nacos-Java-Client:v1.1.1
127.0.0.1 - - [18/Apr/2020:20:38:08 +0800] "POST /nacos/v1/cs/configs/listener HTTP/1.1" 200 - 29512 Java/1.8.0_45
192.168.1.5 - - [18/Apr/2020:20:38:09 +0800] "GET /nacos/v1/cs/health HTTP/1.1" 200 2 8 Apache-HttpAsyncClient/4.1.3 (Java/1.8.0_45)
127.0.0.1 - - [18/Apr/2020:20:38:11 +0800] "PUT /nacos/v1/ns/instance/beat?beat=%7B%22cluster%22%3A%22DEFAULT%22%2C%22ip%22%3A%22192.168.1.5%22%2C%22metadata%22%3A%7B%22preserved.register.source%22%3A%22SPRING_CLOUD%22%7D%2C%22period%22%3A5000%2C%22port%22%3A8521%2C%22scheduled%22%3Afalse%2C%22serviceName%22%3A%22DEFAULT_GROUP%40%40cloud-sentinel-outfter%22%2C%22stopped%22%3Afalse%2C%22weight%22%3A1.0%7D&serviceName=DEFAULT_GROUP%40%40cloud-sentinel-outfter&encoding=UTF-8&namespaceId=public HTTP/1.1" 200 38 2 Nacos-Java-Client:v1.1.1
192.168.1.5 - - [18/Apr/2020:20:38:14 +0800] "GET /nacos/v1/cs/health HTTP/1.1" 200 2 2 Apache-HttpAsyncClient/4.1.3 (Java/1.8.0_45)
127.0.0.1 - - [18/Apr/2020:20:38:16 +0800] "PUT /nacos/v1/ns/instance/beat?beat=%7B%22cluster%22%3A%22DEFAULT%22%2C%22ip%22%3A%22192.168.1.5%22%2C%22metadata%22%3A%7B%22preserved.register.source%22%3A%22SPRING_CLOUD%22%7D%2C%22period%22%3A5000%2C%22port%22%3A8521%2C%22scheduled%22%3Afalse%2C%22serviceName%22%3A%22DEFAULT_GROUP%40%40cloud-sentinel-outfter%22%2C%22stopped%22%3Afalse%2C%22weight%22%3A1.0%7D&serviceName=DEFAULT_GROUP%40%40cloud-sentinel-outfter&encoding=UTF-8&namespaceId=public HTTP/1.1" 200 38 2 Nacos-Java-Client:v1.1.1
192.168.1.5 - - [18/Apr/2020:20:38:19 +0800] "GET /nacos/v1/cs/health HTTP/1.1" 200 2 2 Apache-HttpAsyncClient/4.1.3 (Java/1.8.0_45)
127.0.0.1 - - [18/Apr/2020:20:38:21 +0800] "PUT /nacos/v1/ns/instance/beat?beat=%7B%22cluster%22%3A%22DEFAULT%22%2C%22ip%22%3A%22192.168.1.5%22%2C%22metadata%22%3A%7B%22preserved.register.source%22%3A%22SPRING_CLOUD%22%7D%2C%22period%22%3A5000%2C%22port%22%3A8521%2C%22scheduled%22%3Afalse%2C%22serviceName%22%3A%22DEFAULT_GROUP%40%40cloud-sentinel-outfter%22%2C%22stopped%22%3Afalse%2C%22weight%22%3A1.0%7D&serviceName=DEFAULT_GROUP%40%40cloud-sentinel-outfter&encoding=UTF-8&namespaceId=public HTTP/1.1" 200 38 10 Nacos-Java-Client:v1.1.1
192.168.1.5 - - [18/Apr/2020:20:38:24 +0800] "GET /nacos/v1/cs/health HTTP/1.1" 200 2 1 Apache-HttpAsyncClient/4.1.3 (Java/1.8.0_45)
127.0.0.1 - - [18/Apr/2020:20:38:26 +0800] "PUT /nacos/v1/ns/instance/beat?beat=%7B%22cluster%22%3A%22DEFAULT%22%2C%22ip%22%3A%22192.168.1.5%22%2C%22metadata%22%3A%7B%22preserved.register.source%22%3A%22SPRING_CLOUD%22%7D%2C%22period%22%3A5000%2C%22port%22%3A8521%2C%22scheduled%22%3Afalse%2C%22serviceName%22%3A%22DEFAULT_GROUP%40%40cloud-sentinel-outfter%22%2C%22stopped%22%3Afalse%2C%22weight%22%3A1.0%7D&serviceName=DEFAULT_GROUP%40%40cloud-sentinel-outfter&encoding=UTF-8&namespaceId=public HTTP/1.1" 200 38 2 Nacos-Java-Client:v1.1.1
192.168.1.5 - - [18/Apr/2020:20:38:29 +0800] "GET /nacos/v1/cs/health HTTP/1.1" 200 2 10 Apache-HttpAsyncClient/4.1.3 (Java/1.8.0_45)
127.0.0.1 - - [18/Apr/2020:20:38:31 +0800] "PUT /nacos/v1/ns/instance/beat?beat=%7B%22cluster%22%3A%22DEFAULT%22%2C%22ip%22%3A%22192.168.1.5%22%2C%22metadata%22%3A%7B%22preserved.register.source%22%3A%22SPRING_CLOUD%22%7D%2C%22period%22%3A5000%2C%22port%22%3A8521%2C%22scheduled%22%3Afalse%2C%22serviceName%22%3A%22DEFAULT_GROUP%40%40cloud-sentinel-outfter%22%2C%22stopped%22%3Afalse%2C%22weight%22%3A1.0%7D&serviceName=DEFAULT_GROUP%40%40cloud-sentinel-outfter&encoding=UTF-8&namespaceId=public HTTP/1.1" 200 38 10 Nacos-Java-Client:v1.1.1
192.168.1.5 - - [18/Apr/2020:20:38:34 +0800] "GET /nacos/v1/cs/health HTTP/1.1" 200 2 9 Apache-HttpAsyncClient/4.1.3 (Java/1.8.0_45)
127.0.0.1 - - [18/Apr/2020:20:38:36 +0800] "PUT /nacos/v1/ns/instance/beat?beat=%7B%22cluster%22%3A%22DEFAULT%22%2C%22ip%22%3A%22192.168.1.5%22%2C%22metadata%22%3A%7B%22preserved.register.source%22%3A%22SPRING_CLOUD%22%7D%2C%22period%22%3A5000%2C%22port%22%3A8521%2C%22scheduled%22%3Afalse%2C%22serviceName%22%3A%22DEFAULT_GROUP%40%40cloud-sentinel-outfter%22%2C%22stopped%22%3Afalse%2C%22weight%22%3A1.0%7D&serviceName=DEFAULT_GROUP%40%40cloud-sentinel-outfter&encoding=UTF-8&namespaceId=public HTTP/1.1" 200 38 10 Nacos-Java-Client:v1.1.1
127.0.0.1 - - [18/Apr/2020:20:38:38 +0800] "POST /nacos/v1/cs/configs/listener HTTP/1.1" 200 - 29518 Java/1.8.0_45
192.168.1.5 - - [18/Apr/2020:20:38:39 +0800] "GET /nacos/v1/cs/health HTTP/1.1" 200 2 9 Apache-HttpAsyncClient/4.1.3 (Java/1.8.0_45)
127.0.0.1 - - [18/Apr/2020:20:38:41 +0800] "PUT /nacos/v1/ns/instance/beat?beat=%7B%22cluster%22%3A%22DEFAULT%22%2C%22ip%22%3A%22192.168.1.5%22%2C%22metadata%22%3A%7B%22preserved.register.source%22%3A%22SPRING_CLOUD%22%7D%2C%22period%22%3A5000%2C%22port%22%3A8521%2C%22scheduled%22%3Afalse%2C%22serviceName%22%3A%22DEFAULT_GROUP%40%40cloud-sentinel-outfter%22%2C%22stopped%22%3Afalse%2C%22weight%22%3A1.0%7D&serviceName=DEFAULT_GROUP%40%40cloud-sentinel-outfter&encoding=UTF-8&namespaceId=public HTTP/1.1" 200 38 4 Nacos-Java-Client:v1.1.1
192.168.1.5 - - [18/Apr/2020:20:38:44 +0800] "GET /nacos/v1/cs/health HTTP/1.1" 200 2 8 Apache-HttpAsyncClient/4.1.3 (Java/1.8.0_45)
127.0.0.1 - - [18/Apr/2020:20:38:46 +0800] "PUT /nacos/v1/ns/instance/beat?beat=%7B%22cluster%22%3A%22DEFAULT%22%2C%22ip%22%3A%22192.168.1.5%22%2C%22metadata%22%3A%7B%22preserved.register.source%22%3A%22SPRING_CLOUD%22%7D%2C%22period%22%3A5000%2C%22port%22%3A8521%2C%22scheduled%22%3Afalse%2C%22serviceName%22%3A%22DEFAULT_GROUP%40%40cloud-sentinel-outfter%22%2C%22stopped%22%3Afalse%2C%22weight%22%3A1.0%7D&serviceName=DEFAULT_GROUP%40%40cloud-sentinel-outfter&encoding=UTF-8&namespaceId=public HTTP/1.1" 200 38 2 Nacos-Java-Client:v1.1.1
192.168.1.5 - - [18/Apr/2020:20:38:49 +0800] "GET /nacos/v1/cs/health HTTP/1.1" 200 2 9 Apache-HttpAsyncClient/4.1.3 (Java/1.8.0_45)
127.0.0.1 - - [18/Apr/2020:20:38:51 +0800] "PUT /nacos/v1/ns/instance/beat?beat=%7B%22cluster%22%3A%22DEFAULT%22%2C%22ip%22%3A%22192.168.1.5%22%2C%22metadata%22%3A%7B%22preserved.register.source%22%3A%22SPRING_CLOUD%22%7D%2C%22period%22%3A5000%2C%22port%22%3A8521%2C%22scheduled%22%3Afalse%2C%22serviceName%22%3A%22DEFAULT_GROUP%40%40cloud-sentinel-outfter%22%2C%22stopped%22%3Afalse%2C%22weight%22%3A1.0%7D&serviceName=DEFAULT_GROUP%40%40cloud-sentinel-outfter&encoding=UTF-8&namespaceId=public HTTP/1.1" 200 38 8 Nacos-Java-Client:v1.1.1
192.168.1.5 - - [18/Apr/2020:20:38:54 +0800] "GET /nacos/v1/cs/health HTTP/1.1" 200 2 9 Apache-HttpAsyncClient/4.1.3 (Java/1.8.0_45)
127.0.0.1 - - [18/Apr/2020:20:38:56 +0800] "PUT /nacos/v1/ns/instance/beat?beat=%7B%22cluster%22%3A%22DEFAULT%22%2C%22ip%22%3A%22192.168.1.5%22%2C%22metadata%22%3A%7B%22preserved.register.source%22%3A%22SPRING_CLOUD%22%7D%2C%22period%22%3A5000%2C%22port%22%3A8521%2C%22scheduled%22%3Afalse%2C%22serviceName%22%3A%22DEFAULT_GROUP%40%40cloud-sentinel-outfter%22%2C%22stopped%22%3Afalse%2C%22weight%22%3A1.0%7D&serviceName=DEFAULT_GROUP%40%40cloud-sentinel-outfter&encoding=UTF-8&namespaceId=public HTTP/1.1" 200 38 9 Nacos-Java-Client:v1.1.1
192.168.1.5 - - [18/Apr/2020:20:38:59 +0800] "GET /nacos/v1/cs/health HTTP/1.1" 200 2 1 Apache-HttpAsyncClient/4.1.3 (Java/1.8.0_45)
127.0.0.1 - - [18/Apr/2020:20:39:01 +0800] "PUT /nacos/v1/ns/instance/beat?beat=%7B%22cluster%22%3A%22DEFAULT%22%2C%22ip%22%3A%22192.168.1.5%22%2C%22metadata%22%3A%7B%22preserved.register.source%22%3A%22SPRING_CLOUD%22%7D%2C%22period%22%3A5000%2C%22port%22%3A8521%2C%22scheduled%22%3Afalse%2C%22serviceName%22%3A%22DEFAULT_GROUP%40%40cloud-sentinel-outfter%22%2C%22stopped%22%3Afalse%2C%22weight%22%3A1.0%7D&serviceName=DEFAULT_GROUP%40%40cloud-sentinel-outfter&encoding=UTF-8&namespaceId=public HTTP/1.1" 200 38 9 Nacos-Java-Client:v1.1.1
192.168.1.5 - - [18/Apr/2020:20:39:04 +0800] "GET /nacos/v1/cs/health HTTP/1.1" 200 2 1 Apache-HttpAsyncClient/4.1.3 (Java/1.8.0_45)
127.0.0.1 - - [18/Apr/2020:20:39:06 +0800] "PUT /nacos/v1/ns/instance/beat?beat=%7B%22cluster%22%3A%22DEFAULT%22%2C%22ip%22%3A%22192.168.1.5%22%2C%22metadata%22%3A%7B%22preserved.register.source%22%3A%22SPRING_CLOUD%22%7D%2C%22period%22%3A5000%2C%22port%22%3A8521%2C%22scheduled%22%3Afalse%2C%22serviceName%22%3A%22DEFAULT_GROUP%40%40cloud-sentinel-outfter%22%2C%22stopped%22%3Afalse%2C%22weight%22%3A1.0%7D&serviceName=DEFAULT_GROUP%40%40cloud-sentinel-outfter&encoding=UTF-8&namespaceId=public HTTP/1.1" 200 38 9 Nacos-Java-Client:v1.1.1
127.0.0.1 - - [18/Apr/2020:20:39:07 +0800] "POST /nacos/v1/cs/configs/listener HTTP/1.1" 200 - 29502 Java/1.8.0_45
0:0:0:0:0:0:0:1 - - [18/Apr/2020:20:39:07 +0800] "GET /nacos/v1/cs/configs?show=all&dataId=cloud-sentinel-outfter&group=DEFAULT_GROUP&tenant=&namespaceId= HTTP/1.1" 200 - 108 Mozilla/5.0 (Windows NT 10.0; Win64; x64) AppleWebKit/537.36 (KHTML, like Gecko) Chrome/80.0.3987.163 Safari/537.36
0:0:0:0:0:0:0:1 - - [18/Apr/2020:20:39:08 +0800] "POST /nacos/v1/cs/configs HTTP/1.1" 200 14 193 Mozilla/5.0 (Windows NT 10.0; Win64; x64) AppleWebKit/537.36 (KHTML, like Gecko) Chrome/80.0.3987.163 Safari/537.36
192.168.1.5 - - [18/Apr/2020:20:39:08 +0800] "GET /nacos/v1/cs/communication/dataChange?dataId=cloud-sentinel-outfter&group=DEFAULT_GROUP HTTP/1.1" 200 14 11 Apache-HttpAsyncClient/4.1.3 (Java/1.8.0_45)
127.0.0.1 - - [18/Apr/2020:20:39:08 +0800] "POST /nacos/v1/cs/configs/listener HTTP/1.1" 200 43 570 Java/1.8.0_45
127.0.0.1 - - [18/Apr/2020:20:39:08 +0800] "GET /nacos/v1/cs/configs?dataId=cloud-sentinel-outfter&group=DEFAULT_GROUP HTTP/1.1" 200 230 56 Java/1.8.0_45
192.168.1.5 - - [18/Apr/2020:20:39:09 +0800] "GET /nacos/v1/cs/health HTTP/1.1" 200 2 9 Apache-HttpAsyncClient/4.1.3 (Java/1.8.0_45)
127.0.0.1 - - [18/Apr/2020:20:39:11 +0800] "PUT /nacos/v1/ns/instance/beat?beat=%7B%22cluster%22%3A%22DEFAULT%22%2C%22ip%22%3A%22192.168.1.5%22%2C%22metadata%22%3A%7B%22preserved.register.source%22%3A%22SPRING_CLOUD%22%7D%2C%22period%22%3A5000%2C%22port%22%3A8521%2C%22scheduled%22%3Afalse%2C%22serviceName%22%3A%22DEFAULT_GROUP%40%40cloud-sentinel-outfter%22%2C%22stopped%22%3Afalse%2C%22weight%22%3A1.0%7D&serviceName=DEFAULT_GROUP%40%40cloud-sentinel-outfter&encoding=UTF-8&namespaceId=public HTTP/1.1" 200 38 2 Nacos-Java-Client:v1.1.1
0:0:0:0:0:0:0:1 - - [18/Apr/2020:20:39:13 +0800] "GET /nacos/v1/cs/configs?search=accurate&dataId=&group=&appName=&config_tags=&pageNo=1&pageSize=10&tenant=&namespaceId= HTTP/1.1" 200 451 41 Mozilla/5.0 (Windows NT 10.0; Win64; x64) AppleWebKit/537.36 (KHTML, like Gecko) Chrome/80.0.3987.163 Safari/537.36
192.168.1.5 - - [18/Apr/2020:20:39:14 +0800] "GET /nacos/v1/cs/health HTTP/1.1" 200 2 1 Apache-HttpAsyncClient/4.1.3 (Java/1.8.0_45)
127.0.0.1 - - [18/Apr/2020:20:39:16 +0800] "PUT /nacos/v1/ns/instance/beat?beat=%7B%22cluster%22%3A%22DEFAULT%22%2C%22ip%22%3A%22192.168.1.5%22%2C%22metadata%22%3A%7B%22preserved.register.source%22%3A%22SPRING_CLOUD%22%7D%2C%22period%22%3A5000%2C%22port%22%3A8521%2C%22scheduled%22%3Afalse%2C%22serviceName%22%3A%22DEFAULT_GROUP%40%40cloud-sentinel-outfter%22%2C%22stopped%22%3Afalse%2C%22weight%22%3A1.0%7D&serviceName=DEFAULT_GROUP%40%40cloud-sentinel-outfter&encoding=UTF-8&namespaceId=public HTTP/1.1" 200 38 10 Nacos-Java-Client:v1.1.1
192.168.1.5 - - [18/Apr/2020:20:39:19 +0800] "GET /nacos/v1/cs/health HTTP/1.1" 200 2 1 Apache-HttpAsyncClient/4.1.3 (Java/1.8.0_45)
127.0.0.1 - - [18/Apr/2020:20:39:21 +0800] "PUT /nacos/v1/ns/instance/beat?beat=%7B%22cluster%22%3A%22DEFAULT%22%2C%22ip%22%3A%22192.168.1.5%22%2C%22metadata%22%3A%7B%22preserved.register.source%22%3A%22SPRING_CLOUD%22%7D%2C%22period%22%3A5000%2C%22port%22%3A8521%2C%22scheduled%22%3Afalse%2C%22serviceName%22%3A%22DEFAULT_GROUP%40%40cloud-sentinel-outfter%22%2C%22stopped%22%3Afalse%2C%22weight%22%3A1.0%7D&serviceName=DEFAULT_GROUP%40%40cloud-sentinel-outfter&encoding=UTF-8&namespaceId=public HTTP/1.1" 200 38 9 Nacos-Java-Client:v1.1.1
192.168.1.5 - - [18/Apr/2020:20:39:24 +0800] "GET /nacos/v1/cs/health HTTP/1.1" 200 2 4 Apache-HttpAsyncClient/4.1.3 (Java/1.8.0_45)
192.168.1.5 - - [18/Apr/2020:20:39:29 +0800] "GET /nacos/v1/cs/health HTTP/1.1" 200 2 1 Apache-HttpAsyncClient/4.1.3 (Java/1.8.0_45)
0:0:0:0:0:0:0:1 - - [18/Apr/2020:20:39:30 +0800] "GET /nacos/v1/ns/catalog/services?hasIpCount=false&withInstances=false&pageNo=1&pageSize=10&serviceNameParam=&groupNameParam=&namespaceId= HTTP/1.1" 200 176 6 Mozilla/5.0 (Windows NT 10.0; Win64; x64) AppleWebKit/537.36 (KHTML, like Gecko) Chrome/80.0.3987.163 Safari/537.36
0:0:0:0:0:0:0:1 - - [18/Apr/2020:20:39:31 +0800] "GET /nacos/ HTTP/1.1" 304 - 13 Mozilla/5.0 (Windows NT 10.0; Win64; x64) AppleWebKit/537.36 (KHTML, like Gecko) Chrome/80.0.3987.163 Safari/537.36
0:0:0:0:0:0:0:1 - - [18/Apr/2020:20:39:31 +0800] "GET /nacos/v1/console/server/state HTTP/1.1" 200 82 4 Mozilla/5.0 (Windows NT 10.0; Win64; x64) AppleWebKit/537.36 (KHTML, like Gecko) Chrome/80.0.3987.163 Safari/537.36
0:0:0:0:0:0:0:1 - - [18/Apr/2020:20:39:31 +0800] "GET /nacos/v1/console/namespaces?namespaceId= HTTP/1.1" 401 154 31 Mozilla/5.0 (Windows NT 10.0; Win64; x64) AppleWebKit/537.36 (KHTML, like Gecko) Chrome/80.0.3987.163 Safari/537.36
0:0:0:0:0:0:0:1 - - [18/Apr/2020:20:39:31 +0800] "GET /nacos/v1/ns/catalog/services?hasIpCount=false&withInstances=false&pageNo=1&pageSize=10&serviceNameParam=&groupNameParam=&namespaceId= HTTP/1.1" 200 176 3 Mozilla/5.0 (Windows NT 10.0; Win64; x64) AppleWebKit/537.36 (KHTML, like Gecko) Chrome/80.0.3987.163 Safari/537.36
127.0.0.1 - - [18/Apr/2020:20:39:33 +0800] "POST /nacos/v1/cs/configs/listener HTTP/1.1" 200 - 3 Java/1.8.0_45
127.0.0.1 - - [18/Apr/2020:20:39:33 +0800] "GET /nacos/v1/cs/configs?dataId=cloud-sentinel-outfter&group=DEFAULT_GROUP HTTP/1.1" 200 230 7 Java/1.8.0_45
127.0.0.1 - - [18/Apr/2020:20:39:33 +0800] "PUT /nacos/v1/ns/instance/beat?beat=%7B%22cluster%22%3A%22DEFAULT%22%2C%22ip%22%3A%22192.168.1.5%22%2C%22metadata%22%3A%7B%22preserved.register.source%22%3A%22SPRING_CLOUD%22%7D%2C%22period%22%3A5000%2C%22port%22%3A8521%2C%22scheduled%22%3Afalse%2C%22serviceName%22%3A%22DEFAULT_GROUP%40%40cloud-sentinel-outfter%22%2C%22stopped%22%3Afalse%2C%22weight%22%3A1.0%7D&serviceName=DEFAULT_GROUP%40%40cloud-sentinel-outfter&encoding=UTF-8&namespaceId=public HTTP/1.1" 200 38 3 Nacos-Java-Client:v1.1.1
127.0.0.1 - - [18/Apr/2020:20:39:33 +0800] "POST /nacos/v1/ns/instance?groupName=DEFAULT_GROUP&metadata=%7B%22preserved.register.source%22%3A%22SPRING_CLOUD%22%7D&namespaceId=public&port=8521&enable=true&healthy=true&clusterName=DEFAULT&ip=192.168.1.5&weight=1.0&ephemeral=true&serviceName=DEFAULT_GROUP%40%40cloud-sentinel-outfter&encoding=UTF-8 HTTP/1.1" 200 2 17 Nacos-Java-Client:v1.1.1
192.168.1.5 - - [18/Apr/2020:20:39:34 +0800] "GET /nacos/v1/cs/health HTTP/1.1" 200 2 1 Apache-HttpAsyncClient/4.1.3 (Java/1.8.0_45)
127.0.0.1 - - [18/Apr/2020:20:39:34 +0800] "GET /nacos/v1/cs/configs?dataId=cloud-sentinel-outfter&group=DEFAULT_GROUP HTTP/1.1" 200 230 2 Java/1.8.0_45
127.0.0.1 - - [18/Apr/2020:20:39:34 +0800] "GET /nacos/v1/ns/service/list?pageSize=2147483647&groupName=DEFAULT_GROUP&encoding=UTF-8&namespaceId=public&pageNo=1 HTTP/1.1" 200 56 4 Nacos-Java-Client:v1.1.1
0:0:0:0:0:0:0:1 - - [18/Apr/2020:20:39:36 +0800] "POST /nacos/v1/auth/login HTTP/1.1" 200 176 98 Mozilla/5.0 (Windows NT 10.0; Win64; x64) AppleWebKit/537.36 (KHTML, like Gecko) Chrome/80.0.3987.163 Safari/537.36
0:0:0:0:0:0:0:1 - - [18/Apr/2020:20:39:36 +0800] "GET /nacos/v1/console/namespaces?namespaceId= HTTP/1.1" 200 130 6 Mozilla/5.0 (Windows NT 10.0; Win64; x64) AppleWebKit/537.36 (KHTML, like Gecko) Chrome/80.0.3987.163 Safari/537.36
0:0:0:0:0:0:0:1 - - [18/Apr/2020:20:39:37 +0800] "GET /nacos/v1/console/server/state HTTP/1.1" 200 82 2 Mozilla/5.0 (Windows NT 10.0; Win64; x64) AppleWebKit/537.36 (KHTML, like Gecko) Chrome/80.0.3987.163 Safari/537.36
0:0:0:0:0:0:0:1 - - [18/Apr/2020:20:39:37 +0800] "GET /nacos/v1/cs/configs?search=accurate&dataId=&group=&appName=&config_tags=&pageNo=1&pageSize=10&tenant=&namespaceId= HTTP/1.1" 200 451 3 Mozilla/5.0 (Windows NT 10.0; Win64; x64) AppleWebKit/537.36 (KHTML, like Gecko) Chrome/80.0.3987.163 Safari/537.36
127.0.0.1 - - [18/Apr/2020:20:39:37 +0800] "POST /nacos/v1/cs/configs/listener HTTP/1.1" 500 - 29504 Java/1.8.0_45
127.0.0.1 - - [18/Apr/2020:20:39:38 +0800] "PUT /nacos/v1/ns/instance/beat?beat=%7B%22cluster%22%3A%22DEFAULT%22%2C%22ip%22%3A%22192.168.1.5%22%2C%22metadata%22%3A%7B%22preserved.register.source%22%3A%22SPRING_CLOUD%22%7D%2C%22period%22%3A5000%2C%22port%22%3A8521%2C%22scheduled%22%3Afalse%2C%22serviceName%22%3A%22DEFAULT_GROUP%40%40cloud-sentinel-outfter%22%2C%22stopped%22%3Afalse%2C%22weight%22%3A1.0%7D&serviceName=DEFAULT_GROUP%40%40cloud-sentinel-outfter&encoding=UTF-8&namespaceId=public HTTP/1.1" 200 38 3 Nacos-Java-Client:v1.1.1
192.168.1.5 - - [18/Apr/2020:20:39:39 +0800] "GET /nacos/v1/cs/health HTTP/1.1" 200 2 2 Apache-HttpAsyncClient/4.1.3 (Java/1.8.0_45)
127.0.0.1 - - [18/Apr/2020:20:39:43 +0800] "PUT /nacos/v1/ns/instance/beat?beat=%7B%22cluster%22%3A%22DEFAULT%22%2C%22ip%22%3A%22192.168.1.5%22%2C%22metadata%22%3A%7B%22preserved.register.source%22%3A%22SPRING_CLOUD%22%7D%2C%22period%22%3A5000%2C%22port%22%3A8521%2C%22scheduled%22%3Afalse%2C%22serviceName%22%3A%22DEFAULT_GROUP%40%40cloud-sentinel-outfter%22%2C%22stopped%22%3Afalse%2C%22weight%22%3A1.0%7D&serviceName=DEFAULT_GROUP%40%40cloud-sentinel-outfter&encoding=UTF-8&namespaceId=public HTTP/1.1" 200 38 3 Nacos-Java-Client:v1.1.1
192.168.1.5 - - [18/Apr/2020:20:39:44 +0800] "GET /nacos/v1/cs/health HTTP/1.1" 200 2 1 Apache-HttpAsyncClient/4.1.3 (Java/1.8.0_45)
127.0.0.1 - - [18/Apr/2020:20:39:48 +0800] "PUT /nacos/v1/ns/instance/beat?beat=%7B%22cluster%22%3A%22DEFAULT%22%2C%22ip%22%3A%22192.168.1.5%22%2C%22metadata%22%3A%7B%22preserved.register.source%22%3A%22SPRING_CLOUD%22%7D%2C%22period%22%3A5000%2C%22port%22%3A8521%2C%22scheduled%22%3Afalse%2C%22serviceName%22%3A%22DEFAULT_GROUP%40%40cloud-sentinel-outfter%22%2C%22stopped%22%3Afalse%2C%22weight%22%3A1.0%7D&serviceName=DEFAULT_GROUP%40%40cloud-sentinel-outfter&encoding=UTF-8&namespaceId=public HTTP/1.1" 200 38 1 Nacos-Java-Client:v1.1.1
192.168.1.5 - - [18/Apr/2020:20:39:49 +0800] "GET /nacos/v1/cs/health HTTP/1.1" 200 2 9 Apache-HttpAsyncClient/4.1.3 (Java/1.8.0_45)
127.0.0.1 - - [18/Apr/2020:20:39:53 +0800] "PUT /nacos/v1/ns/instance/beat?beat=%7B%22cluster%22%3A%22DEFAULT%22%2C%22ip%22%3A%22192.168.1.5%22%2C%22metadata%22%3A%7B%22preserved.register.source%22%3A%22SPRING_CLOUD%22%7D%2C%22period%22%3A5000%2C%22port%22%3A8521%2C%22scheduled%22%3Afalse%2C%22serviceName%22%3A%22DEFAULT_GROUP%40%40cloud-sentinel-outfter%22%2C%22stopped%22%3Afalse%2C%22weight%22%3A1.0%7D&serviceName=DEFAULT_GROUP%40%40cloud-sentinel-outfter&encoding=UTF-8&namespaceId=public HTTP/1.1" 200 38 10 Nacos-Java-Client:v1.1.1
192.168.1.5 - - [18/Apr/2020:20:39:54 +0800] "GET /nacos/v1/cs/health HTTP/1.1" 200 2 1 Apache-HttpAsyncClient/4.1.3 (Java/1.8.0_45)
127.0.0.1 - - [18/Apr/2020:20:39:58 +0800] "PUT /nacos/v1/ns/instance/beat?beat=%7B%22cluster%22%3A%22DEFAULT%22%2C%22ip%22%3A%22192.168.1.5%22%2C%22metadata%22%3A%7B%22preserved.register.source%22%3A%22SPRING_CLOUD%22%7D%2C%22period%22%3A5000%2C%22port%22%3A8521%2C%22scheduled%22%3Afalse%2C%22serviceName%22%3A%22DEFAULT_GROUP%40%40cloud-sentinel-outfter%22%2C%22stopped%22%3Afalse%2C%22weight%22%3A1.0%7D&serviceName=DEFAULT_GROUP%40%40cloud-sentinel-outfter&encoding=UTF-8&namespaceId=public HTTP/1.1" 200 38 10 Nacos-Java-Client:v1.1.1
192.168.1.5 - - [18/Apr/2020:20:39:59 +0800] "GET /nacos/v1/cs/health HTTP/1.1" 200 2 0 Apache-HttpAsyncClient/4.1.3 (Java/1.8.0_45)
127.0.0.1 - - [18/Apr/2020:20:40:02 +0800] "POST /nacos/v1/cs/configs/listener HTTP/1.1" 200 - 29503 Java/1.8.0_45
127.0.0.1 - - [18/Apr/2020:20:40:03 +0800] "PUT /nacos/v1/ns/instance/beat?beat=%7B%22cluster%22%3A%22DEFAULT%22%2C%22ip%22%3A%22192.168.1.5%22%2C%22metadata%22%3A%7B%22preserved.register.source%22%3A%22SPRING_CLOUD%22%7D%2C%22period%22%3A5000%2C%22port%22%3A8521%2C%22scheduled%22%3Afalse%2C%22serviceName%22%3A%22DEFAULT_GROUP%40%40cloud-sentinel-outfter%22%2C%22stopped%22%3Afalse%2C%22weight%22%3A1.0%7D&serviceName=DEFAULT_GROUP%40%40cloud-sentinel-outfter&encoding=UTF-8&namespaceId=public HTTP/1.1" 200 38 10 Nacos-Java-Client:v1.1.1
192.168.1.5 - - [18/Apr/2020:20:40:04 +0800] "GET /nacos/v1/cs/health HTTP/1.1" 200 2 1 Apache-HttpAsyncClient/4.1.3 (Java/1.8.0_45)
127.0.0.1 - - [18/Apr/2020:20:40:08 +0800] "PUT /nacos/v1/ns/instance/beat?beat=%7B%22cluster%22%3A%22DEFAULT%22%2C%22ip%22%3A%22192.168.1.5%22%2C%22metadata%22%3A%7B%22preserved.register.source%22%3A%22SPRING_CLOUD%22%7D%2C%22period%22%3A5000%2C%22port%22%3A8521%2C%22scheduled%22%3Afalse%2C%22serviceName%22%3A%22DEFAULT_GROUP%40%40cloud-sentinel-outfter%22%2C%22stopped%22%3Afalse%2C%22weight%22%3A1.0%7D&serviceName=DEFAULT_GROUP%40%40cloud-sentinel-outfter&encoding=UTF-8&namespaceId=public HTTP/1.1" 200 38 2 Nacos-Java-Client:v1.1.1
192.168.1.5 - - [18/Apr/2020:20:40:09 +0800] "GET /nacos/v1/cs/health HTTP/1.1" 200 2 9 Apache-HttpAsyncClient/4.1.3 (Java/1.8.0_45)
127.0.0.1 - - [18/Apr/2020:20:40:13 +0800] "PUT /nacos/v1/ns/instance/beat?beat=%7B%22cluster%22%3A%22DEFAULT%22%2C%22ip%22%3A%22192.168.1.5%22%2C%22metadata%22%3A%7B%22preserved.register.source%22%3A%22SPRING_CLOUD%22%7D%2C%22period%22%3A5000%2C%22port%22%3A8521%2C%22scheduled%22%3Afalse%2C%22serviceName%22%3A%22DEFAULT_GROUP%40%40cloud-sentinel-outfter%22%2C%22stopped%22%3Afalse%2C%22weight%22%3A1.0%7D&serviceName=DEFAULT_GROUP%40%40cloud-sentinel-outfter&encoding=UTF-8&namespaceId=public HTTP/1.1" 200 38 1 Nacos-Java-Client:v1.1.1
192.168.1.5 - - [18/Apr/2020:20:40:14 +0800] "GET /nacos/v1/cs/health HTTP/1.1" 200 2 2 Apache-HttpAsyncClient/4.1.3 (Java/1.8.0_45)
127.0.0.1 - - [18/Apr/2020:20:40:18 +0800] "PUT /nacos/v1/ns/instance/beat?beat=%7B%22cluster%22%3A%22DEFAULT%22%2C%22ip%22%3A%22192.168.1.5%22%2C%22metadata%22%3A%7B%22preserved.register.source%22%3A%22SPRING_CLOUD%22%7D%2C%22period%22%3A5000%2C%22port%22%3A8521%2C%22scheduled%22%3Afalse%2C%22serviceName%22%3A%22DEFAULT_GROUP%40%40cloud-sentinel-outfter%22%2C%22stopped%22%3Afalse%2C%22weight%22%3A1.0%7D&serviceName=DEFAULT_GROUP%40%40cloud-sentinel-outfter&encoding=UTF-8&namespaceId=public HTTP/1.1" 200 38 9 Nacos-Java-Client:v1.1.1
192.168.1.5 - - [18/Apr/2020:20:40:19 +0800] "GET /nacos/v1/cs/health HTTP/1.1" 200 2 0 Apache-HttpAsyncClient/4.1.3 (Java/1.8.0_45)
127.0.0.1 - - [18/Apr/2020:20:40:23 +0800] "PUT /nacos/v1/ns/instance/beat?beat=%7B%22cluster%22%3A%22DEFAULT%22%2C%22ip%22%3A%22192.168.1.5%22%2C%22metadata%22%3A%7B%22preserved.register.source%22%3A%22SPRING_CLOUD%22%7D%2C%22period%22%3A5000%2C%22port%22%3A8521%2C%22scheduled%22%3Afalse%2C%22serviceName%22%3A%22DEFAULT_GROUP%40%40cloud-sentinel-outfter%22%2C%22stopped%22%3Afalse%2C%22weight%22%3A1.0%7D&serviceName=DEFAULT_GROUP%40%40cloud-sentinel-outfter&encoding=UTF-8&namespaceId=public HTTP/1.1" 200 38 10 Nacos-Java-Client:v1.1.1
192.168.1.5 - - [18/Apr/2020:20:40:24 +0800] "GET /nacos/v1/cs/health HTTP/1.1" 200 2 1 Apache-HttpAsyncClient/4.1.3 (Java/1.8.0_45)
192.168.1.5 - - [18/Apr/2020:20:40:29 +0800] "GET /nacos/v1/cs/health HTTP/1.1" 200 2 9 Apache-HttpAsyncClient/4.1.3 (Java/1.8.0_45)
127.0.0.1 - - [18/Apr/2020:20:40:32 +0800] "POST /nacos/v1/cs/configs/listener HTTP/1.1" 500 - 29502 Java/1.8.0_45
127.0.0.1 - - [18/Apr/2020:20:40:33 +0800] "POST /nacos/v1/cs/configs/listener HTTP/1.1" 200 - 7 Java/1.8.0_45
127.0.0.1 - - [18/Apr/2020:20:40:33 +0800] "GET /nacos/v1/cs/configs?dataId=cloud-sentinel-outfter&group=DEFAULT_GROUP HTTP/1.1" 200 230 18 Java/1.8.0_45
127.0.0.1 - - [18/Apr/2020:20:40:34 +0800] "PUT /nacos/v1/ns/instance/beat?beat=%7B%22cluster%22%3A%22DEFAULT%22%2C%22ip%22%3A%22192.168.1.5%22%2C%22metadata%22%3A%7B%22preserved.register.source%22%3A%22SPRING_CLOUD%22%7D%2C%22period%22%3A5000%2C%22port%22%3A8521%2C%22scheduled%22%3Afalse%2C%22serviceName%22%3A%22DEFAULT_GROUP%40%40cloud-sentinel-outfter%22%2C%22stopped%22%3Afalse%2C%22weight%22%3A1.0%7D&serviceName=DEFAULT_GROUP%40%40cloud-sentinel-outfter&encoding=UTF-8&namespaceId=public HTTP/1.1" 200 38 3 Nacos-Java-Client:v1.1.1
127.0.0.1 - - [18/Apr/2020:20:40:34 +0800] "POST /nacos/v1/ns/instance?groupName=DEFAULT_GROUP&metadata=%7B%22preserved.register.source%22%3A%22SPRING_CLOUD%22%7D&namespaceId=public&port=8521&enable=true&healthy=true&clusterName=DEFAULT&ip=192.168.1.5&weight=1.0&ephemeral=true&serviceName=DEFAULT_GROUP%40%40cloud-sentinel-outfter&encoding=UTF-8 HTTP/1.1" 200 2 3 Nacos-Java-Client:v1.1.1
192.168.1.5 - - [18/Apr/2020:20:40:34 +0800] "GET /nacos/v1/cs/health HTTP/1.1" 200 2 2 Apache-HttpAsyncClient/4.1.3 (Java/1.8.0_45)
127.0.0.1 - - [18/Apr/2020:20:40:34 +0800] "GET /nacos/v1/cs/configs?dataId=cloud-sentinel-outfter&group=DEFAULT_GROUP HTTP/1.1" 200 230 5 Java/1.8.0_45
127.0.0.1 - - [18/Apr/2020:20:40:34 +0800] "GET /nacos/v1/ns/service/list?pageSize=2147483647&groupName=DEFAULT_GROUP&encoding=UTF-8&namespaceId=public&pageNo=1 HTTP/1.1" 200 56 2 Nacos-Java-Client:v1.1.1
